[Start] effFix started at 2026-01-21 02:28:15.200582
<function title at 0x731b2f849ee0>
Displaying Configurations
Loading dependency tools
Analyzing Program for Repair
Checking whether Infer detected the target bug
Target bug is: NULLPTR_DEREFERENCE, src/lxc/af_unix.c, lxc_abstract_unix_send_credential, 235, 238
Performing fix localization
Result from ochiai: [(226, 0.8944271909999159), (221, 0.4472135954999579), (223, 0.4472135954999579), (227, 0.4472135954999579), (228, 0.4472135954999579), (229, 0.4472135954999579), (231, 0.4472135954999579), (232, 0.4472135954999579), (234, 0.4472135954999579), (235, 0.4472135954999579), (237, 0.4472135954999579), (238, 0.4472135954999579), (239, 0.0), (240, 0.0), (241, 0.0), (243, 0.0), (244, 0.0), (246, 0.0), (247, 0.0), (248, 0.0), (249, 0.0), (251, 0.0), (252, 0.0)]
Locations allowed (by considering trace start and trace end): {237, 238}
Final locations: [237, 238]
[Timer] Duration for localize: 37.311s
Target bug signature: PatchSignature: [
	DisjunctSignature: label: <AbortProgram, 235, 238>, 
		allocated: frozenset(), 
		deallocated: frozenset(), 
		return_formula: True, 
		formula: True,
	DisjunctSignature: label: <ISLLatentMemoryError, 0, 0>, 
		allocated: frozenset(), 
		deallocated: frozenset(), 
		return_formula: True, 
		formula: True,
	DisjunctSignature: label: <Ok, 0, 0>, 
		allocated: frozenset(), 
		deallocated: frozenset(), 
		return_formula: True, 
		formula: (data = 0),
	DisjunctSignature: label: <Ok, 0, 0>, 
		allocated: frozenset(), 
		deallocated: frozenset(), 
		return_formula: True, 
		formula: (! (data = 0)),
]
[Codeql] Running patch ingredient (return stmts) query
Return statements: ['return 0;', 'return call to sendmsg;']
[Timer] Duration for codeql-get-return-stmts: 16.210s
[Codeql] Running patch ingredient (labels) query
Labels: []
[Timer] Duration for codeql-get-labels: 14.049s
[Timer] Duration for analysis: 67.843s
Repairing Program at location: 237
Loc 237: Getting patch ingredients at fix location
Loc 237: [Codeql] Running statement boundary query
Statement at fix location ends at line 237
[Timer] Duration for codeql-get-stmt-boundary: 13.642s
Loc 237: [Codeql] Running patch ingredient (variable) query
Loc 237: Pointer variables: ['& ...->msg_control', 'cmsg', 'msg.msg_control']
Loc 237: Non-pointer variables: ['msg.msg_controllen', '& ...->msg_controllen']
[Timer] Duration for codeql-get-ingredients-variables: 45.634s
Loc 237: [Codeql] Running patch ingredient (constants) query
Loc 237: Constants: ['-1', '0']
[Timer] Duration for codeql-get-consts: 21.727s
Loc 237: Initializing Patch Generator and Cluster Manager
Loc 237: Entering the main repair loop
Loc 237: Total search space size: 102565925167041104264944118027782191793319508967779696096379285128187070142669922937424272874808318881976653164104978846474127605054019914866060
Loc 237: Ending repair loop since time budget is exceeded
Loc 237: Repair loop finished
Repairing Program at location: 238
Loc 238: Getting patch ingredients at fix location
Loc 238: [Codeql] Running statement boundary query
Statement at fix location ends at line 238
[Timer] Duration for codeql-get-stmt-boundary: 13.649s
Loc 238: [Codeql] Running patch ingredient (variable) query
Loc 238: Pointer variables: ['& ...->msg_control', 'cmsg', 'msg.msg_control']
Loc 238: Non-pointer variables: ['msg.msg_controllen', '& ...->msg_controllen', 'cmsg->cmsg_len']
[Timer] Duration for codeql-get-ingredients-variables: 42.539s
Loc 238: [Codeql] Running patch ingredient (constants) query
Loc 238: Constants: ['-1', '0', '1']
[Timer] Duration for codeql-get-consts: 22.656s
Loc 238: Initializing Patch Generator and Cluster Manager
Loc 238: Entering the main repair loop
Loc 238: Total search space size: 861132200499442452838883500105957745884219390945428548859394345958714207510033433828449447421813405887370084649629765994427224617624686191187239833432750258269169151454253574923258824
Loc 238: Ending repair loop since time budget is exceeded
Loc 238: Repair loop finished
[Timer] Accumulated duration for patch-generation: 3.928s
[Timer] Average duration for patch-generation: 0.00102s
Finalizing and exiting tool
[Timer] Duration for total-run-time: 600.078s
