[Start] effFix started at 2024-03-18 06:56:53.417632
[Mon Mar 18 06:56:53 2024][INFO]: <function title at 0x7ffff7774f70>
[Mon Mar 18 06:56:53 2024][INFO]: Displaying Configurations
[Mon Mar 18 06:56:53 2024][CONFIGURATION]: src_dir:/effFix-experiment/effFix-benchmark/openssl-3/null-ptr-8-openssl-3/src
[Mon Mar 18 06:56:53 2024][CONFIGURATION]: build_command_project:make -j32
[Mon Mar 18 06:56:53 2024][CONFIGURATION]: build_command_repair:make -j32 build_tests
[Mon Mar 18 06:56:53 2024][CONFIGURATION]: clean_command:make clean
[Mon Mar 18 06:56:53 2024][CONFIGURATION]: config_command:CC=gcc ./config
[Mon Mar 18 06:56:53 2024][CONFIGURATION]: tag_id:null-ptr-8-openssl-3
[Mon Mar 18 06:56:53 2024][CONFIGURATION]: bug_type:NULLPTR_DEREFERENCE
[Mon Mar 18 06:56:53 2024][CONFIGURATION]: bug_procedure:init_object
[Mon Mar 18 06:56:53 2024][CONFIGURATION]: bug_file:test/params_test.c
[Mon Mar 18 06:56:53 2024][CONFIGURATION]: bug_start_line:100
[Mon Mar 18 06:56:53 2024][CONFIGURATION]: bug_end_line:102
[Mon Mar 18 06:56:53 2024][INFO]: Loading dependency tools
[Mon Mar 18 06:56:53 2024][INFO]: Pre-analyzing Program
[Mon Mar 18 06:56:53 2024][INFO]: Configuring Target Program
[Mon Mar 18 06:56:53 2024][COMMAND]: CC=gcc ./config
[Mon Mar 18 06:56:56 2024][INFO]: [Timer] Duration for config: 3.171s
[Mon Mar 18 06:56:56 2024][INFO]: Generating codeql database for target program
[Mon Mar 18 06:56:56 2024][COMMAND]: make clean
[Mon Mar 18 06:56:56 2024][COMMAND]: codeql database create /effFix-experiment/effFix-benchmark/openssl-3/null-ptr-8-openssl-3/pre/codeql-db --language=cpp --threads=32 --command="make -j32"
[Mon Mar 18 06:57:58 2024][INFO]: [Timer] Duration for codeql-build-db: 61.934s
[Mon Mar 18 06:57:58 2024][INFO]: Running Infer on Whole Program
[Mon Mar 18 06:57:58 2024][COMMAND]: make clean
[Mon Mar 18 06:58:01 2024][COMMAND]: /opt/infer/infer/bin/infer --pulse-only --jobs 16 --pulse-max-disjuncts 50 --pulse-model-malloc-pattern CRYPTO_malloc --pulse-model-free-pattern CRYPTO_free --pulse-model-realloc-pattern CRYPTO_realloc --pulse-skip-procedures 'test_single_eval\\|openssl_add_all_*' -o /effFix-experiment/effFix-benchmark/openssl-3/null-ptr-8-openssl-3/pre/infer-out-whole -- make -j32
[Mon Mar 18 08:05:08 2024][INFO]: [Timer] Duration for infer-detect: 4029.913s
[Mon Mar 18 08:05:08 2024][INFO]: [Timer] Duration for pre-analysis: 4095.020s
[Mon Mar 18 08:05:08 2024][INFO]: Finalizing and exiting tool
[Mon Mar 18 08:05:08 2024][INFO]: [Timer] Duration for total-run-time: 4095.021s
[Mon Mar 18 08:05:08 2024][LOG]: Run time statistics:
-----------------------
[Mon Mar 18 08:05:08 2024][LOG]: effFix (Stage: pre) finished successfully after 4095.021 seconds
[Mon Mar 18 08:05:08 2024][LOG]: Time duration
----------------------
[Mon Mar 18 08:05:08 2024][LOG]: effFix (Stage: pre) finished successfully after 4095.021 seconds
[Mon Mar 18 08:05:08 2024][END] effFix ended at  2024-03-18 08:05:08.438298

