Capturing in make/cc mode...
Found 57 source files to analyze in /opt/effFix-benchmark/x264/null-ptr-1-x264/pre/infer-out-whole
autocomplete.c starting
filters/video/select_every.c starting
common/vlc.c starting
filters/video/internal.c starting
output/matroska.c starting
encoder/lookahead.c starting
common/pixel.c starting
common/macroblock.c starting
filters/video/fix_vfr_pts.c starting
filters/video/resize.c starting
input/raw.c starting
common/opencl.c starting
encoder/macroblock.c starting
common/set.c starting
common/quant.c starting
encoder/ratecontrol.c starting
encoder/cabac.c starting
common/frame.c starting
output/flv.c starting
input/avs.c starting
filters/video/source.c starting
common/bitstream.c starting
common/base.c starting
common/predict.c starting
filters/video/crop.c starting
input/y4m.c starting
filters/video/video.c starting
encoder/encoder.c starting
input/thread.c starting
output/flv_bytestream.c starting
common/cpu.c starting
filters/video/depth.c starting
filters/video/source.c DONE
encoder/api.c starting
common/vlc.c DONE
encoder/me.c starting
filters/video/resize.c DONE
common/deblock.c starting
filters/video/video.c DONE
filters/video/cache.c starting
filters/video/internal.c DONE
encoder/analyse.c starting
filters/video/select_every.c DONE
common/mc.c starting
common/cpu.c DONE
input/timecode.c starting
filters/video/fix_vfr_pts.c DONE
filters/filters.c starting
filters/video/cache.c DONE
common/mvpred.c starting
filters/filters.c DONE
x264.c starting
input/y4m.c DONE
input/input.c starting
output/flv_bytestream.c DONE
filters/video/crop.c DONE
common/cabac.c starting
common/x86/predict-c.c starting
common/set.c DONE
common/rectangle.c starting
input/raw.c DONE
common/osdep.c starting
output/flv.c DONE
encoder/set.c starting
input/input.c DONE
Skipped large procedure (__infer_globals_initializer_x264_opencl_source, size:74843) in pulse.
common/opencl.c DONE
common/x86/mc-c.c starting
encoder/cavlc.c starting
autocomplete.c DONE
output/raw.c starting
encoder/api.c DONE
common/tables.c starting
input/timecode.c DONE
common/common.c starting
common/osdep.c DONE
encoder/slicetype-cl.c starting
input/thread.c DONE
output/matroska_ebml.c starting
output/raw.c DONE
input/avs.c DONE
common/dct.c starting
common/common.c DONE
common/threadpool.c starting
common/bitstream.c DONE
filters/video/depth.c DONE
common/rectangle.c DONE
common/x86/predict-c.c DONE
output/matroska.c DONE
output/matroska_ebml.c DONE
common/threadpool.c DONE
common/tables.c DONE
common/dct.c DONE
common/quant.c DONE
common/cabac.c DONE
common/x86/mc-c.c DONE
common/predict.c DONE
common/base.c DONE
common/frame.c DONE
encoder/lookahead.c DONE
common/mc.c DONE
common/mvpred.c DONE
common/pixel.c DONE
common/deblock.c DONE
encoder/slicetype-cl.c DONE
x264.c DONE
encoder/cavlc.c DONE
encoder/cabac.c DONE
encoder/macroblock.c DONE
common/macroblock.c DONE
encoder/ratecontrol.c DONE
encoder/set.c DONE
encoder/analyse.c DONE
encoder/encoder.c DONE
encoder/me.c DONE
