[2026-01-21 06:07:39] This is codeql execute queries -J-Xmx2388M --off-heap-ram=2388 --verbosity=progress --logdir=/effFix-experiment/effFix-benchmark/lxc/null-ptr-9-lxc/pre/codeql-db/log --evaluator-log-level=5 --warnings=show --qlconfig-file=/effFix-experiment/effFix-benchmark/lxc/null-ptr-9-lxc/repair/codeql-queries/qlconfig.yml --rerun --output=/effFix-experiment/effFix-benchmark/lxc/null-ptr-9-lxc/pre/codeql-db/results -- /effFix-experiment/effFix-benchmark/lxc/null-ptr-9-lxc/pre/codeql-db/db-cpp /effFix-experiment/effFix-benchmark/lxc/null-ptr-9-lxc/repair/codeql-queries/return_stmts.ql
[2026-01-21 06:07:39] Calling plumbing command: codeql resolve queries --qlconfig-file=/effFix-experiment/effFix-benchmark/lxc/null-ptr-9-lxc/repair/codeql-queries/qlconfig.yml --format=json -- /effFix-experiment/effFix-benchmark/lxc/null-ptr-9-lxc/repair/codeql-queries/return_stmts.ql
[2026-01-21 06:07:39] [PROGRESS] resolve queries> Recording pack reference efffix/codeql-cpp-queries at /effFix-experiment/effFix-benchmark/lxc/null-ptr-9-lxc/repair/codeql-queries.
[2026-01-21 06:07:39] Plumbing command codeql resolve queries completed:
                      [
                        "/effFix-experiment/effFix-benchmark/lxc/null-ptr-9-lxc/repair/codeql-queries/return_stmts.ql"
                      ]
[2026-01-21 06:07:39] Refusing fancy output: The terminal is not an xterm: 
[2026-01-21 06:07:39] Creating executor with 1 threads.
[2026-01-21 06:07:40] Calling plumbing command: codeql resolve extensions --qlconfig-file=/effFix-experiment/effFix-benchmark/lxc/null-ptr-9-lxc/repair/codeql-queries/qlconfig.yml /effFix-experiment/effFix-benchmark/lxc/null-ptr-9-lxc/repair/codeql-queries/return_stmts.ql
[2026-01-21 06:07:40] Calling plumbing command: codeql resolve queries --qlconfig-file=/effFix-experiment/effFix-benchmark/lxc/null-ptr-9-lxc/repair/codeql-queries/qlconfig.yml --format startingpacks -- /effFix-experiment/effFix-benchmark/lxc/null-ptr-9-lxc/repair/codeql-queries/return_stmts.ql
[2026-01-21 06:07:40] [PROGRESS] resolve queries> Recording pack reference efffix/codeql-cpp-queries at /effFix-experiment/effFix-benchmark/lxc/null-ptr-9-lxc/repair/codeql-queries.
[2026-01-21 06:07:40] Plumbing command codeql resolve queries completed:
                      [
                        "/effFix-experiment/effFix-benchmark/lxc/null-ptr-9-lxc/repair/codeql-queries"
                      ]
[2026-01-21 06:07:41] Plumbing command codeql resolve extensions completed:
                      {
                        "models" : [ ],
                        "data" : { }
                      }
[2026-01-21 06:07:41] [DETAILS] execute queries> Did not find any ML models.
[2026-01-21 06:07:41] Calling plumbing command: codeql resolve library-path --qlconfig-file=/effFix-experiment/effFix-benchmark/lxc/null-ptr-9-lxc/repair/codeql-queries/qlconfig.yml --query=/effFix-experiment/effFix-benchmark/lxc/null-ptr-9-lxc/repair/codeql-queries/return_stmts.ql --format=json
[2026-01-21 06:07:41] [DETAILS] resolve library-path> Resolving query at normalized path /effFix-experiment/effFix-benchmark/lxc/null-ptr-9-lxc/repair/codeql-queries/return_stmts.ql.
[2026-01-21 06:07:41] [DETAILS] resolve library-path> Found enclosing pack 'efffix/codeql-cpp-queries' at /effFix-experiment/effFix-benchmark/lxc/null-ptr-9-lxc/repair/codeql-queries.
[2026-01-21 06:07:41] [DETAILS] resolve library-path> Adding compilation cache at /effFix-experiment/effFix-benchmark/lxc/null-ptr-9-lxc/repair/codeql-queries/.cache.
[2026-01-21 06:07:41] [DETAILS] resolve library-path> Resolving library dependencies from /effFix-experiment/effFix-benchmark/lxc/null-ptr-9-lxc/repair/codeql-queries/qlpack.yml.
[2026-01-21 06:07:41] [DETAILS] resolve library-path> QL pack dependencies for /effFix-experiment/effFix-benchmark/lxc/null-ptr-9-lxc/repair/codeql-queries resolved OK.
[2026-01-21 06:07:41] [DETAILS] resolve library-path> Found dbscheme through QL packs: /root/.codeql/packages/codeql/cpp-all/0.6.0/semmlecode.cpp.dbscheme.
[2026-01-21 06:07:41] Plumbing command codeql resolve library-path completed:
                      {
                        "libraryPath" : [
                          "/effFix-experiment/effFix-benchmark/lxc/null-ptr-9-lxc/repair/codeql-queries",
                          "/root/.codeql/packages/codeql/cpp-all/0.6.0",
                          "/root/.codeql/packages/codeql/ssa/0.0.13",
                          "/root/.codeql/packages/codeql/tutorial/0.0.6"
                        ],
                        "dbscheme" : "/root/.codeql/packages/codeql/cpp-all/0.6.0/semmlecode.cpp.dbscheme",
                        "compilationCache" : [
                          "/effFix-experiment/effFix-benchmark/lxc/null-ptr-9-lxc/repair/codeql-queries/.cache"
                        ],
                        "relativeName" : "efffix/codeql-cpp-queries/return_stmts.ql",
                        "qlPackName" : "efffix/codeql-cpp-queries"
                      }
[2026-01-21 06:07:41] [PROGRESS] execute queries> Compiling query plan for /effFix-experiment/effFix-benchmark/lxc/null-ptr-9-lxc/repair/codeql-queries/return_stmts.ql.
[2026-01-21 06:07:41] [DETAILS] execute queries> Resolving imports for /effFix-experiment/effFix-benchmark/lxc/null-ptr-9-lxc/repair/codeql-queries/return_stmts.ql.
[2026-01-21 06:07:42] Resolved file set for /effFix-experiment/effFix-benchmark/lxc/null-ptr-9-lxc/repair/codeql-queries/return_stmts.ql hashes to 8444bbede81d51a20fc7a235538714292869a8bf.
[2026-01-21 06:07:42] [DETAILS] execute queries> Checking QL for /effFix-experiment/effFix-benchmark/lxc/null-ptr-9-lxc/repair/codeql-queries/return_stmts.ql.
[2026-01-21 06:07:42] ExternalModuleBindingPass ...
[2026-01-21 06:07:43] ExternalModuleBindingPass time: 00:00.769
[2026-01-21 06:07:43] QLPredicateSynthesiser ...
[2026-01-21 06:07:43] QLPredicateSynthesiser time: 00:00.016
[2026-01-21 06:07:43] DeclarationBindingPass ...
[2026-01-21 06:07:43] DeclarationBindingPass time: 00:00.052
[2026-01-21 06:07:43] Fixed point time ...
[2026-01-21 06:07:43] Fixed point time time: 00:00.583
[2026-01-21 06:07:43] ReferenceBindingPass ...
[2026-01-21 06:07:43] ReferenceBindingPass time: 00:00.047
[2026-01-21 06:07:43] PopulateInstantiationMapPass ...
[2026-01-21 06:07:44] PopulateInstantiationMapPass time: 00:00.238
[2026-01-21 06:07:44] ReferenceBindingCheck ...
[2026-01-21 06:07:44] ReferenceBindingCheck time: 00:00.043
[2026-01-21 06:07:44] PredicateBodyBindingPass ...
[2026-01-21 06:07:44] PredicateBodyBindingPass time: 00:00.253
[2026-01-21 06:07:44] LanguagePragmaPropagationPass ...
[2026-01-21 06:07:44] LanguagePragmaPropagationPass time: 00:00.012
[2026-01-21 06:07:44] Ambiguity checks ...
[2026-01-21 06:07:44] Ambiguity checks time: 00:00.051
[2026-01-21 06:07:44] Ql checks ...
[2026-01-21 06:07:45] Ql checks time: 00:01.031
[2026-01-21 06:07:46] Compilation pipeline
[2026-01-21 06:07:46] Type Inference ...
[2026-01-21 06:07:46] CSV_TYPE_HIERARCHY: Best number of iterations,Maximum number of runs,Number of BDD variables,Size of BDD for typefacts
[2026-01-21 06:07:46] CSV_TYPE_HIERARCHY: 0,0,12,12
[2026-01-21 06:07:46] CSV_TYPE_HIERARCHY: 0,0,0,0
[2026-01-21 06:07:46] CSV_TYPE_HIERARCHY: 0,0,8,8
[2026-01-21 06:07:46] CSV_TYPE_HIERARCHY: 0,0,0,0
[2026-01-21 06:07:46] CSV_TYPE_HIERARCHY: 0,0,0,0
[2026-01-21 06:07:47] CSV_TYPE_HIERARCHY: 0,0,812,1829
[2026-01-21 06:07:47] CSV_TYPE_HIERARCHY: 0,0,2,2
[2026-01-21 06:07:47] CSV_TYPE_HIERARCHY: 0,0,2,2
[2026-01-21 06:07:47] CSV_TYPE_HIERARCHY: 0,0,3,3
[2026-01-21 06:07:47] CSV_TYPE_HIERARCHY: 0,0,4,4
[2026-01-21 06:07:47] CSV_TYPE_HIERARCHY: 0,0,7,7
[2026-01-21 06:07:47] CSV_TYPE_HIERARCHY: 0,0,5,5
[2026-01-21 06:07:47] Type Inference time: 00:01.260
[2026-01-21 06:07:48] [WARN] execute queries> WARNING: Unused variable selected_func (/effFix-experiment/effFix-benchmark/lxc/null-ptr-9-lxc/repair/codeql-queries/return_stmts.ql:84,34-47)
[2026-01-21 06:07:48] [WARN] execute queries> WARNING: Unused predicate func_in_same_file_as_target (/effFix-experiment/effFix-benchmark/lxc/null-ptr-9-lxc/repair/codeql-queries/return_stmts.ql:18,11-38)
[2026-01-21 06:07:48] [WARN] execute queries> WARNING: Unused predicate func_not_target_func (/effFix-experiment/effFix-benchmark/lxc/null-ptr-9-lxc/repair/codeql-queries/return_stmts.ql:26,11-31)
[2026-01-21 06:07:48] [WARN] execute queries> WARNING: Unused predicate func_has_return_type (/effFix-experiment/effFix-benchmark/lxc/null-ptr-9-lxc/repair/codeql-queries/return_stmts.ql:28,11-31)
[2026-01-21 06:07:48] [WARN] execute queries> WARNING: Unused predicate rs_in_func_and_has_type (/effFix-experiment/effFix-benchmark/lxc/null-ptr-9-lxc/repair/codeql-queries/return_stmts.ql:33,11-34)
[2026-01-21 06:07:48] [WARN] execute queries> WARNING: Unused predicate is_returning_constant (/effFix-experiment/effFix-benchmark/lxc/null-ptr-9-lxc/repair/codeql-queries/return_stmts.ql:45,11-32)
[2026-01-21 06:07:48] [WARN] execute queries> WARNING: Unused predicate print_rs_const (/effFix-experiment/effFix-benchmark/lxc/null-ptr-9-lxc/repair/codeql-queries/return_stmts.ql:56,8-22)
[2026-01-21 06:07:48] [DETAILS] execute queries> Optimizing /effFix-experiment/effFix-benchmark/lxc/null-ptr-9-lxc/repair/codeql-queries/return_stmts.ql.
[2026-01-21 06:07:48] Processing compilation pipeline
[2026-01-21 06:07:48] Started compiling a query
[2026-01-21 06:07:48] Initialising compiler...
[2026-01-21 06:07:48] 	 ... compiler initialised
[2026-01-21 06:07:48] About to start query optimisation
[2026-01-21 06:07:48] Compilation cache miss for e857d39a671865276f4951a3f72dbfa8a6874297.
[2026-01-21 06:07:48] Stored compiled program for e857d39a671865276f4951a3f72dbfa8a6874297.
[2026-01-21 06:07:48] Compilation cache miss for a8676a4b0a2fdbb647289c783712fc431431e690.
[2026-01-21 06:07:49] Stored compiled program for a8676a4b0a2fdbb647289c783712fc431431e690.
[2026-01-21 06:07:49] Compilation cache miss for 37d9f17a628b084f51b6e9266ef33d2efaf79eb0.
[2026-01-21 06:07:49] Stored compiled program for 37d9f17a628b084f51b6e9266ef33d2efaf79eb0.
[2026-01-21 06:07:49] Compilation cache miss for 6f0d1d1653b8de447f97f5f6a4762b176ec76f0b.
[2026-01-21 06:07:49] Stored compiled program for 6f0d1d1653b8de447f97f5f6a4762b176ec76f0b.
[2026-01-21 06:07:49] Compilation cache miss for 077e6622a81d02806ea1148cee10d40b0b1a85e5.
[2026-01-21 06:07:50] Stored compiled program for 077e6622a81d02806ea1148cee10d40b0b1a85e5.
[2026-01-21 06:07:50] Compilation cache miss for 05861ff14084e62ed9fe554dd056eef9ef8eac50.
[2026-01-21 06:07:52] Stored compiled program for 05861ff14084e62ed9fe554dd056eef9ef8eac50.
[2026-01-21 06:07:53] Compilation cache miss for 77a27fcd058e9534424ca5c816e2df3ac5945f31.
[2026-01-21 06:07:53] Stored compiled program for 77a27fcd058e9534424ca5c816e2df3ac5945f31.
[2026-01-21 06:07:53] Compilation cache miss for 11ea20154e6f6e18c921a02fe96eb8e7f02a9f60.
[2026-01-21 06:07:53] Stored compiled program for 11ea20154e6f6e18c921a02fe96eb8e7f02a9f60.
[2026-01-21 06:07:53] Compilation cache miss for 3c45db15f38820205c0d76afbef756efb52d84c3.
[2026-01-21 06:07:53] Stored compiled program for 3c45db15f38820205c0d76afbef756efb52d84c3.
[2026-01-21 06:07:53] Compilation cache miss for 1ac9ee866269db51e15f9471900c790ae4adc479.
[2026-01-21 06:07:54] Stored compiled program for 1ac9ee866269db51e15f9471900c790ae4adc479.
[2026-01-21 06:07:54] CSV_COMPILATION: NONE,MISC,RA_TRANSLATION,OPTIMISATIONS
[2026-01-21 06:07:54] CSV_COMPILATION: 425,282,408,4565
[2026-01-21 06:07:54] [SPAMMY] execute queries> No database upgrade/downgrade needed for /effFix-experiment/effFix-benchmark/lxc/null-ptr-9-lxc/repair/codeql-queries/return_stmts.ql
[2026-01-21 06:07:54] [PROGRESS] execute queries> [1/1 comp 12.4s] Compiled /effFix-experiment/effFix-benchmark/lxc/null-ptr-9-lxc/repair/codeql-queries/return_stmts.ql.
[2026-01-21 06:07:54] [PROGRESS] execute queries> Starting evaluation of efffix/codeql-cpp-queries/return_stmts.ql.
[2026-01-21 06:07:54] Starting evaluation of /effFix-experiment/effFix-benchmark/lxc/null-ptr-9-lxc/repair/codeql-queries/return_stmts.ql
[2026-01-21 06:07:54] (0s) Start query execution
[2026-01-21 06:07:54] (0s) Beginning execution of return_stmts.ql
[2026-01-21 06:07:54] (0s)  >>> Created relation stmts/3@a84928ns with 46321 rows and digest 84662ba0kpag29n61mv928nqua5.
[2026-01-21 06:07:54] (0s)  >>> Created relation function_return_type/2@ff3133ql with 3371 rows and digest 5c25d99ads7s1g139killbjari8.
[2026-01-21 06:07:54] (0s)  >>> Created relation functions/3@d341e4il with 3368 rows and digest d763e6003o1s1eu8f15cilossvc.
[2026-01-21 06:07:54] (0s) Starting to evaluate predicate functions_10#join_rhs/2@e0e993ei
[2026-01-21 06:07:54] (0s)  >>> Created relation functions_10#join_rhs/2@e0e993ei with 3368 rows and digest 7697024tk0rhojhkvjc5f5d1el7.
[2026-01-21 06:07:54] (0s)  >>> Created relation usertypes/3@fc89fbdn with 877 rows and digest 1025115flgmi9ea2mkfoii5hsd2.
[2026-01-21 06:07:54] (0s) Starting to evaluate predicate usertypes_0#antijoin_rhs/1@55faa2pt
[2026-01-21 06:07:54] (0s)  >>> Created relation usertypes_0#antijoin_rhs/1@55faa2pt with 877 rows and digest b3cb89q75epq9e6o9selmj5fcd8.
[2026-01-21 06:07:54] (0s) Starting to evaluate predicate Function#65d29029::Function::getType#0#dispred#bf/2@d6476ei2
[2026-01-21 06:07:54] (0s)  >>> Created relation Function#65d29029::Function::getType#0#dispred#bf/2@d6476ei2 with 2 rows and digest 164645jf4gnkqps6gp62se5uh92.
[2026-01-21 06:07:54] (0s)  >>> Created relation unspecifiedtype/2@9a080c21 with 3522 rows and digest b72991f4uv5jqhib0jpo1uqibsa.
[2026-01-21 06:07:54] (0s) Starting to evaluate predicate Type#2e8eb3ef::Type::getUnspecifiedType#ff/2@fceaddtq
[2026-01-21 06:07:54] (0s)  >>> Created relation Type#2e8eb3ef::Type::getUnspecifiedType#ff/2@fceaddtq with 3508 rows and digest 97987e95rrhui1p12396ma9o062.
[2026-01-21 06:07:54] (0s)  >>> Created relation builtintypes/6@2962f845 with 49 rows and digest aae0f9cuivp3nu8128ovg8a6ind.
[2026-01-21 06:07:54] (0s)  >>> Created relation derivedtypes/4@9a859baf with 1829 rows and digest 95df3af9qci93cjch5fe7p73ijd.
[2026-01-21 06:07:54] (0s)  >>> Created relation fun_decls/5@12c32ffk with 4779 rows and digest dcbd490fre2c3i67tga1gtjn5ca.
[2026-01-21 06:07:54] (0s) Starting to evaluate predicate Enclosing#c50c5fbf::stmtEnclosingElement#1#ff_10#join_rhs/2@6a8e73gl
[2026-01-21 06:07:54] (0s)  >>> Created relation Enclosing#c50c5fbf::stmtEnclosingElement#1#ff_10#join_rhs/2@6a8e73gl with 46321 rows and digest 31d3a1e700oa544jlsk7q8puia4.
[2026-01-21 06:07:54] (0s) Starting to evaluate predicate return_stmts#530fe3ee::rs_in_target_func#2#fb/2@69107e74
[2026-01-21 06:07:54] (0s)  >>> Created relation return_stmts#530fe3ee::rs_in_target_func#2#fb/2@69107e74 with 1 rows and digest 76c2f8qok4lv55h76lgfom7ej85.
[2026-01-21 06:07:54] (0s) Starting to evaluate predicate return_stmts#530fe3ee::rs_in_target_func#2#fb_10#join_rhs/2@4a7850bf
[2026-01-21 06:07:54] (0s)  >>> Created relation return_stmts#530fe3ee::rs_in_target_func#2#fb_10#join_rhs/2@4a7850bf with 1 rows and digest 143457t1evn7p2fi4otbck96ve1.
[2026-01-21 06:07:54] (0s) Starting to evaluate predicate m#return_stmts#530fe3ee::print_rs#1#bf/1@daeb2e9a
[2026-01-21 06:07:54] (0s)  >>> Created relation m#return_stmts#530fe3ee::print_rs#1#bf/1@daeb2e9a with 1 rows and digest 155fdbmue59b5rmescd898q8vee.
[2026-01-21 06:07:54] (0s)  >>> Created relation exprparents/3@a532c646 with 130825 rows and digest 10be3c9716e9528t5g2fk84a7hd.
[2026-01-21 06:07:54] (0s) Starting to evaluate predicate derivedtypes_02#join_rhs/2@5bc327kb
[2026-01-21 06:07:54] (0s)  >>> Created relation derivedtypes_02#join_rhs/2@5bc327kb with 1829 rows and digest 4f8191i2b93u0ceg76hm4suqou7.
[2026-01-21 06:07:54] (0s)  >>> Created relation function_instantiation/2@f3a65csb with 0 rows and digest THIS-RELATION-HAS-NO-TUPLES.
[2026-01-21 06:07:54] (0s) Inferred that Parameter#ed81dd8f::Parameter::getFunction#0#dispred#fb/2@740fe6lm is empty, due to function_instantiation/2@f3a65csb.
[2026-01-21 06:07:54] (0s) Inferred that project#function_instantiation/1@ebe3e69d is empty, due to function_instantiation/2@f3a65csb.
[2026-01-21 06:07:54] (0s) Inferred that function_instantiation_10#join_rhs/2@8c99c5m0 is empty, due to function_instantiation/2@f3a65csb.
[2026-01-21 06:07:54] (0s) Inferred that m#Declaration#4bfb53be::Declaration::getATemplateArgument#0#dispred#bf/1@45f123f1 is empty, due to function_instantiation/2@f3a65csb.
[2026-01-21 06:07:54] (0s) Inferred that Function#65d29029::TemplateFunction::getAnInstantiation#0#dispred#fb/2@53c2c8pr is empty, due to function_instantiation/2@f3a65csb.
[2026-01-21 06:07:54] (0s) Inferred that _function_instantiation_is_function_template#shared/2@d953ee6q is empty, due to function_instantiation/2@f3a65csb.
[2026-01-21 06:07:54] (0s) Inferred that _function_instantiation_is_function_template_m#Declaration#4bfb53be::Declaration::isMember#0#dispred__#shared/2@a266a92g is empty, due to function_instantiation/2@f3a65csb.
[2026-01-21 06:07:54] (0s) Inferred that _Parameter#ed81dd8f::Parameter#f_Parameter#ed81dd8f::Parameter::getFunction#0#dispred#fb_function_in__#antijoin_rhs/1@c60d54b9 is empty, due to Parameter#ed81dd8f::Parameter::getFunction#0#dispred#fb/2@740fe6lm.
[2026-01-21 06:07:54] (0s) Inferred that Function#65d29029::Function::getParameter#1#dispred#bff/3@282527bg is empty, due to project#function_instantiation/1@ebe3e69d.
[2026-01-21 06:07:54] (0s) Inferred that QualifiedName#6f5e0462::TemplateFunction::getAnInstantiation#0#dispred#ff/2@8f643550 is empty, due to function_instantiation_10#join_rhs/2@8c99c5m0.
[2026-01-21 06:07:54] (0s) Inferred that Declaration#4bfb53be::Declaration::getTemplateArgumentType#1#dispred#bff/3@1f7b66rs is empty, due to m#Declaration#4bfb53be::Declaration::getATemplateArgument#0#dispred#bf/1@45f123f1.
[2026-01-21 06:07:54] (0s) Inferred that Declaration#4bfb53be::Declaration::getTemplateArgumentValue#1#dispred#bff/3@0d06e023 is empty, due to m#Declaration#4bfb53be::Declaration::getATemplateArgument#0#dispred#bf/1@45f123f1.
[2026-01-21 06:07:54] (0s) Inferred that Declaration#4bfb53be::Declaration::getATemplateArgument#0#dispred#bf/2@3b4984kd is empty, due to m#Declaration#4bfb53be::Declaration::getATemplateArgument#0#dispred#bf/1@45f123f1.
[2026-01-21 06:07:54] (0s) Inferred that __function_instantiation_is_function_template#shared_fun_decls_10#join_rhs_fun_specialized_project#D__#antijoin_rhs/2@84328acn is empty, due to _function_instantiation_is_function_template#shared/2@d953ee6q.
[2026-01-21 06:07:54] (0s) Inferred that Function#65d29029::TemplateFunction::getAnInstantiation#0#dispred#ff/2@4ac406bf is empty, due to _function_instantiation_is_function_template#shared/2@d953ee6q.
[2026-01-21 06:07:54] (0s) Inferred that __function_instantiation_is_function_template_m#Declaration#4bfb53be::Declaration::isMember#0#dispre__#antijoin_rhs/2@b2c423eh is empty, due to _function_instantiation_is_function_template_m#Declaration#4bfb53be::Declaration::isMember#0#dispred__#shared/2@a266a92g.
[2026-01-21 06:07:54] (0s) Inferred that Function#65d29029::TemplateFunction::getAnInstantiation#0#dispred#fb/2@f4c95005 is empty, due to _function_instantiation_is_function_template_m#Declaration#4bfb53be::Declaration::isMember#0#dispred__#shared/2@a266a92g.
[2026-01-21 06:07:54] (0s) Inferred that project#Declaration#4bfb53be::Declaration::getTemplateArgumentValue#1#dispred#bff/2@0d8fa09i is empty, due to Declaration#4bfb53be::Declaration::getTemplateArgumentValue#1#dispred#bff/3@0d06e023.
[2026-01-21 06:07:54] (0s) Inferred that project#Declaration#4bfb53be::Declaration::getATemplateArgument#0#dispred#bf/1@5e55e1i6 is empty, due to Declaration#4bfb53be::Declaration::getATemplateArgument#0#dispred#bf/2@3b4984kd.
[2026-01-21 06:07:54] (0s) Inferred that Function#65d29029::TemplateFunction::getAnInstantiation#0#dispred#fb/2@6bafbfbb is empty, due to project#Declaration#4bfb53be::Declaration::getATemplateArgument#0#dispred#bf/1@5e55e1i6.
[2026-01-21 06:07:54] (0s)  >>> Created relation Parameter#ed81dd8f::Parameter::getFunction#0#dispred#fb/2@740fe6lm with 0 rows and digest THIS-RELATION-HAS-NO-TUPLES.
[2026-01-21 06:07:54] (0s)  >>> Created relation project#function_instantiation/1@ebe3e69d with 0 rows and digest THIS-RELATION-HAS-NO-TUPLES.
[2026-01-21 06:07:54] (0s)  >>> Created relation Function#65d29029::TemplateFunction::getAnInstantiation#0#dispred#ff/2@4ac406bf with 0 rows and digest THIS-RELATION-HAS-NO-TUPLES.
[2026-01-21 06:07:54] (0s)  >>> Created relation __function_instantiation_is_function_template_m#Declaration#4bfb53be::Declaration::isMember#0#dispre__#antijoin_rhs/2@b2c423eh with 0 rows and digest THIS-RELATION-HAS-NO-TUPLES.
[2026-01-21 06:07:54] (0s)  >>> Created relation Function#65d29029::TemplateFunction::getAnInstantiation#0#dispred#fb/2@f4c95005 with 0 rows and digest THIS-RELATION-HAS-NO-TUPLES.
[2026-01-21 06:07:54] (0s)  >>> Created relation project#Declaration#4bfb53be::Declaration::getTemplateArgumentValue#1#dispred#bff/2@0d8fa09i with 0 rows and digest THIS-RELATION-HAS-NO-TUPLES.
[2026-01-21 06:07:54] (0s)  >>> Created relation project#Declaration#4bfb53be::Declaration::getATemplateArgument#0#dispred#bf/1@5e55e1i6 with 0 rows and digest THIS-RELATION-HAS-NO-TUPLES.
[2026-01-21 06:07:54] (0s)  >>> Created relation __function_instantiation_is_function_template#shared_fun_decls_10#join_rhs_fun_specialized_project#D__#antijoin_rhs/2@84328acn with 0 rows and digest THIS-RELATION-HAS-NO-TUPLES.
[2026-01-21 06:07:54] (0s)  >>> Created relation Function#65d29029::TemplateFunction::getAnInstantiation#0#dispred#fb/2@6bafbfbb with 0 rows and digest THIS-RELATION-HAS-NO-TUPLES.
[2026-01-21 06:07:54] (0s)  >>> Created relation function_instantiation_10#join_rhs/2@8c99c5m0 with 0 rows and digest THIS-RELATION-HAS-NO-TUPLES.
[2026-01-21 06:07:54] (0s)  >>> Created relation m#Declaration#4bfb53be::Declaration::getATemplateArgument#0#dispred#bf/1@45f123f1 with 0 rows and digest THIS-RELATION-HAS-NO-TUPLES.
[2026-01-21 06:07:54] (0s)  >>> Created relation QualifiedName#6f5e0462::TemplateFunction::getAnInstantiation#0#dispred#ff/2@8f643550 with 0 rows and digest THIS-RELATION-HAS-NO-TUPLES.
[2026-01-21 06:07:54] (0s)  >>> Created relation Function#65d29029::TemplateFunction::getAnInstantiation#0#dispred#fb/2@53c2c8pr with 0 rows and digest THIS-RELATION-HAS-NO-TUPLES.
[2026-01-21 06:07:54] (0s)  >>> Created relation _function_instantiation_is_function_template#shared/2@d953ee6q with 0 rows and digest THIS-RELATION-HAS-NO-TUPLES.
[2026-01-21 06:07:54] (0s)  >>> Created relation _function_instantiation_is_function_template_m#Declaration#4bfb53be::Declaration::isMember#0#dispred__#shared/2@a266a92g with 0 rows and digest THIS-RELATION-HAS-NO-TUPLES.
[2026-01-21 06:07:54] (0s)  >>> Created relation _Parameter#ed81dd8f::Parameter#f_Parameter#ed81dd8f::Parameter::getFunction#0#dispred#fb_function_in__#antijoin_rhs/1@c60d54b9 with 0 rows and digest THIS-RELATION-HAS-NO-TUPLES.
[2026-01-21 06:07:54] (0s)  >>> Created relation Function#65d29029::Function::getParameter#1#dispred#bff/3@282527bg with 0 rows and digest THIS-RELATION-HAS-NO-TUPLES.
[2026-01-21 06:07:54] (0s)  >>> Created relation Declaration#4bfb53be::Declaration::getTemplateArgumentType#1#dispred#bff/3@1f7b66rs with 0 rows and digest THIS-RELATION-HAS-NO-TUPLES.
[2026-01-21 06:07:54] (0s)  >>> Created relation Declaration#4bfb53be::Declaration::getTemplateArgumentValue#1#dispred#bff/3@0d06e023 with 0 rows and digest THIS-RELATION-HAS-NO-TUPLES.
[2026-01-21 06:07:54] (0s)  >>> Created relation Declaration#4bfb53be::Declaration::getATemplateArgument#0#dispred#bf/2@3b4984kd with 0 rows and digest THIS-RELATION-HAS-NO-TUPLES.
[2026-01-21 06:07:54] (0s)  >>> Created relation fun_specialized/1@410236a6 with 0 rows and digest THIS-RELATION-HAS-NO-TUPLES.
[2026-01-21 06:07:54] (0s) Inferred that __is_function_template_project#function_template_argument#shared_fun_decls_10#join_rhs_fun_specializ__#antijoin_rhs/1@0854e692 is empty, due to fun_specialized/1@410236a6.
[2026-01-21 06:07:54] (0s) Inferred that _fun_decls_fun_specialized_project#Call#39248e3c::FunctionCall::getTarget#ff#antijoin_rhs/1@ec31339q is empty, due to fun_specialized/1@410236a6.
[2026-01-21 06:07:54] (0s) Inferred that Function#65d29029::Function::isSpecialization#0#dispred#f/1@7c6f0dqe is empty, due to fun_specialized/1@410236a6.
[2026-01-21 06:07:54] (0s) Inferred that _fun_decls_10#join_rhs_fun_specialized#antijoin_rhs/2@843f14l4 is empty, due to fun_specialized/1@410236a6.
[2026-01-21 06:07:54] (0s)  >>> Created relation __is_function_template_project#function_template_argument#shared_fun_decls_10#join_rhs_fun_specializ__#antijoin_rhs/1@0854e692 with 0 rows and digest THIS-RELATION-HAS-NO-TUPLES.
[2026-01-21 06:07:54] (0s)  >>> Created relation _fun_decls_fun_specialized_project#Call#39248e3c::FunctionCall::getTarget#ff#antijoin_rhs/1@ec31339q with 0 rows and digest THIS-RELATION-HAS-NO-TUPLES.
[2026-01-21 06:07:54] (0s)  >>> Created relation Function#65d29029::Function::isSpecialization#0#dispred#f/1@7c6f0dqe with 0 rows and digest THIS-RELATION-HAS-NO-TUPLES.
[2026-01-21 06:07:54] (0s)  >>> Created relation _fun_decls_10#join_rhs_fun_specialized#antijoin_rhs/2@843f14l4 with 0 rows and digest THIS-RELATION-HAS-NO-TUPLES.
[2026-01-21 06:07:54] (0s) Starting to evaluate predicate fun_decls_10#join_rhs/2@ce97a05a
[2026-01-21 06:07:54] (0s)  >>> Created relation fun_decls_10#join_rhs/2@ce97a05a with 4778 rows and digest da0766ep60mo6e972efq59gaop4.
[2026-01-21 06:07:54] (0s) Starting to evaluate predicate exprparents_120#join_rhs/3@50ca34dc
[2026-01-21 06:07:54] (0s)  >>> Created relation exprparents_120#join_rhs/3@50ca34dc with 130825 rows and digest 8b46aft1qpvhv7e1701q62in842.
[2026-01-21 06:07:54] (0s) Starting to evaluate predicate Stmt#af82e98b::ReturnStmt::getExpr#0#dispred#bf/2@9ef11fb5
[2026-01-21 06:07:54] (0s)  >>> Created relation Stmt#af82e98b::ReturnStmt::getExpr#0#dispred#bf/2@9ef11fb5 with 1 rows and digest 9d36c18mq8cpt9ajtav5ro9nmkf.
[2026-01-21 06:07:54] (0s) Starting to evaluate predicate _Stmt#af82e98b::ReturnStmt::getExpr#0#dispred#bf_m#return_stmts#530fe3ee::print_rs#1#bf#shared/2@97241e0m
[2026-01-21 06:07:54] (0s)  >>> Created relation _Stmt#af82e98b::ReturnStmt::getExpr#0#dispred#bf_m#return_stmts#530fe3ee::print_rs#1#bf#shared/2@97241e0m with 1 rows and digest 411521u5nqc4abj6a67q662hvg6.
[2026-01-21 06:07:54] (0s) Starting to evaluate predicate fun_decls_1#join_rhs/1@976541cp
[2026-01-21 06:07:54] (0s)  >>> Created relation fun_decls_1#join_rhs/1@976541cp with 3365 rows and digest 6253e3ihpf5jenqj6hp2rprh5r4.
[2026-01-21 06:07:54] (0s) Starting to evaluate predicate stmts_10#join_rhs/2@37b390k0
[2026-01-21 06:07:54] (0s)  >>> Created relation stmts_10#join_rhs/2@37b390k0 with 46321 rows and digest 667b0blvojp3tusllt610q1unn4.
[2026-01-21 06:07:54] (0s)  >>> Created relation files/2@bfcf0c84 with 413 rows and digest a1e902el37icja61ktd34snk3h0.
[2026-01-21 06:07:54] (0s) Starting to evaluate predicate _Expr#ef463c5d::Expr::isConstant#0#dispred#f__Stmt#af82e98b::ReturnStmt::getExpr#0#dispred#bf_m#retu__#antijoin_rhs/1@3ce4c9st
[2026-01-21 06:07:54] (0s)  >>> Created relation _Expr#ef463c5d::Expr::isConstant#0#dispred#f__Stmt#af82e98b::ReturnStmt::getExpr#0#dispred#bf_m#retu__#antijoin_rhs/1@3ce4c9st with 0 rows and digest THIS-RELATION-HAS-NO-TUPLES.
[2026-01-21 06:07:54] (0s) Starting to evaluate predicate project#Stmt#af82e98b::ReturnStmt::getExpr#0#dispred#bf/1@440970bk
[2026-01-21 06:07:54] (0s)  >>> Created relation project#Stmt#af82e98b::ReturnStmt::getExpr#0#dispred#bf/1@440970bk with 1 rows and digest 155fdbmue59b5rmescd898q8vee.
[2026-01-21 06:07:54] (0s) Starting to evaluate predicate Type#2e8eb3ef::PointerType#b/1@21c6d9mk
[2026-01-21 06:07:54] (0s)  >>> Created relation Type#2e8eb3ef::PointerType#b/1@21c6d9mk with 0 rows and digest THIS-RELATION-HAS-NO-TUPLES.
[2026-01-21 06:07:54] (0s) Starting to evaluate predicate functions_120#join_rhs/3@7b157dt9
[2026-01-21 06:07:54] (0s)  >>> Created relation functions_120#join_rhs/3@7b157dt9 with 3368 rows and digest 3044693n9e3iv9rmqcrlr4d15ea.
[2026-01-21 06:07:54] (0s)  >>> Created relation locations_default/6@8c8d0fsu with 59676 rows and digest e10bff1k29v5kq88lnhn3u4evv8.
[2026-01-21 06:07:54] (0s)  >>> Created relation locations_stmt/6@002559ts with 32906 rows and digest 6d6cd7gl9nj3apooo3mi4hhmr26.
[2026-01-21 06:07:54] (0s)  >>> Created relation locations_expr/6@3f68a5vv with 89952 rows and digest 360a3f1li78h2j6k3pm9uu016n5.
[2026-01-21 06:07:54] (0s) Starting to evaluate predicate Location#bd5c7591::Location::fullLocationInfo#5#dispred#ffffff/6@8add30bm
[2026-01-21 06:07:54] (0s)  >>> Created relation Location#bd5c7591::Location::fullLocationInfo#5#dispred#ffffff/6@8add30bm with 182534 rows and digest d54531htchin3q7stmaknikg58a.
[2026-01-21 06:07:54] (0s) Starting to evaluate predicate Location#bd5c7591::Location::getContainer#ff/2@f8ea80lh
[2026-01-21 06:07:54] (0s)  >>> Created relation Location#bd5c7591::Location::getContainer#ff/2@f8ea80lh with 182534 rows and digest a9607cdukdpo5nkeho11u72mv81.
[2026-01-21 06:07:54] (0s) Starting to evaluate predicate locations_default_23450#join_rhs/5@416a22uf
[2026-01-21 06:07:54] (0s)  >>> Created relation locations_default_23450#join_rhs/5@416a22uf with 59676 rows and digest 7da9f0a8hbut3qb62pvfho6b1a5.
[2026-01-21 06:07:54] (0s) Starting to evaluate predicate Function#65d29029::Function::declEntry#1#dispred#bf/2@a4402b1a
[2026-01-21 06:07:54] (0s)  >>> Created relation Function#65d29029::Function::declEntry#1#dispred#bf/2@a4402b1a with 4778 rows and digest da0766ep60mo6e972efq59gaop4.
[2026-01-21 06:07:54] (0s) Starting to evaluate predicate Function#65d29029::Function::getADeclarationEntry#0#dispred#bf/2@f4d46chf
[2026-01-21 06:07:54] (0s)  >>> Created relation Function#65d29029::Function::getADeclarationEntry#0#dispred#bf/2@f4d46chf with 4778 rows and digest fede4a0v89t1k5eng3n4ohefm56.
[2026-01-21 06:07:54] (0s)  >>> Created relation fun_def/1@760890qm with 2049 rows and digest 44a0cd30mmmfnf9i20if4qab9q6.
[2026-01-21 06:07:54] (0s) Starting to evaluate predicate Function#65d29029::Function::getDefinition#0#dispred#bf/2@32ea45au
[2026-01-21 06:07:54] (0s)  >>> Created relation Function#65d29029::Function::getDefinition#0#dispred#bf/2@32ea45au with 2049 rows and digest 4b55f56vfd3v4f89nv2e6udjkt6.
[2026-01-21 06:07:54] (0s) Starting to evaluate predicate Function#65d29029::Function::getDefinition#0#dispred#bf_0#antijoin_rhs/1@5c2b2518
[2026-01-21 06:07:54] (0s)  >>> Created relation Function#65d29029::Function::getDefinition#0#dispred#bf_0#antijoin_rhs/1@5c2b2518 with 2049 rows and digest 91e877dsb3m9lqh2bfkvc0rcnf8.
[2026-01-21 06:07:54] (0s) Starting to evaluate predicate Function#65d29029::Function::getDefinitionLocation#0#dispred#bf/2@59dc546r
[2026-01-21 06:07:54] (0s)  >>> Created relation Function#65d29029::Function::getDefinitionLocation#0#dispred#bf/2@59dc546r with 1 rows and digest 83c71442t6qp0euikospgiug078.
[2026-01-21 06:07:54] (0s) Starting to evaluate predicate functions_20#join_rhs/2@c63f293b
[2026-01-21 06:07:54] (0s)  >>> Created relation functions_20#join_rhs/2@c63f293b with 3368 rows and digest ba3495807nemj10b7p499vsdu54.
[2026-01-21 06:07:54] (0s) Starting to evaluate predicate _functions_20#join_rhs#antijoin_rhs/1@b6cc9cki
[2026-01-21 06:07:54] (0s)  >>> Created relation _functions_20#join_rhs#antijoin_rhs/1@b6cc9cki with 5 rows and digest 9b353algmoufuai1afraiehnvp7.
[2026-01-21 06:07:54] (0s) Starting to evaluate predicate Function#65d29029::Function::getLocation#0#dispred#bf/2@30e4c8ss
[2026-01-21 06:07:54] (0s)  >>> Created relation Function#65d29029::Function::getLocation#0#dispred#bf/2@30e4c8ss with 2 rows and digest a6412dmhckjjttqrjhkjfclivr0.
[2026-01-21 06:07:54] (0s) Starting to evaluate predicate builtintypes_20#join_rhs/2@9ffa30vk
[2026-01-21 06:07:54] (0s)  >>> Created relation builtintypes_20#join_rhs/2@9ffa30vk with 49 rows and digest c5ee39j3tf9famdvvhnu3jlos7b.
[2026-01-21 06:07:54] (0s) Starting to evaluate predicate m#Type#2e8eb3ef::IntegralType#bf/1@b1800dct
[2026-01-21 06:07:54] (0s)  >>> Created relation m#Type#2e8eb3ef::IntegralType#bf/1@b1800dct with 3 rows and digest 602bc0as4244r2lq3fen5apm8q4.
[2026-01-21 06:07:54] (0s) Starting to evaluate predicate Type#2e8eb3ef::isArithmeticType#2#bf/2@c16b8c2g
[2026-01-21 06:07:54] (0s)  >>> Created relation Type#2e8eb3ef::isArithmeticType#2#bf/2@c16b8c2g with 3 rows and digest eb4de9e7rin7n3m233bife3dfk4.
[2026-01-21 06:07:54] (0s) Starting to evaluate predicate Type#2e8eb3ef::isIntegralType#2#bf/2@cdd719bj
[2026-01-21 06:07:54] (0s)  >>> Created relation Type#2e8eb3ef::isIntegralType#2#bf/2@cdd719bj with 3 rows and digest eb4de9e7rin7n3m233bife3dfk4.
[2026-01-21 06:07:54] (0s) Starting to evaluate predicate Type#2e8eb3ef::IntegralOrEnumType#b/1@dd7ebcfi
[2026-01-21 06:07:54] (0s)  >>> Created relation Type#2e8eb3ef::IntegralOrEnumType#b/1@dd7ebcfi with 3 rows and digest 602bc0as4244r2lq3fen5apm8q4.
[2026-01-21 06:07:54] (0s) Starting to evaluate predicate Type#2e8eb3ef::IntegralType#bf/2@47b9f2t2
[2026-01-21 06:07:54] (0s)  >>> Created relation Type#2e8eb3ef::IntegralType#bf/2@47b9f2t2 with 3 rows and digest eb4de9e7rin7n3m233bife3dfk4.
[2026-01-21 06:07:54] (0s) Starting to evaluate predicate Type#2e8eb3ef::IntType#ff/2@96ae7525
[2026-01-21 06:07:54] (0s)  >>> Created relation Type#2e8eb3ef::IntType#ff/2@96ae7525 with 3 rows and digest eb4de9e7rin7n3m233bife3dfk4.
[2026-01-21 06:07:54] (0s) Starting to evaluate predicate stmts_1#join_rhs/1@abc194cb
[2026-01-21 06:07:54] (0s)  >>> Created relation stmts_1#join_rhs/1@abc194cb with 15 rows and digest dbd0c194sc0o0lef6jdrmhsgqn7.
[2026-01-21 06:07:54] (0s)  >>> Created relation values/2@875193ol with 52093 rows and digest bf432b6tl50h5v6j4o1dnm8ns71.
[2026-01-21 06:07:54] (0s)  >>> Created relation valuebind/2@956da5u1 with 53932 rows and digest 6f8d3e7pue4bgug8usj03vd1tq1.
[2026-01-21 06:07:54] (0s) Starting to evaluate predicate Stmt#af82e98b::ReturnStmt::getExpr#0#dispred#bf_10#join_rhs/2@ebfb0e80
[2026-01-21 06:07:54] (0s)  >>> Created relation Stmt#af82e98b::ReturnStmt::getExpr#0#dispred#bf_10#join_rhs/2@ebfb0e80 with 1 rows and digest 411521u5nqc4abj6a67q662hvg6.
[2026-01-21 06:07:54] (0s) Starting to evaluate predicate Expr#ef463c5d::Expr::getValue#0#dispred#bf/2@b36fb4il
[2026-01-21 06:07:54] (0s)  >>> Created relation Expr#ef463c5d::Expr::getValue#0#dispred#bf/2@b36fb4il with 0 rows and digest THIS-RELATION-HAS-NO-TUPLES.
[2026-01-21 06:07:54] (0s) Starting to evaluate predicate return_stmts#530fe3ee::print_rs#1#bf/2@5c86f542
[2026-01-21 06:07:54] (0s)  >>> Created relation return_stmts#530fe3ee::print_rs#1#bf/2@5c86f542 with 1 rows and digest 639ae0k5eerlkc1gbcvsl4t8l59.
[2026-01-21 06:07:54] (0s) Starting to evaluate predicate #select#ff/2@fd3a11eq
[2026-01-21 06:07:54] (0s)  >>> Created relation #select#ff/2@fd3a11eq with 3 rows and digest 03e04douitkhe8b2qvm96uel8a6.
[2026-01-21 06:07:54] (0s)  >>> Created relation folders/2@3a330ev0 with 33 rows and digest 90bfddnf330m6u148i88s66ohv9.
[2026-01-21 06:07:54] (0s) Starting to evaluate predicate File#1c14e1de::Container::getAbsolutePath#0#dispred#ff/2@64dd30uq
[2026-01-21 06:07:54] (0s)  >>> Created relation File#1c14e1de::Container::getAbsolutePath#0#dispred#ff/2@64dd30uq with 446 rows and digest 6ecc8f9mcc4klahnfhik6p3gcd8.
[2026-01-21 06:07:54] (0s) Starting to evaluate predicate Location#bd5c7591::Location::hasLocationInfo#5#dispred#ffffff/6@42d446k4
[2026-01-21 06:07:54] (0s)  >>> Created relation Location#bd5c7591::Location::hasLocationInfo#5#dispred#ffffff/6@42d446k4 with 182534 rows and digest d2baad9s82knvpp621qfr2kcj6d.
[2026-01-21 06:07:54] (0s) Starting to evaluate predicate Location#bd5c7591::Location::hasLocationInfo#5#dispred#ffffff_0#antijoin_rhs/1@8071a9mn
[2026-01-21 06:07:54] (0s)  >>> Created relation Location#bd5c7591::Location::hasLocationInfo#5#dispred#ffffff_0#antijoin_rhs/1@8071a9mn with 182534 rows and digest 5fbdafuk7g28oitq6t7v2d7mos6.
[2026-01-21 06:07:54] (0s) Starting to evaluate predicate Location#bd5c7591::Location::toString#0#dispred#ff/2@0ce6a4ob
[2026-01-21 06:07:55] (0s)  >>> Created relation Location#bd5c7591::Location::toString#0#dispred#ff/2@0ce6a4ob with 182534 rows and digest 1e4eb1vn73ltcj1hocnef63bucb.
[2026-01-21 06:07:55] (0s) Starting to evaluate predicate Location#bd5c7591::Location::toString#0#dispred#ff_0#antijoin_rhs/1@6a1b018s
[2026-01-21 06:07:55] (0s)  >>> Created relation Location#bd5c7591::Location::toString#0#dispred#ff_0#antijoin_rhs/1@6a1b018s with 182534 rows and digest 5fbdafuk7g28oitq6t7v2d7mos6.
[2026-01-21 06:07:55] (0s) Starting to evaluate predicate #select#query#ffffffff/8@a6ab509s
[2026-01-21 06:07:55] (0s)  >>> Created relation #select#query#ffffffff/8@a6ab509s with 3 rows and digest 38f1a854egklpjemf3flon4h3pa.
[2026-01-21 06:07:55] (1s) Query done
[2026-01-21 06:07:55] (1s) Sequence stamp origin is -5956193386287701071
[2026-01-21 06:07:55] (1s) Pausing evaluation to sync to disk at sequence stamp o+0
[2026-01-21 06:07:55] (1s) Unpausing evaluation
[2026-01-21 06:07:55] Evaluation of /effFix-experiment/effFix-benchmark/lxc/null-ptr-9-lxc/repair/codeql-queries/return_stmts.ql produced BQRS results.
[2026-01-21 06:07:55] [PROGRESS] execute queries> [1/1 eval 1s] Evaluation done; writing results to efffix/codeql-cpp-queries/return_stmts.bqrs.
[2026-01-21 06:07:55] [PROGRESS] execute queries> Shutting down query evaluator.
[2026-01-21 06:07:55] Pausing evaluation to close the cache at sequence stamp o+1
[2026-01-21 06:07:55] The disk cache is freshly trimmed; leave it be.
[2026-01-21 06:07:55] Unpausing evaluation
[2026-01-21 06:07:55] Terminating normally.
