Capturing in make/cc mode...
Found 74 source files to analyze in /effFix-experiment/effFix-benchmark/lxc/null-ptr-4-lxc/pre/infer-out-whole
src/lxc/bdev/lxcdir.c starting
src/lxc/lxc_monitord.c starting
src/lxc/tools/lxc_top.c starting
src/lxc/bdev/lxclvm.c starting
src/lxc/tools/lxc_ls.c starting
src/lxc/tools/lxc_unshare.c starting
src/lxc/bdev/lxcoverlay.c starting
src/lxc/bdev/lxcrsync.c starting
src/lxc/state.c starting
src/lxc/criu.c starting
src/lxc/bdev/lxcnbd.c starting
src/lxc/commands.c starting
src/lxc/freezer.c starting
src/lxc/confile_network_legacy.c starting
src/lxc/cgroups/cgroup.c starting
src/lxc/tools/lxc_copy.c starting
src/lxc/bdev/lxcrbd.c starting
src/lxc/cgroups/cgfsng.c starting
src/lxc/lsm/nop.c starting
src/lxc/tools/lxc_unfreeze.c starting
src/lxc/bdev/lxcloop.c starting
src/lxc/tools/lxc_console.c starting
src/lxc/bdev/lxcaufs.c starting
src/lxc/tools/lxc_usernsexec.c starting
src/lxc/tools/lxc_monitor.c starting
src/lxc/genl.c starting
src/lxc/nl.c starting
src/lxc/tools/lxc_attach.c starting
src/lxc/network.c starting
src/lxc/tools/lxc_info.c starting
hooks/unmount-namespace.c starting
src/lxc/af_unix.c starting
src/lxc/lsm/nop.c DONE
src/lxc/tools/lxc_freeze.c starting
hooks/unmount-namespace.c DONE
src/lxc/caps.c starting
src/lxc/nl.c DONE
src/lxc/lsm/lsm.c starting
src/lxc/lsm/lsm.c DONE
src/lxc/tools/lxc_checkpoint.c starting
src/lxc/tools/lxc_usernsexec.c DONE
src/lxc/log.c starting
src/lxc/genl.c DONE
src/lxc/lxcutmp.c starting
src/lxc/tools/lxc_freeze.c DONE
src/lxc/tools/lxc_stop.c starting
src/lxc/tools/lxc_unfreeze.c DONE
src/lxc/console.c starting
src/lxc/tools/lxc_console.c DONE
src/lxc/tools/lxc_device.c starting
src/lxc/tools/lxc_monitor.c DONE
src/lxc/mainloop.c starting
src/lxc/bdev/lxcrsync.c DONE
src/lxc/confile.c starting
src/lxc/mainloop.c DONE
src/lxc/tools/lxc_cgroup.c starting
src/lxc/bdev/lxcrbd.c DONE
src/lxc/conf.c starting
src/lxc/af_unix.c DONE
src/lxc/tools/lxc_config.c starting
src/lxc/tools/lxc_config.c DONE
src/lxc/lxc_user_nic.c starting
src/lxc/caps.c DONE
src/lxc/initutils.c starting
src/lxc/state.c DONE
src/lxc/attach.c starting
src/lxc/bdev/lxcnbd.c DONE
src/lxc/utils.c starting
src/lxc/tools/lxc_unshare.c DONE
src/lxc/tools/lxc_destroy.c starting
src/lxc/freezer.c DONE
src/lxc/tools/lxc_autostart.c starting
src/lxc/cgroups/cgroup.c DONE
src/lxc/tools/lxc_snapshot.c starting
src/lxc/tools/lxc_stop.c DONE
src/lxc/namespace.c starting
src/lxc/tools/lxc_checkpoint.c DONE
src/lxc/confile_utils.c starting
src/lxc/tools/lxc_device.c DONE
src/lxc/lxccontainer.c starting
src/lxc/bdev/lxclvm.c DONE
src/lxc/tools/lxc_wait.c starting
src/lxc/bdev/lxcloop.c DONE
src/lxc/bdev/lxczfs.c starting
src/lxc/initutils.c DONE
src/lxc/execute.c starting
src/lxc/criu.c DONE
src/lxc/tools/lxc_execute.c starting
src/lxc/lxcutmp.c DONE
src/lxc/tools/lxc_start.c starting
src/lxc/bdev/lxcaufs.c DONE
src/lxc/bdev/bdev.c starting
src/lxc/tools/lxc_cgroup.c DONE
src/lxc/cgroups/cgfs.c starting
src/lxc/lxc_monitord.c DONE
src/lxc/tools/lxc_create.c starting
src/lxc/tools/lxc_info.c DONE
src/lxc/tools/lxc_init.c starting
src/lxc/tools/lxc_top.c DONE
src/lxc/parse.c starting
src/lxc/tools/lxc_copy.c DONE
src/lxc/rtnl.c starting
src/lxc/tools/lxc_attach.c DONE
src/lxc/monitor.c starting
src/lxc/bdev/lxcdir.c DONE
src/lxc/start.c starting
src/lxc/tools/lxc_ls.c DONE
src/lxc/arguments.c starting
src/lxc/namespace.c DONE
src/lxc/bdev/lxcbtrfs.c starting
src/lxc/tools/lxc_wait.c DONE
src/lxc/error.c starting
src/lxc/rtnl.c DONE
src/lxc/lxclock.c starting
src/lxc/tools/lxc_autostart.c DONE
src/lxc/sync.c starting
src/lxc/arguments.c DONE
src/lxc/console.c DONE
src/lxc/tools/lxc_snapshot.c DONE
src/lxc/tools/lxc_execute.c DONE
src/lxc/log.c DONE
src/lxc/tools/lxc_create.c DONE
src/lxc/tools/lxc_destroy.c DONE
src/lxc/parse.c DONE
src/lxc/tools/lxc_start.c DONE
src/lxc/confile_utils.c DONE
src/lxc/tools/lxc_init.c DONE
src/lxc/commands.c DONE
src/lxc/utils.c DONE
src/lxc/bdev/lxczfs.c DONE
src/lxc/lxc_user_nic.c DONE
src/lxc/lxclock.c DONE
src/lxc/execute.c DONE
src/lxc/network.c DONE
src/lxc/error.c DONE
src/lxc/monitor.c DONE
src/lxc/bdev/bdev.c DONE
src/lxc/attach.c DONE
src/lxc/sync.c DONE
src/lxc/bdev/lxcoverlay.c DONE
src/lxc/confile_network_legacy.c DONE
src/lxc/cgroups/cgfsng.c DONE
src/lxc/bdev/lxcbtrfs.c DONE
src/lxc/start.c DONE
src/lxc/cgroups/cgfs.c DONE
src/lxc/conf.c DONE
src/lxc/confile.c DONE
src/lxc/lxccontainer.c DONE
