[E 06:04:59 16920] CodeQL C/C++ Extractor 2.12.2
[E 06:04:59 16920] Current directory: /effFix-experiment/effFix-benchmark/lxc/null-ptr-9-lxc/src/src/lxc
[E 06:04:59 16920] Command: /opt/codeql/cpp/tools/linux64/extractor --mimic /usr/lib/llvm-10/bin/clang -DHAVE_CONFIG_H -I. -I../../src '-DLXCROOTFSMOUNT="/usr/local/lib/lxc/rootfs"' '-DLXCPATH="/usr/local/var/lib/lxc"' '-DLXC_GLOBAL_CONF="/usr/local/etc/lxc/lxc.conf"' '-DLXCINITDIR="/usr/local/libexec"' '-DLIBEXECDIR="/usr/local/libexec"' '-DLXCTEMPLATEDIR="/usr/local/share/lxc/templates"' '-DLXCTEMPLATECONFIG="/usr/local/share/lxc/config"' '-DLOGPATH="/usr/local/var/log/lxc"' '-DLXC_DEFAULT_CONFIG="/usr/local/etc/lxc/default.conf"' '-DLXC_USERNIC_DB="/run/lxc/nics"' '-DLXC_USERNIC_CONF="/usr/local/etc/lxc/lxc-usernet"' '-DDEFAULT_CGROUP_PATTERN="/lxc/%n"' '-DRUNTIME_PATH="/run"' '-DSBINDIR="/usr/local/sbin"' -I ../../src -I ../../src/lxc -I ../../src/lxc/bdev -I ../../src/lxc/cgroups -g -O2 -Wall -Werror -MT tools/lxc_unshare.o -MD -MP -MF tools/.deps/lxc_unshare.Tpo -c -o tools/lxc_unshare.o tools/lxc_unshare.c
[E 06:04:59 16920] Checking whether C compilation already happened.
[E 06:04:59 16920] Checking for tag c-compilation-happened
[E 06:04:59 16920] Checking CODEQL_TRACER_DB_ID 000000000000420F_0000000000000001
[E 06:04:59 16920] Locking DB /effFix-experiment/effFix-benchmark/lxc/null-ptr-9-lxc/pre/codeql-db/working/tags.db
[E 06:04:59 16920] Locked DB /effFix-experiment/effFix-benchmark/lxc/null-ptr-9-lxc/pre/codeql-db/working/tags.db
[E 06:04:59 16920] Unlocking DB
[E 06:04:59 16920] Unlocked DB
[E 06:04:59 16920] Looks like C compilation didn't already happen.
[E 06:04:59 16920] Checking whether C compilation has been attempted.
[E 06:04:59 16920] Checking for tag c-compilation-attempted
[E 06:04:59 16920] Checking CODEQL_TRACER_DB_ID 000000000000420F_0000000000000001
[E 06:04:59 16920] Locking DB /effFix-experiment/effFix-benchmark/lxc/null-ptr-9-lxc/pre/codeql-db/working/tags.db
[E 06:04:59 16920] Locked DB /effFix-experiment/effFix-benchmark/lxc/null-ptr-9-lxc/pre/codeql-db/working/tags.db
[E 06:04:59 16920] Unlocking DB
[E 06:04:59 16920] Unlocked DB
[E 06:04:59 16920] Marking C compilation as attempted.
[E 06:04:59 16920] Setting tag c-compilation-attempted
[E 06:04:59 16920] Starting from CODEQL_TRACER_DB_ID 000000000000420F_0000000000000001
[E 06:04:59 16920] Locking DB /effFix-experiment/effFix-benchmark/lxc/null-ptr-9-lxc/pre/codeql-db/working/tags.db
[E 06:04:59 16920] Locked DB /effFix-experiment/effFix-benchmark/lxc/null-ptr-9-lxc/pre/codeql-db/working/tags.db
[E 06:04:59 16920] Set tag for 000000000000420F_0000000000000001
[E 06:04:59 16920] Set tag for 000000000000420B_0000000000000001
[E 06:04:59 16920] Set tag for 0000000000002265_0000000000000001
[E 06:04:59 16920] Set tag for 000000000000225F_0000000000000001
[E 06:04:59 16920] Set tag for 000000000000225E_0000000000000002
[E 06:04:59 16920] Set tag for 000000000000225E_0000000000000001
[E 06:04:59 16920] Set tag for 000000000000225B_0000000000000001
[E 06:04:59 16920] Set tag for 0000000000002226_0000000000000001
[E 06:04:59 16920] Set tag for 0000000000002223_0000000000000003
[E 06:04:59 16920] Set tag for 0000000000002223_0000000000000002
[E 06:04:59 16920] Set tag for root
[E 06:04:59 16920] Unlocking DB
[E 06:04:59 16920] Unlocked DB
[E 06:04:59 16920] Processed command line: /opt/codeql/cpp/tools/linux64/extractor --trapfolder /effFix-experiment/effFix-benchmark/lxc/null-ptr-9-lxc/pre/codeql-db/trap/cpp --src_archive /effFix-experiment/effFix-benchmark/lxc/null-ptr-9-lxc/pre/codeql-db/src --mimic_config /effFix-experiment/effFix-benchmark/lxc/null-ptr-9-lxc/pre/codeql-db/working/compiler_mimic_cache/7303c8917ced --object_filename tools/lxc_unshare.o -w --error_limit 1000 --disable_system_macros --variadic_macros --gcc --clang_version 100000 --gnu_version 40801 --has_feature_vector 111111111111111000000000000000000000000000000000000000000000000000011 --builtin_functions_file /effFix-experiment/effFix-benchmark/lxc/null-ptr-9-lxc/pre/codeql-db/working/compiler_mimic_cache/builtins_7646d4e21fd6 --clang --target linux_x86_64 -D_LP64=1 -D__ATOMIC_ACQUIRE=2 -D__ATOMIC_ACQ_REL=4 -D__ATOMIC_CONSUME=1 -D__ATOMIC_RELAXED=0 -D__ATOMIC_RELEASE=3 -D__ATOMIC_SEQ_CST=5 -D__BIGGEST_ALIGNMENT__=16 -D__BYTE_ORDER__=__ORDER_LITTLE_ENDIAN__ -D__CHAR_BIT__=8 -D__CLANG_ATOMIC_BOOL_LOCK_FREE=2 -D__CLANG_ATOMIC_CHAR16_T_LOCK_FREE=2 -D__CLANG_ATOMIC_CHAR32_T_LOCK_FREE=2 -D__CLANG_ATOMIC_CHAR_LOCK_FREE=2 -D__CLANG_ATOMIC_INT_LOCK_FREE=2 -D__CLANG_ATOMIC_LLONG_LOCK_FREE=2 -D__CLANG_ATOMIC_LONG_LOCK_FREE=2 -D__CLANG_ATOMIC_POINTER_LOCK_FREE=2 -D__CLANG_ATOMIC_SHORT_LOCK_FREE=2 -D__CLANG_ATOMIC_WCHAR_T_LOCK_FREE=2 -D__CONSTANT_CFSTRINGS__=1 -D__DBL_DECIMAL_DIG__=17 -D__DBL_DENORM_MIN__=4.9406564584124654e-324 -D__DBL_DIG__=15 -D__DBL_EPSILON__=2.2204460492503131e-16 -D__DBL_HAS_DENORM__=1 -D__DBL_HAS_INFINITY__=1 -D__DBL_HAS_QUIET_NAN__=1 -D__DBL_MANT_DIG__=53 -D__DBL_MAX_10_EXP__=308 -D__DBL_MAX_EXP__=1024 '-D__DBL_MAX__=1.7976931348623157e+308' '-D__DBL_MIN_10_EXP__=(-307)' '-D__DBL_MIN_EXP__=(-1021)' -D__DBL_MIN__=2.2250738585072014e-308 -D__DECIMAL_DIG__=__LDBL_DECIMAL_DIG__ -D__ELF__=1 -D__FINITE_MATH_ONLY__=0 -D__FLOAT128__=1 -D__FLT_DECIMAL_DIG__=9 -D__FLT_DENORM_MIN__=1.40129846e-45F -D__FLT_DIG__=6 -D__FLT_EPSILON__=1.19209290e-7F -D__FLT_EVAL_METHOD__=0 -D__FLT_HAS_DENORM__=1 -D__FLT_HAS_INFINITY__=1 -D__FLT_HAS_QUIET_NAN__=1 -D__FLT_MANT_DIG__=24 -D__FLT_MAX_10_EXP__=38 -D__FLT_MAX_EXP__=128 '-D__FLT_MAX__=3.40282347e+38F' '-D__FLT_MIN_10_EXP__=(-37)' '-D__FLT_MIN_EXP__=(-125)' -D__FLT_MIN__=1.17549435e-38F -D__FLT_RADIX__=2 -D__FXSR__=1 -D__GCC_ASM_FLAG_OUTPUTS__=1 -D__GCC_ATOMIC_BOOL_LOCK_FREE=2 -D__GCC_ATOMIC_CHAR16_T_LOCK_FREE=2 -D__GCC_ATOMIC_CHAR32_T_LOCK_FREE=2 -D__GCC_ATOMIC_CHAR_LOCK_FREE=2 -D__GCC_ATOMIC_INT_LOCK_FREE=2 -D__GCC_ATOMIC_LLONG_LOCK_FREE=2 -D__GCC_ATOMIC_LONG_LOCK_FREE=2 -D__GCC_ATOMIC_POINTER_LOCK_FREE=2 -D__GCC_ATOMIC_SHORT_LOCK_FREE=2 -D__GCC_ATOMIC_TEST_AND_SET_TRUEVAL=1 -D__GCC_ATOMIC_WCHAR_T_LOCK_FREE=2 -D__GCC_HAVE_SYNC_COMPARE_AND_SWAP_1=1 -D__GCC_HAVE_SYNC_COMPARE_AND_SWAP_2=1 -D__GCC_HAVE_SYNC_COMPARE_AND_SWAP_4=1 -D__GCC_HAVE_SYNC_COMPARE_AND_SWAP_8=1 -D__GNUC_MINOR__=2 -D__GNUC_PATCHLEVEL__=1 -D__GNUC__=4 -D__GXX_ABI_VERSION=1002 -D__INT16_C_SUFFIX__= '-D__INT16_FMTd__="hd"' '-D__INT16_FMTi__="hi"' -D__INT16_MAX__=32767 -D__INT16_TYPE__=short -D__INT32_C_SUFFIX__= '-D__INT32_FMTd__="d"' '-D__INT32_FMTi__="i"' -D__INT32_MAX__=2147483647 -D__INT32_TYPE__=int -D__INT64_C_SUFFIX__=L '-D__INT64_FMTd__="ld"' '-D__INT64_FMTi__="li"' -D__INT64_MAX__=9223372036854775807L '-D__INT64_TYPE__=long int' -D__INT8_C_SUFFIX__= '-D__INT8_FMTd__="hhd"' '-D__INT8_FMTi__="hhi"' -D__INT8_MAX__=127 '-D__INT8_TYPE__=signed char' -D__INTMAX_C_SUFFIX__=L '-D__INTMAX_FMTd__="ld"' '-D__INTMAX_FMTi__="li"' -D__INTMAX_MAX__=9223372036854775807L '-D__INTMAX_TYPE__=long int' -D__INTMAX_WIDTH__=64 '-D__INTPTR_FMTd__="ld"' '-D__INTPTR_FMTi__="li"' -D__INTPTR_MAX__=9223372036854775807L '-D__INTPTR_TYPE__=long int' -D__INTPTR_WIDTH__=64 '-D__INT_FAST16_FMTd__="hd"' '-D__INT_FAST16_FMTi__="hi"' -D__INT_FAST16_MAX__=32767 -D__INT_FAST16_TYPE__=short '-D__INT_FAST32_FMTd__="d"' '-D__INT_FAST32_FMTi__="i"' -D__INT_FAST32_MAX__=2147483647 -D__INT_FAST32_TYPE__=int '-D__INT_FAST64_FMTd__="ld"' '-D__INT_FAST64_FMTi__="li"' -D__INT_FAST64_MAX__=9223372036854775807L '-D__INT_FAST64_TYPE__=long int' '-D__INT_FAST8_FMTd__="hhd"' '-D__INT_FAST8_FMTi__="hhi"' -D__INT_FAST8_MAX__=127 '-D__INT_FAST8_TYPE__=signed char' '-D__INT_LEAST16_FMTd__="hd"' '-D__INT_LEAST16_FMTi__="hi"' -D__INT_LEAST16_MAX__=32767 -D__INT_LEAST16_TYPE__=short '-D__INT_LEAST32_FMTd__="d"' '-D__INT_LEAST32_FMTi__="i"' -D__INT_LEAST32_MAX__=2147483647 -D__INT_LEAST32_TYPE__=int '-D__INT_LEAST64_FMTd__="ld"' '-D__INT_LEAST64_FMTi__="li"' -D__INT_LEAST64_MAX__=9223372036854775807L '-D__INT_LEAST64_TYPE__=long int' '-D__INT_LEAST8_FMTd__="hhd"' '-D__INT_LEAST8_FMTi__="hhi"' -D__INT_LEAST8_MAX__=127 '-D__INT_LEAST8_TYPE__=signed char' -D__INT_MAX__=2147483647 -D__LDBL_DECIMAL_DIG__=21 -D__LDBL_DENORM_MIN__=3.64519953188247460253e-4951L -D__LDBL_DIG__=18 -D__LDBL_EPSILON__=1.08420217248550443401e-19L -D__LDBL_HAS_DENORM__=1 -D__LDBL_HAS_INFINITY__=1 -D__LDBL_HAS_QUIET_NAN__=1 -D__LDBL_MANT_DIG__=64 -D__LDBL_MAX_10_EXP__=4932 -D__LDBL_MAX_EXP__=16384 '-D__LDBL_MAX__=1.18973149535723176502e+4932L' '-D__LDBL_MIN_10_EXP__=(-4931)' '-D__LDBL_MIN_EXP__=(-16381)' -D__LDBL_MIN__=3.36210314311209350626e-4932L -D__LITTLE_ENDIAN__=1 -D__LONG_LONG_MAX__=9223372036854775807LL -D__LONG_MAX__=9223372036854775807L -D__LP64__=1 -D__MMX__=1 -D__NO_MATH_INLINES=1 -D__OBJC_BOOL_IS_BOOL=0 -D__OPENCL_MEMORY_SCOPE_ALL_SVM_DEVICES=3 -D__OPENCL_MEMORY_SCOPE_DEVICE=2 -D__OPENCL_MEMORY_SCOPE_SUB_GROUP=4 -D__OPENCL_MEMORY_SCOPE_WORK_GROUP=1 -D__OPENCL_MEMORY_SCOPE_WORK_ITEM=0 -D__OPTIMIZE__=1 -D__ORDER_BIG_ENDIAN__=4321 -D__ORDER_LITTLE_ENDIAN__=1234 -D__ORDER_PDP_ENDIAN__=3412 -D__POINTER_WIDTH__=64 -D__PRAGMA_REDEFINE_EXTNAME=1 '-D__PTRDIFF_FMTd__="ld"' '-D__PTRDIFF_FMTi__="li"' -D__PTRDIFF_MAX__=9223372036854775807L '-D__PTRDIFF_TYPE__=long int' -D__PTRDIFF_WIDTH__=64 -D__REGISTER_PREFIX__= -D__SCHAR_MAX__=127 -D__SEG_FS=1 -D__SEG_GS=1 -D__SHRT_MAX__=32767 -D__SIG_ATOMIC_MAX__=2147483647 -D__SIG_ATOMIC_WIDTH__=32 -D__SIZEOF_DOUBLE__=8 -D__SIZEOF_FLOAT128__=16 -D__SIZEOF_FLOAT__=4 -D__SIZEOF_INT128__=16 -D__SIZEOF_INT__=4 -D__SIZEOF_LONG_DOUBLE__=16 -D__SIZEOF_LONG_LONG__=8 -D__SIZEOF_LONG__=8 -D__SIZEOF_POINTER__=8 -D__SIZEOF_PTRDIFF_T__=8 -D__SIZEOF_SHORT__=2 -D__SIZEOF_SIZE_T__=8 -D__SIZEOF_WCHAR_T__=4 -D__SIZEOF_WINT_T__=4 '-D__SIZE_FMTX__="lX"' '-D__SIZE_FMTo__="lo"' '-D__SIZE_FMTu__="lu"' '-D__SIZE_FMTx__="lx"' -D__SIZE_MAX__=18446744073709551615UL '-D__SIZE_TYPE__=long unsigned int' -D__SIZE_WIDTH__=64 -D__SSE2_MATH__=1 -D__SSE2__=1 -D__SSE_MATH__=1 -D__SSE__=1 -D__STDC_UTF_16__=1 -D__STDC_UTF_32__=1 -D__UINT16_C_SUFFIX__= '-D__UINT16_FMTX__="hX"' '-D__UINT16_FMTo__="ho"' '-D__UINT16_FMTu__="hu"' '-D__UINT16_FMTx__="hx"' -D__UINT16_MAX__=65535 '-D__UINT16_TYPE__=unsigned short' -D__UINT32_C_SUFFIX__=U '-D__UINT32_FMTX__="X"' '-D__UINT32_FMTo__="o"' '-D__UINT32_FMTu__="u"' '-D__UINT32_FMTx__="x"' -D__UINT32_MAX__=4294967295U '-D__UINT32_TYPE__=unsigned int' -D__UINT64_C_SUFFIX__=UL '-D__UINT64_FMTX__="lX"' '-D__UINT64_FMTo__="lo"' '-D__UINT64_FMTu__="lu"' '-D__UINT64_FMTx__="lx"' -D__UINT64_MAX__=18446744073709551615UL '-D__UINT64_TYPE__=long unsigned int' -D__UINT8_C_SUFFIX__= '-D__UINT8_FMTX__="hhX"' '-D__UINT8_FMTo__="hho"' '-D__UINT8_FMTu__="hhu"' '-D__UINT8_FMTx__="hhx"' -D__UINT8_MAX__=255 '-D__UINT8_TYPE__=unsigned char' -D__UINTMAX_C_SUFFIX__=UL '-D__UINTMAX_FMTX__="lX"' '-D__UINTMAX_FMTo__="lo"' '-D__UINTMAX_FMTu__="lu"' '-D__UINTMAX_FMTx__="lx"' -D__UINTMAX_MAX__=18446744073709551615UL '-D__UINTMAX_TYPE__=long unsigned int' -D__UINTMAX_WIDTH__=64 '-D__UINTPTR_FMTX__="lX"' '-D__UINTPTR_FMTo__="lo"' '-D__UINTPTR_FMTu__="lu"' '-D__UINTPTR_FMTx__="lx"' -D__UINTPTR_MAX__=18446744073709551615UL '-D__UINTPTR_TYPE__=long unsigned int' -D__UINTPTR_WIDTH__=64 '-D__UINT_FAST16_FMTX__="hX"' '-D__UINT_FAST16_FMTo__="ho"' '-D__UINT_FAST16_FMTu__="hu"' '-D__UINT_FAST16_FMTx__="hx"' -D__UINT_FAST16_MAX__=65535 '-D__UINT_FAST16_TYPE__=unsigned short' '-D__UINT_FAST32_FMTX__="X"' '-D__UINT_FAST32_FMTo__="o"' '-D__UINT_FAST32_FMTu__="u"' '-D__UINT_FAST32_FMTx__="x"' -D__UINT_FAST32_MAX__=4294967295U '-D__UINT_FAST32_TYPE__=unsigned int' '-D__UINT_FAST64_FMTX__="lX"' '-D__UINT_FAST64_FMTo__="lo"' '-D__UINT_FAST64_FMTu__="lu"' '-D__UINT_FAST64_FMTx__="lx"' -D__UINT_FAST64_MAX__=18446744073709551615UL '-D__UINT_FAST64_TYPE__=long unsigned int' '-D__UINT_FAST8_FMTX__="hhX"' '-D__UINT_FAST8_FMTo__="hho"' '-D__UINT_FAST8_FMTu__="hhu"' '-D__UINT_FAST8_FMTx__="hhx"' -D__UINT_FAST8_MAX__=255 '-D__UINT_FAST8_TYPE__=unsigned char' '-D__UINT_LEAST16_FMTX__="hX"' '-D__UINT_LEAST16_FMTo__="ho"' '-D__UINT_LEAST16_FMTu__="hu"' '-D__UINT_LEAST16_FMTx__="hx"' -D__UINT_LEAST16_MAX__=65535 '-D__UINT_LEAST16_TYPE__=unsigned short' '-D__UINT_LEAST32_FMTX__="X"' '-D__UINT_LEAST32_FMTo__="o"' '-D__UINT_LEAST32_FMTu__="u"' '-D__UINT_LEAST32_FMTx__="x"' -D__UINT_LEAST32_MAX__=4294967295U '-D__UINT_LEAST32_TYPE__=unsigned int' '-D__UINT_LEAST64_FMTX__="lX"' '-D__UINT_LEAST64_FMTo__="lo"' '-D__UINT_LEAST64_FMTu__="lu"' '-D__UINT_LEAST64_FMTx__="lx"' -D__UINT_LEAST64_MAX__=18446744073709551615UL '-D__UINT_LEAST64_TYPE__=long unsigned int' '-D__UINT_LEAST8_FMTX__="hhX"' '-D__UINT_LEAST8_FMTo__="hho"' '-D__UINT_LEAST8_FMTu__="hhu"' '-D__UINT_LEAST8_FMTx__="hhx"' -D__UINT_LEAST8_MAX__=255 '-D__UINT_LEAST8_TYPE__=unsigned char' -D__USER_LABEL_PREFIX__= '-D__VERSION__="Clang 10.0.0 "' -D__WCHAR_MAX__=2147483647 -D__WCHAR_TYPE__=int -D__WCHAR_WIDTH__=32 -D__WINT_MAX__=4294967295U '-D__WINT_TYPE__=unsigned int' -D__WINT_UNSIGNED__=1 -D__WINT_WIDTH__=32 -D__amd64=1 -D__amd64__=1 -D__clang__=1 -D__clang_major__=10 -D__clang_minor__=0 -D__clang_patchlevel__=0 '-D__clang_version__="10.0.0 "' -D__code_model_small_=1 -D__gnu_linux__=1 -D__k8=1 -D__k8__=1 -D__linux=1 -D__linux__=1 -D__llvm__=1 '-D__seg_fs=__attribute__((address_space(257)))' '-D__seg_gs=__attribute__((address_space(256)))' -D__tune_k8__=1 -D__unix=1 -D__unix__=1 -D__x86_64=1 -D__x86_64__=1 -Dlinux=1 -Dunix=1 '-D__private_extern__=extern __attribute__((visibility("hidden")))' -DHAVE_CONFIG_H -I. -I../../src '-DLXCROOTFSMOUNT="/usr/local/lib/lxc/rootfs"' '-DLXCPATH="/usr/local/var/lib/lxc"' '-DLXC_GLOBAL_CONF="/usr/local/etc/lxc/lxc.conf"' '-DLXCINITDIR="/usr/local/libexec"' '-DLIBEXECDIR="/usr/local/libexec"' '-DLXCTEMPLATEDIR="/usr/local/share/lxc/templates"' '-DLXCTEMPLATECONFIG="/usr/local/share/lxc/config"' '-DLOGPATH="/usr/local/var/log/lxc"' '-DLXC_DEFAULT_CONFIG="/usr/local/etc/lxc/default.conf"' '-DLXC_USERNIC_DB="/run/lxc/nics"' '-DLXC_USERNIC_CONF="/usr/local/etc/lxc/lxc-usernet"' '-DDEFAULT_CGROUP_PATTERN="/lxc/%n"' '-DRUNTIME_PATH="/run"' '-DSBINDIR="/usr/local/sbin"' -I../../src -I../../src/lxc -I../../src/lxc/bdev -I../../src/lxc/cgroups -I/usr/local/include -I/usr/lib/llvm-10/lib/clang/10.0.0/include -I/usr/include/x86_64-linux-gnu -I/usr/include -- tools/lxc_unshare.c
[E 06:04:59 16920] Starting compilation TRAP /effFix-experiment/effFix-benchmark/lxc/null-ptr-9-lxc/pre/codeql-db/trap/cpp/compilations/23/19412951_0.trap.br
[E 06:04:59 16920] Archiving /effFix-experiment/effFix-benchmark/lxc/null-ptr-9-lxc/pre/codeql-db/src/effFix-experiment/effFix-benchmark/lxc/null-ptr-9-lxc/src/src/lxc/tools/lxc_unshare.c
[E 06:04:59 16920] Already archived /effFix-experiment/effFix-benchmark/lxc/null-ptr-9-lxc/pre/codeql-db/src/effFix-experiment/effFix-benchmark/lxc/null-ptr-9-lxc/src/src/config.h
[E 06:04:59 16920] Already archived /effFix-experiment/effFix-benchmark/lxc/null-ptr-9-lxc/pre/codeql-db/src/usr/include/stdio.h
[E 06:04:59 16920] Already archived /effFix-experiment/effFix-benchmark/lxc/null-ptr-9-lxc/pre/codeql-db/src/usr/include/x86_64-linux-gnu/bits/libc-header-start.h
[E 06:04:59 16920] Already archived /effFix-experiment/effFix-benchmark/lxc/null-ptr-9-lxc/pre/codeql-db/src/usr/include/features.h
[E 06:04:59 16920] Already archived /effFix-experiment/effFix-benchmark/lxc/null-ptr-9-lxc/pre/codeql-db/src/usr/include/stdc-predef.h
[E 06:04:59 16920] Already archived /effFix-experiment/effFix-benchmark/lxc/null-ptr-9-lxc/pre/codeql-db/src/usr/include/x86_64-linux-gnu/sys/cdefs.h
[E 06:04:59 16920] Already archived /effFix-experiment/effFix-benchmark/lxc/null-ptr-9-lxc/pre/codeql-db/src/usr/include/x86_64-linux-gnu/bits/wordsize.h
[E 06:04:59 16920] Already archived /effFix-experiment/effFix-benchmark/lxc/null-ptr-9-lxc/pre/codeql-db/src/usr/include/x86_64-linux-gnu/bits/long-double.h
[E 06:04:59 16920] Already archived /effFix-experiment/effFix-benchmark/lxc/null-ptr-9-lxc/pre/codeql-db/src/usr/include/x86_64-linux-gnu/gnu/stubs.h
[E 06:04:59 16920] Already archived /effFix-experiment/effFix-benchmark/lxc/null-ptr-9-lxc/pre/codeql-db/src/usr/include/x86_64-linux-gnu/gnu/stubs-64.h
[E 06:04:59 16920] Already archived /effFix-experiment/effFix-benchmark/lxc/null-ptr-9-lxc/pre/codeql-db/src/usr/lib/llvm-10/lib/clang/10.0.0/include/stddef.h
[E 06:04:59 16920] Already archived /effFix-experiment/effFix-benchmark/lxc/null-ptr-9-lxc/pre/codeql-db/src/usr/lib/llvm-10/lib/clang/10.0.0/include/stdarg.h
[E 06:04:59 16920] Already archived /effFix-experiment/effFix-benchmark/lxc/null-ptr-9-lxc/pre/codeql-db/src/usr/include/x86_64-linux-gnu/bits/types.h
[E 06:04:59 16920] Already archived /effFix-experiment/effFix-benchmark/lxc/null-ptr-9-lxc/pre/codeql-db/src/usr/include/x86_64-linux-gnu/bits/wordsize.h
[E 06:04:59 16920] Already archived /effFix-experiment/effFix-benchmark/lxc/null-ptr-9-lxc/pre/codeql-db/src/usr/include/x86_64-linux-gnu/bits/timesize.h
[E 06:04:59 16920] Already archived /effFix-experiment/effFix-benchmark/lxc/null-ptr-9-lxc/pre/codeql-db/src/usr/include/x86_64-linux-gnu/bits/typesizes.h
[E 06:04:59 16920] Already archived /effFix-experiment/effFix-benchmark/lxc/null-ptr-9-lxc/pre/codeql-db/src/usr/include/x86_64-linux-gnu/bits/time64.h
[E 06:04:59 16920] Already archived /effFix-experiment/effFix-benchmark/lxc/null-ptr-9-lxc/pre/codeql-db/src/usr/include/x86_64-linux-gnu/bits/types/__fpos_t.h
[E 06:04:59 16920] Already archived /effFix-experiment/effFix-benchmark/lxc/null-ptr-9-lxc/pre/codeql-db/src/usr/include/x86_64-linux-gnu/bits/types/__mbstate_t.h
[E 06:04:59 16920] Already archived /effFix-experiment/effFix-benchmark/lxc/null-ptr-9-lxc/pre/codeql-db/src/usr/include/x86_64-linux-gnu/bits/types/__fpos64_t.h
[E 06:04:59 16920] Already archived /effFix-experiment/effFix-benchmark/lxc/null-ptr-9-lxc/pre/codeql-db/src/usr/include/x86_64-linux-gnu/bits/types/__FILE.h
[E 06:04:59 16920] Already archived /effFix-experiment/effFix-benchmark/lxc/null-ptr-9-lxc/pre/codeql-db/src/usr/include/x86_64-linux-gnu/bits/types/FILE.h
[E 06:04:59 16920] Already archived /effFix-experiment/effFix-benchmark/lxc/null-ptr-9-lxc/pre/codeql-db/src/usr/include/x86_64-linux-gnu/bits/types/struct_FILE.h
[E 06:04:59 16920] Already archived /effFix-experiment/effFix-benchmark/lxc/null-ptr-9-lxc/pre/codeql-db/src/usr/include/x86_64-linux-gnu/bits/types/cookie_io_functions_t.h
[E 06:04:59 16920] Already archived /effFix-experiment/effFix-benchmark/lxc/null-ptr-9-lxc/pre/codeql-db/src/usr/include/x86_64-linux-gnu/bits/stdio_lim.h
[E 06:04:59 16920] Already archived /effFix-experiment/effFix-benchmark/lxc/null-ptr-9-lxc/pre/codeql-db/src/usr/include/x86_64-linux-gnu/bits/sys_errlist.h
[E 06:04:59 16920] Already archived /effFix-experiment/effFix-benchmark/lxc/null-ptr-9-lxc/pre/codeql-db/src/usr/include/x86_64-linux-gnu/bits/stdio.h
[E 06:04:59 16920] Already archived /effFix-experiment/effFix-benchmark/lxc/null-ptr-9-lxc/pre/codeql-db/src/usr/include/errno.h
[E 06:04:59 16920] Already archived /effFix-experiment/effFix-benchmark/lxc/null-ptr-9-lxc/pre/codeql-db/src/usr/include/x86_64-linux-gnu/bits/errno.h
[E 06:04:59 16920] Already archived /effFix-experiment/effFix-benchmark/lxc/null-ptr-9-lxc/pre/codeql-db/src/usr/include/linux/errno.h
[E 06:04:59 16920] Already archived /effFix-experiment/effFix-benchmark/lxc/null-ptr-9-lxc/pre/codeql-db/src/usr/include/x86_64-linux-gnu/asm/errno.h
[E 06:04:59 16920] Already archived /effFix-experiment/effFix-benchmark/lxc/null-ptr-9-lxc/pre/codeql-db/src/usr/include/asm-generic/errno.h
[E 06:04:59 16920] Already archived /effFix-experiment/effFix-benchmark/lxc/null-ptr-9-lxc/pre/codeql-db/src/usr/include/asm-generic/errno-base.h
[E 06:04:59 16920] Already archived /effFix-experiment/effFix-benchmark/lxc/null-ptr-9-lxc/pre/codeql-db/src/usr/include/x86_64-linux-gnu/bits/types/error_t.h
[E 06:04:59 16920] Already archived /effFix-experiment/effFix-benchmark/lxc/null-ptr-9-lxc/pre/codeql-db/src/usr/include/getopt.h
[E 06:04:59 16920] Already archived /effFix-experiment/effFix-benchmark/lxc/null-ptr-9-lxc/pre/codeql-db/src/usr/include/x86_64-linux-gnu/bits/getopt_core.h
[E 06:04:59 16920] Already archived /effFix-experiment/effFix-benchmark/lxc/null-ptr-9-lxc/pre/codeql-db/src/usr/include/x86_64-linux-gnu/bits/getopt_ext.h
[E 06:04:59 16920] Already archived /effFix-experiment/effFix-benchmark/lxc/null-ptr-9-lxc/pre/codeql-db/src/usr/include/libgen.h
[E 06:04:59 16920] Already archived /effFix-experiment/effFix-benchmark/lxc/null-ptr-9-lxc/pre/codeql-db/src/usr/include/netinet/in.h
[E 06:04:59 16920] Already archived /effFix-experiment/effFix-benchmark/lxc/null-ptr-9-lxc/pre/codeql-db/src/usr/include/x86_64-linux-gnu/bits/stdint-uintn.h
[E 06:04:59 16920] Already archived /effFix-experiment/effFix-benchmark/lxc/null-ptr-9-lxc/pre/codeql-db/src/usr/include/x86_64-linux-gnu/sys/socket.h
[E 06:04:59 16920] Already archived /effFix-experiment/effFix-benchmark/lxc/null-ptr-9-lxc/pre/codeql-db/src/usr/include/x86_64-linux-gnu/bits/types/struct_iovec.h
[E 06:04:59 16920] Already archived /effFix-experiment/effFix-benchmark/lxc/null-ptr-9-lxc/pre/codeql-db/src/usr/lib/llvm-10/lib/clang/10.0.0/include/stddef.h
[E 06:04:59 16920] Already archived /effFix-experiment/effFix-benchmark/lxc/null-ptr-9-lxc/pre/codeql-db/src/usr/lib/llvm-10/lib/clang/10.0.0/include/stddef.h
[E 06:04:59 16920] Already archived /effFix-experiment/effFix-benchmark/lxc/null-ptr-9-lxc/pre/codeql-db/src/usr/include/x86_64-linux-gnu/bits/socket.h
[E 06:04:59 16920] Already archived /effFix-experiment/effFix-benchmark/lxc/null-ptr-9-lxc/pre/codeql-db/src/usr/lib/llvm-10/lib/clang/10.0.0/include/stddef.h
[E 06:04:59 16920] Already archived /effFix-experiment/effFix-benchmark/lxc/null-ptr-9-lxc/pre/codeql-db/src/usr/include/x86_64-linux-gnu/sys/types.h
[E 06:04:59 16920] Already archived /effFix-experiment/effFix-benchmark/lxc/null-ptr-9-lxc/pre/codeql-db/src/usr/include/x86_64-linux-gnu/bits/types/clock_t.h
[E 06:04:59 16920] Already archived /effFix-experiment/effFix-benchmark/lxc/null-ptr-9-lxc/pre/codeql-db/src/usr/include/x86_64-linux-gnu/bits/types/clockid_t.h
[E 06:04:59 16920] Already archived /effFix-experiment/effFix-benchmark/lxc/null-ptr-9-lxc/pre/codeql-db/src/usr/include/x86_64-linux-gnu/bits/types/time_t.h
[E 06:04:59 16920] Already archived /effFix-experiment/effFix-benchmark/lxc/null-ptr-9-lxc/pre/codeql-db/src/usr/include/x86_64-linux-gnu/bits/types/timer_t.h
[E 06:04:59 16920] Already archived /effFix-experiment/effFix-benchmark/lxc/null-ptr-9-lxc/pre/codeql-db/src/usr/lib/llvm-10/lib/clang/10.0.0/include/stddef.h
[E 06:04:59 16920] Already archived /effFix-experiment/effFix-benchmark/lxc/null-ptr-9-lxc/pre/codeql-db/src/usr/include/x86_64-linux-gnu/bits/stdint-intn.h
[E 06:04:59 16920] Already archived /effFix-experiment/effFix-benchmark/lxc/null-ptr-9-lxc/pre/codeql-db/src/usr/include/endian.h
[E 06:04:59 16920] Already archived /effFix-experiment/effFix-benchmark/lxc/null-ptr-9-lxc/pre/codeql-db/src/usr/include/x86_64-linux-gnu/bits/endian.h
[E 06:04:59 16920] Already archived /effFix-experiment/effFix-benchmark/lxc/null-ptr-9-lxc/pre/codeql-db/src/usr/include/x86_64-linux-gnu/bits/endianness.h
[E 06:04:59 16920] Already archived /effFix-experiment/effFix-benchmark/lxc/null-ptr-9-lxc/pre/codeql-db/src/usr/include/x86_64-linux-gnu/bits/byteswap.h
[E 06:04:59 16920] Already archived /effFix-experiment/effFix-benchmark/lxc/null-ptr-9-lxc/pre/codeql-db/src/usr/include/x86_64-linux-gnu/bits/uintn-identity.h
[E 06:04:59 16920] Already archived /effFix-experiment/effFix-benchmark/lxc/null-ptr-9-lxc/pre/codeql-db/src/usr/include/x86_64-linux-gnu/sys/select.h
[E 06:04:59 16920] Already archived /effFix-experiment/effFix-benchmark/lxc/null-ptr-9-lxc/pre/codeql-db/src/usr/include/x86_64-linux-gnu/bits/select.h
[E 06:04:59 16920] Already archived /effFix-experiment/effFix-benchmark/lxc/null-ptr-9-lxc/pre/codeql-db/src/usr/include/x86_64-linux-gnu/bits/wordsize.h
[E 06:04:59 16920] Already archived /effFix-experiment/effFix-benchmark/lxc/null-ptr-9-lxc/pre/codeql-db/src/usr/include/x86_64-linux-gnu/bits/types/sigset_t.h
[E 06:04:59 16920] Already archived /effFix-experiment/effFix-benchmark/lxc/null-ptr-9-lxc/pre/codeql-db/src/usr/include/x86_64-linux-gnu/bits/types/__sigset_t.h
[E 06:04:59 16920] Already archived /effFix-experiment/effFix-benchmark/lxc/null-ptr-9-lxc/pre/codeql-db/src/usr/include/x86_64-linux-gnu/bits/types/struct_timeval.h
[E 06:04:59 16920] Already archived /effFix-experiment/effFix-benchmark/lxc/null-ptr-9-lxc/pre/codeql-db/src/usr/include/x86_64-linux-gnu/bits/types/struct_timespec.h
[E 06:04:59 16920] Already archived /effFix-experiment/effFix-benchmark/lxc/null-ptr-9-lxc/pre/codeql-db/src/usr/include/x86_64-linux-gnu/bits/pthreadtypes.h
[E 06:04:59 16920] Already archived /effFix-experiment/effFix-benchmark/lxc/null-ptr-9-lxc/pre/codeql-db/src/usr/include/x86_64-linux-gnu/bits/thread-shared-types.h
[E 06:04:59 16920] Already archived /effFix-experiment/effFix-benchmark/lxc/null-ptr-9-lxc/pre/codeql-db/src/usr/include/x86_64-linux-gnu/bits/pthreadtypes-arch.h
[E 06:04:59 16920] Already archived /effFix-experiment/effFix-benchmark/lxc/null-ptr-9-lxc/pre/codeql-db/src/usr/include/x86_64-linux-gnu/bits/wordsize.h
[E 06:04:59 16920] Already archived /effFix-experiment/effFix-benchmark/lxc/null-ptr-9-lxc/pre/codeql-db/src/usr/include/x86_64-linux-gnu/bits/struct_mutex.h
[E 06:04:59 16920] Already archived /effFix-experiment/effFix-benchmark/lxc/null-ptr-9-lxc/pre/codeql-db/src/usr/include/x86_64-linux-gnu/bits/struct_rwlock.h
[E 06:04:59 16920] Already archived /effFix-experiment/effFix-benchmark/lxc/null-ptr-9-lxc/pre/codeql-db/src/usr/include/x86_64-linux-gnu/bits/socket_type.h
[E 06:04:59 16920] Already archived /effFix-experiment/effFix-benchmark/lxc/null-ptr-9-lxc/pre/codeql-db/src/usr/include/x86_64-linux-gnu/bits/sockaddr.h
[E 06:04:59 16920] Already archived /effFix-experiment/effFix-benchmark/lxc/null-ptr-9-lxc/pre/codeql-db/src/usr/include/x86_64-linux-gnu/asm/socket.h
[E 06:04:59 16920] Already archived /effFix-experiment/effFix-benchmark/lxc/null-ptr-9-lxc/pre/codeql-db/src/usr/include/asm-generic/socket.h
[E 06:04:59 16920] Already archived /effFix-experiment/effFix-benchmark/lxc/null-ptr-9-lxc/pre/codeql-db/src/usr/include/linux/posix_types.h
[E 06:04:59 16920] Already archived /effFix-experiment/effFix-benchmark/lxc/null-ptr-9-lxc/pre/codeql-db/src/usr/include/linux/stddef.h
[E 06:04:59 16920] Already archived /effFix-experiment/effFix-benchmark/lxc/null-ptr-9-lxc/pre/codeql-db/src/usr/include/x86_64-linux-gnu/asm/posix_types.h
[E 06:04:59 16920] Already archived /effFix-experiment/effFix-benchmark/lxc/null-ptr-9-lxc/pre/codeql-db/src/usr/include/x86_64-linux-gnu/asm/posix_types_64.h
[E 06:04:59 16920] Already archived /effFix-experiment/effFix-benchmark/lxc/null-ptr-9-lxc/pre/codeql-db/src/usr/include/asm-generic/posix_types.h
[E 06:04:59 16920] Already archived /effFix-experiment/effFix-benchmark/lxc/null-ptr-9-lxc/pre/codeql-db/src/usr/include/x86_64-linux-gnu/asm/bitsperlong.h
[E 06:04:59 16920] Already archived /effFix-experiment/effFix-benchmark/lxc/null-ptr-9-lxc/pre/codeql-db/src/usr/include/asm-generic/bitsperlong.h
[E 06:04:59 16920] Already archived /effFix-experiment/effFix-benchmark/lxc/null-ptr-9-lxc/pre/codeql-db/src/usr/include/x86_64-linux-gnu/asm/sockios.h
[E 06:04:59 16920] Already archived /effFix-experiment/effFix-benchmark/lxc/null-ptr-9-lxc/pre/codeql-db/src/usr/include/asm-generic/sockios.h
[E 06:04:59 16920] Already archived /effFix-experiment/effFix-benchmark/lxc/null-ptr-9-lxc/pre/codeql-db/src/usr/include/x86_64-linux-gnu/bits/types/struct_osockaddr.h
[E 06:04:59 16920] Already archived /effFix-experiment/effFix-benchmark/lxc/null-ptr-9-lxc/pre/codeql-db/src/usr/include/x86_64-linux-gnu/bits/in.h
[E 06:04:59 16920] Already archived /effFix-experiment/effFix-benchmark/lxc/null-ptr-9-lxc/pre/codeql-db/src/usr/include/x86_64-linux-gnu/bits/byteswap.h
[E 06:04:59 16920] Already archived /effFix-experiment/effFix-benchmark/lxc/null-ptr-9-lxc/pre/codeql-db/src/usr/include/x86_64-linux-gnu/bits/uintn-identity.h
[E 06:04:59 16920] Already archived /effFix-experiment/effFix-benchmark/lxc/null-ptr-9-lxc/pre/codeql-db/src/usr/include/pwd.h
[E 06:04:59 16920] Already archived /effFix-experiment/effFix-benchmark/lxc/null-ptr-9-lxc/pre/codeql-db/src/usr/lib/llvm-10/lib/clang/10.0.0/include/stddef.h
[E 06:04:59 16920] Already archived /effFix-experiment/effFix-benchmark/lxc/null-ptr-9-lxc/pre/codeql-db/src/usr/include/signal.h
[E 06:04:59 16920] Already archived /effFix-experiment/effFix-benchmark/lxc/null-ptr-9-lxc/pre/codeql-db/src/usr/include/x86_64-linux-gnu/bits/signum.h
[E 06:04:59 16920] Already archived /effFix-experiment/effFix-benchmark/lxc/null-ptr-9-lxc/pre/codeql-db/src/usr/include/x86_64-linux-gnu/bits/signum-generic.h
[E 06:04:59 16920] Already archived /effFix-experiment/effFix-benchmark/lxc/null-ptr-9-lxc/pre/codeql-db/src/usr/include/x86_64-linux-gnu/bits/types/sig_atomic_t.h
[E 06:04:59 16920] Already archived /effFix-experiment/effFix-benchmark/lxc/null-ptr-9-lxc/pre/codeql-db/src/usr/include/x86_64-linux-gnu/bits/types/siginfo_t.h
[E 06:04:59 16920] Already archived /effFix-experiment/effFix-benchmark/lxc/null-ptr-9-lxc/pre/codeql-db/src/usr/include/x86_64-linux-gnu/bits/wordsize.h
[E 06:04:59 16920] Already archived /effFix-experiment/effFix-benchmark/lxc/null-ptr-9-lxc/pre/codeql-db/src/usr/include/x86_64-linux-gnu/bits/types/__sigval_t.h
[E 06:04:59 16920] Already archived /effFix-experiment/effFix-benchmark/lxc/null-ptr-9-lxc/pre/codeql-db/src/usr/include/x86_64-linux-gnu/bits/siginfo-arch.h
[E 06:04:59 16920] Already archived /effFix-experiment/effFix-benchmark/lxc/null-ptr-9-lxc/pre/codeql-db/src/usr/include/x86_64-linux-gnu/bits/siginfo-consts.h
[E 06:04:59 16920] Already archived /effFix-experiment/effFix-benchmark/lxc/null-ptr-9-lxc/pre/codeql-db/src/usr/include/x86_64-linux-gnu/bits/siginfo-consts-arch.h
[E 06:04:59 16920] Already archived /effFix-experiment/effFix-benchmark/lxc/null-ptr-9-lxc/pre/codeql-db/src/usr/include/x86_64-linux-gnu/bits/types/sigval_t.h
[E 06:04:59 16920] Already archived /effFix-experiment/effFix-benchmark/lxc/null-ptr-9-lxc/pre/codeql-db/src/usr/include/x86_64-linux-gnu/bits/types/sigevent_t.h
[E 06:04:59 16920] Already archived /effFix-experiment/effFix-benchmark/lxc/null-ptr-9-lxc/pre/codeql-db/src/usr/include/x86_64-linux-gnu/bits/wordsize.h
[E 06:04:59 16920] Already archived /effFix-experiment/effFix-benchmark/lxc/null-ptr-9-lxc/pre/codeql-db/src/usr/include/x86_64-linux-gnu/bits/sigevent-consts.h
[E 06:04:59 16920] Already archived /effFix-experiment/effFix-benchmark/lxc/null-ptr-9-lxc/pre/codeql-db/src/usr/include/x86_64-linux-gnu/bits/sigaction.h
[E 06:04:59 16920] Already archived /effFix-experiment/effFix-benchmark/lxc/null-ptr-9-lxc/pre/codeql-db/src/usr/include/x86_64-linux-gnu/bits/sigcontext.h
[E 06:04:59 16920] Already archived /effFix-experiment/effFix-benchmark/lxc/null-ptr-9-lxc/pre/codeql-db/src/usr/lib/llvm-10/lib/clang/10.0.0/include/stddef.h
[E 06:04:59 16920] Already archived /effFix-experiment/effFix-benchmark/lxc/null-ptr-9-lxc/pre/codeql-db/src/usr/include/x86_64-linux-gnu/bits/types/stack_t.h
[E 06:04:59 16920] Already archived /effFix-experiment/effFix-benchmark/lxc/null-ptr-9-lxc/pre/codeql-db/src/usr/lib/llvm-10/lib/clang/10.0.0/include/stddef.h
[E 06:04:59 16920] Already archived /effFix-experiment/effFix-benchmark/lxc/null-ptr-9-lxc/pre/codeql-db/src/usr/include/x86_64-linux-gnu/sys/ucontext.h
[E 06:04:59 16920] Already archived /effFix-experiment/effFix-benchmark/lxc/null-ptr-9-lxc/pre/codeql-db/src/usr/include/x86_64-linux-gnu/bits/sigstack.h
[E 06:04:59 16920] Already archived /effFix-experiment/effFix-benchmark/lxc/null-ptr-9-lxc/pre/codeql-db/src/usr/include/x86_64-linux-gnu/bits/ss_flags.h
[E 06:04:59 16920] Already archived /effFix-experiment/effFix-benchmark/lxc/null-ptr-9-lxc/pre/codeql-db/src/usr/include/x86_64-linux-gnu/bits/types/struct_sigstack.h
[E 06:04:59 16920] Already archived /effFix-experiment/effFix-benchmark/lxc/null-ptr-9-lxc/pre/codeql-db/src/usr/include/x86_64-linux-gnu/bits/sigthread.h
[E 06:04:59 16920] Already archived /effFix-experiment/effFix-benchmark/lxc/null-ptr-9-lxc/pre/codeql-db/src/usr/include/x86_64-linux-gnu/bits/signal_ext.h
[E 06:04:59 16920] Already archived /effFix-experiment/effFix-benchmark/lxc/null-ptr-9-lxc/pre/codeql-db/src/usr/include/stdlib.h
[E 06:04:59 16920] Already archived /effFix-experiment/effFix-benchmark/lxc/null-ptr-9-lxc/pre/codeql-db/src/usr/include/x86_64-linux-gnu/bits/libc-header-start.h
[E 06:04:59 16920] Already archived /effFix-experiment/effFix-benchmark/lxc/null-ptr-9-lxc/pre/codeql-db/src/usr/lib/llvm-10/lib/clang/10.0.0/include/stddef.h
[E 06:04:59 16920] Already archived /effFix-experiment/effFix-benchmark/lxc/null-ptr-9-lxc/pre/codeql-db/src/usr/include/x86_64-linux-gnu/bits/waitflags.h
[E 06:04:59 16920] Already archived /effFix-experiment/effFix-benchmark/lxc/null-ptr-9-lxc/pre/codeql-db/src/usr/include/x86_64-linux-gnu/bits/waitstatus.h
[E 06:04:59 16920] Already archived /effFix-experiment/effFix-benchmark/lxc/null-ptr-9-lxc/pre/codeql-db/src/usr/include/x86_64-linux-gnu/bits/floatn.h
[E 06:04:59 16920] Already archived /effFix-experiment/effFix-benchmark/lxc/null-ptr-9-lxc/pre/codeql-db/src/usr/include/x86_64-linux-gnu/bits/floatn-common.h
[E 06:04:59 16920] Already archived /effFix-experiment/effFix-benchmark/lxc/null-ptr-9-lxc/pre/codeql-db/src/usr/include/x86_64-linux-gnu/bits/long-double.h
[E 06:04:59 16920] Already archived /effFix-experiment/effFix-benchmark/lxc/null-ptr-9-lxc/pre/codeql-db/src/usr/include/x86_64-linux-gnu/bits/types/locale_t.h
[E 06:04:59 16920] Already archived /effFix-experiment/effFix-benchmark/lxc/null-ptr-9-lxc/pre/codeql-db/src/usr/include/x86_64-linux-gnu/bits/types/__locale_t.h
[E 06:04:59 16920] Already archived /effFix-experiment/effFix-benchmark/lxc/null-ptr-9-lxc/pre/codeql-db/src/usr/include/alloca.h
[E 06:04:59 16920] Already archived /effFix-experiment/effFix-benchmark/lxc/null-ptr-9-lxc/pre/codeql-db/src/usr/lib/llvm-10/lib/clang/10.0.0/include/stddef.h
[E 06:04:59 16920] Already archived /effFix-experiment/effFix-benchmark/lxc/null-ptr-9-lxc/pre/codeql-db/src/usr/include/x86_64-linux-gnu/bits/stdlib-bsearch.h
[E 06:04:59 16920] Already archived /effFix-experiment/effFix-benchmark/lxc/null-ptr-9-lxc/pre/codeql-db/src/usr/include/x86_64-linux-gnu/bits/stdlib-float.h
[E 06:04:59 16920] Already archived /effFix-experiment/effFix-benchmark/lxc/null-ptr-9-lxc/pre/codeql-db/src/usr/include/string.h
[E 06:04:59 16920] Already archived /effFix-experiment/effFix-benchmark/lxc/null-ptr-9-lxc/pre/codeql-db/src/usr/include/x86_64-linux-gnu/bits/libc-header-start.h
[E 06:04:59 16920] Already archived /effFix-experiment/effFix-benchmark/lxc/null-ptr-9-lxc/pre/codeql-db/src/usr/lib/llvm-10/lib/clang/10.0.0/include/stddef.h
[E 06:04:59 16920] Already archived /effFix-experiment/effFix-benchmark/lxc/null-ptr-9-lxc/pre/codeql-db/src/usr/include/strings.h
[E 06:04:59 16920] Already archived /effFix-experiment/effFix-benchmark/lxc/null-ptr-9-lxc/pre/codeql-db/src/usr/lib/llvm-10/lib/clang/10.0.0/include/stddef.h
[E 06:04:59 16920] Already archived /effFix-experiment/effFix-benchmark/lxc/null-ptr-9-lxc/pre/codeql-db/src/usr/include/x86_64-linux-gnu/sys/syscall.h
[E 06:04:59 16920] Already archived /effFix-experiment/effFix-benchmark/lxc/null-ptr-9-lxc/pre/codeql-db/src/usr/include/x86_64-linux-gnu/asm/unistd.h
[E 06:04:59 16920] Already archived /effFix-experiment/effFix-benchmark/lxc/null-ptr-9-lxc/pre/codeql-db/src/usr/include/x86_64-linux-gnu/asm/unistd_64.h
[E 06:04:59 16920] Already archived /effFix-experiment/effFix-benchmark/lxc/null-ptr-9-lxc/pre/codeql-db/src/usr/include/x86_64-linux-gnu/bits/syscall.h
[E 06:04:59 16920] Already archived /effFix-experiment/effFix-benchmark/lxc/null-ptr-9-lxc/pre/codeql-db/src/usr/include/x86_64-linux-gnu/sys/wait.h
[E 06:04:59 16920] Already archived /effFix-experiment/effFix-benchmark/lxc/null-ptr-9-lxc/pre/codeql-db/src/usr/include/unistd.h
[E 06:04:59 16920] Already archived /effFix-experiment/effFix-benchmark/lxc/null-ptr-9-lxc/pre/codeql-db/src/usr/include/x86_64-linux-gnu/bits/posix_opt.h
[E 06:04:59 16920] Already archived /effFix-experiment/effFix-benchmark/lxc/null-ptr-9-lxc/pre/codeql-db/src/usr/include/x86_64-linux-gnu/bits/environments.h
[E 06:04:59 16920] Already archived /effFix-experiment/effFix-benchmark/lxc/null-ptr-9-lxc/pre/codeql-db/src/usr/include/x86_64-linux-gnu/bits/wordsize.h
[E 06:04:59 16920] Already archived /effFix-experiment/effFix-benchmark/lxc/null-ptr-9-lxc/pre/codeql-db/src/usr/lib/llvm-10/lib/clang/10.0.0/include/stddef.h
[E 06:04:59 16920] Already archived /effFix-experiment/effFix-benchmark/lxc/null-ptr-9-lxc/pre/codeql-db/src/usr/include/x86_64-linux-gnu/bits/confname.h
[E 06:04:59 16920] Already archived /effFix-experiment/effFix-benchmark/lxc/null-ptr-9-lxc/pre/codeql-db/src/usr/include/x86_64-linux-gnu/bits/getopt_posix.h
[E 06:04:59 16920] Already archived /effFix-experiment/effFix-benchmark/lxc/null-ptr-9-lxc/pre/codeql-db/src/usr/include/x86_64-linux-gnu/bits/unistd_ext.h
[E 06:04:59 16920] Already archived /effFix-experiment/effFix-benchmark/lxc/null-ptr-9-lxc/pre/codeql-db/src/effFix-experiment/effFix-benchmark/lxc/null-ptr-9-lxc/src/src/lxc/caps.h
[E 06:04:59 16920] Already archived /effFix-experiment/effFix-benchmark/lxc/null-ptr-9-lxc/pre/codeql-db/src/effFix-experiment/effFix-benchmark/lxc/null-ptr-9-lxc/src/src/config.h
[E 06:04:59 16920] Already archived /effFix-experiment/effFix-benchmark/lxc/null-ptr-9-lxc/pre/codeql-db/src/usr/lib/llvm-10/lib/clang/10.0.0/include/stdbool.h
[E 06:04:59 16920] Already archived /effFix-experiment/effFix-benchmark/lxc/null-ptr-9-lxc/pre/codeql-db/src/effFix-experiment/effFix-benchmark/lxc/null-ptr-9-lxc/src/src/lxc/cgroups/cgroup.h
[E 06:04:59 16920] Already archived /effFix-experiment/effFix-benchmark/lxc/null-ptr-9-lxc/pre/codeql-db/src/usr/lib/llvm-10/lib/clang/10.0.0/include/stddef.h
[E 06:04:59 16920] Already archived /effFix-experiment/effFix-benchmark/lxc/null-ptr-9-lxc/pre/codeql-db/src/usr/lib/llvm-10/lib/clang/10.0.0/include/__stddef_max_align_t.h
[E 06:04:59 16920] Already archived /effFix-experiment/effFix-benchmark/lxc/null-ptr-9-lxc/pre/codeql-db/src/effFix-experiment/effFix-benchmark/lxc/null-ptr-9-lxc/src/src/lxc/error.h
[E 06:04:59 16920] Already archived /effFix-experiment/effFix-benchmark/lxc/null-ptr-9-lxc/pre/codeql-db/src/effFix-experiment/effFix-benchmark/lxc/null-ptr-9-lxc/src/src/lxc/log.h
[E 06:04:59 16920] Already archived /effFix-experiment/effFix-benchmark/lxc/null-ptr-9-lxc/pre/codeql-db/src/effFix-experiment/effFix-benchmark/lxc/null-ptr-9-lxc/src/src/config.h
[E 06:04:59 16920] Already archived /effFix-experiment/effFix-benchmark/lxc/null-ptr-9-lxc/pre/codeql-db/src/usr/include/x86_64-linux-gnu/sys/time.h
[E 06:04:59 16920] Already archived /effFix-experiment/effFix-benchmark/lxc/null-ptr-9-lxc/pre/codeql-db/src/usr/include/syslog.h
[E 06:04:59 16920] Already archived /effFix-experiment/effFix-benchmark/lxc/null-ptr-9-lxc/pre/codeql-db/src/usr/include/x86_64-linux-gnu/sys/syslog.h
[E 06:04:59 16920] Already archived /effFix-experiment/effFix-benchmark/lxc/null-ptr-9-lxc/pre/codeql-db/src/usr/include/x86_64-linux-gnu/bits/syslog-path.h
[E 06:04:59 16920] Already archived /effFix-experiment/effFix-benchmark/lxc/null-ptr-9-lxc/pre/codeql-db/src/usr/include/time.h
[E 06:04:59 16920] Already archived /effFix-experiment/effFix-benchmark/lxc/null-ptr-9-lxc/pre/codeql-db/src/usr/lib/llvm-10/lib/clang/10.0.0/include/stddef.h
[E 06:04:59 16920] Already archived /effFix-experiment/effFix-benchmark/lxc/null-ptr-9-lxc/pre/codeql-db/src/usr/include/x86_64-linux-gnu/bits/time.h
[E 06:04:59 16920] Already archived /effFix-experiment/effFix-benchmark/lxc/null-ptr-9-lxc/pre/codeql-db/src/usr/include/x86_64-linux-gnu/bits/timex.h
[E 06:04:59 16920] Already archived /effFix-experiment/effFix-benchmark/lxc/null-ptr-9-lxc/pre/codeql-db/src/usr/include/x86_64-linux-gnu/bits/types/struct_tm.h
[E 06:04:59 16920] Already archived /effFix-experiment/effFix-benchmark/lxc/null-ptr-9-lxc/pre/codeql-db/src/usr/include/x86_64-linux-gnu/bits/types/struct_itimerspec.h
[E 06:04:59 16920] Already archived /effFix-experiment/effFix-benchmark/lxc/null-ptr-9-lxc/pre/codeql-db/src/effFix-experiment/effFix-benchmark/lxc/null-ptr-9-lxc/src/src/lxc/conf.h
[E 06:04:59 16920] Already archived /effFix-experiment/effFix-benchmark/lxc/null-ptr-9-lxc/pre/codeql-db/src/effFix-experiment/effFix-benchmark/lxc/null-ptr-9-lxc/src/src/config.h
[E 06:04:59 16920] Already archived /effFix-experiment/effFix-benchmark/lxc/null-ptr-9-lxc/pre/codeql-db/src/usr/include/net/if.h
[E 06:04:59 16920] Already archived /effFix-experiment/effFix-benchmark/lxc/null-ptr-9-lxc/pre/codeql-db/src/usr/include/x86_64-linux-gnu/sys/param.h
[E 06:04:59 16920] Already archived /effFix-experiment/effFix-benchmark/lxc/null-ptr-9-lxc/pre/codeql-db/src/usr/lib/llvm-10/lib/clang/10.0.0/include/stddef.h
[E 06:04:59 16920] Already archived /effFix-experiment/effFix-benchmark/lxc/null-ptr-9-lxc/pre/codeql-db/src/usr/lib/llvm-10/lib/clang/10.0.0/include/limits.h
[E 06:04:59 16920] Already archived /effFix-experiment/effFix-benchmark/lxc/null-ptr-9-lxc/pre/codeql-db/src/usr/include/limits.h
[E 06:04:59 16920] Already archived /effFix-experiment/effFix-benchmark/lxc/null-ptr-9-lxc/pre/codeql-db/src/usr/include/x86_64-linux-gnu/bits/libc-header-start.h
[E 06:04:59 16920] Already archived /effFix-experiment/effFix-benchmark/lxc/null-ptr-9-lxc/pre/codeql-db/src/usr/include/x86_64-linux-gnu/bits/posix1_lim.h
[E 06:04:59 16920] Already archived /effFix-experiment/effFix-benchmark/lxc/null-ptr-9-lxc/pre/codeql-db/src/usr/include/x86_64-linux-gnu/bits/wordsize.h
[E 06:04:59 16920] Already archived /effFix-experiment/effFix-benchmark/lxc/null-ptr-9-lxc/pre/codeql-db/src/usr/include/x86_64-linux-gnu/bits/local_lim.h
[E 06:04:59 16920] Already archived /effFix-experiment/effFix-benchmark/lxc/null-ptr-9-lxc/pre/codeql-db/src/usr/include/linux/limits.h
[E 06:04:59 16920] Already archived /effFix-experiment/effFix-benchmark/lxc/null-ptr-9-lxc/pre/codeql-db/src/usr/include/x86_64-linux-gnu/bits/posix2_lim.h
[E 06:04:59 16920] Already archived /effFix-experiment/effFix-benchmark/lxc/null-ptr-9-lxc/pre/codeql-db/src/usr/include/x86_64-linux-gnu/bits/xopen_lim.h
[E 06:04:59 16920] Already archived /effFix-experiment/effFix-benchmark/lxc/null-ptr-9-lxc/pre/codeql-db/src/usr/include/x86_64-linux-gnu/bits/uio_lim.h
[E 06:04:59 16920] Already archived /effFix-experiment/effFix-benchmark/lxc/null-ptr-9-lxc/pre/codeql-db/src/usr/include/x86_64-linux-gnu/bits/param.h
[E 06:04:59 16920] Already archived /effFix-experiment/effFix-benchmark/lxc/null-ptr-9-lxc/pre/codeql-db/src/usr/include/linux/param.h
[E 06:04:59 16920] Already archived /effFix-experiment/effFix-benchmark/lxc/null-ptr-9-lxc/pre/codeql-db/src/usr/include/x86_64-linux-gnu/asm/param.h
[E 06:04:59 16920] Already archived /effFix-experiment/effFix-benchmark/lxc/null-ptr-9-lxc/pre/codeql-db/src/usr/include/asm-generic/param.h
[E 06:04:59 16920] Already archived /effFix-experiment/effFix-benchmark/lxc/null-ptr-9-lxc/pre/codeql-db/src/usr/include/x86_64-linux-gnu/sys/resource.h
[E 06:04:59 16920] Already archived /effFix-experiment/effFix-benchmark/lxc/null-ptr-9-lxc/pre/codeql-db/src/usr/include/x86_64-linux-gnu/bits/resource.h
[E 06:04:59 16920] Already archived /effFix-experiment/effFix-benchmark/lxc/null-ptr-9-lxc/pre/codeql-db/src/usr/include/x86_64-linux-gnu/bits/types/struct_rusage.h
[E 06:04:59 16920] Already archived /effFix-experiment/effFix-benchmark/lxc/null-ptr-9-lxc/pre/codeql-db/src/effFix-experiment/effFix-benchmark/lxc/null-ptr-9-lxc/src/src/lxc/list.h
[E 06:04:59 16920] Already archived /effFix-experiment/effFix-benchmark/lxc/null-ptr-9-lxc/pre/codeql-db/src/effFix-experiment/effFix-benchmark/lxc/null-ptr-9-lxc/src/src/lxc/start.h
[E 06:04:59 16920] Already archived /effFix-experiment/effFix-benchmark/lxc/null-ptr-9-lxc/pre/codeql-db/src/effFix-experiment/effFix-benchmark/lxc/null-ptr-9-lxc/src/src/lxc/conf.h
[E 06:04:59 16920] Already archived /effFix-experiment/effFix-benchmark/lxc/null-ptr-9-lxc/pre/codeql-db/src/effFix-experiment/effFix-benchmark/lxc/null-ptr-9-lxc/src/src/config.h
[E 06:04:59 16920] Already archived /effFix-experiment/effFix-benchmark/lxc/null-ptr-9-lxc/pre/codeql-db/src/effFix-experiment/effFix-benchmark/lxc/null-ptr-9-lxc/src/src/lxc/state.h
[E 06:04:59 16920] Already archived /effFix-experiment/effFix-benchmark/lxc/null-ptr-9-lxc/pre/codeql-db/src/effFix-experiment/effFix-benchmark/lxc/null-ptr-9-lxc/src/src/lxc/namespace.h
[E 06:04:59 16920] Already archived /effFix-experiment/effFix-benchmark/lxc/null-ptr-9-lxc/pre/codeql-db/src/usr/include/sched.h
[E 06:04:59 16920] Already archived /effFix-experiment/effFix-benchmark/lxc/null-ptr-9-lxc/pre/codeql-db/src/usr/lib/llvm-10/lib/clang/10.0.0/include/stddef.h
[E 06:04:59 16920] Already archived /effFix-experiment/effFix-benchmark/lxc/null-ptr-9-lxc/pre/codeql-db/src/usr/include/x86_64-linux-gnu/bits/sched.h
[E 06:04:59 16920] Already archived /effFix-experiment/effFix-benchmark/lxc/null-ptr-9-lxc/pre/codeql-db/src/usr/include/x86_64-linux-gnu/bits/types/struct_sched_param.h
[E 06:04:59 16920] Already archived /effFix-experiment/effFix-benchmark/lxc/null-ptr-9-lxc/pre/codeql-db/src/usr/include/x86_64-linux-gnu/bits/cpu-set.h
[E 06:04:59 16920] Already archived /effFix-experiment/effFix-benchmark/lxc/null-ptr-9-lxc/pre/codeql-db/src/effFix-experiment/effFix-benchmark/lxc/null-ptr-9-lxc/src/src/config.h
[E 06:04:59 16920] Already archived /effFix-experiment/effFix-benchmark/lxc/null-ptr-9-lxc/pre/codeql-db/src/effFix-experiment/effFix-benchmark/lxc/null-ptr-9-lxc/src/src/lxc/network.h
[E 06:04:59 16920] Already archived /effFix-experiment/effFix-benchmark/lxc/null-ptr-9-lxc/pre/codeql-db/src/effFix-experiment/effFix-benchmark/lxc/null-ptr-9-lxc/src/src/lxc/utils.h
[E 06:04:59 16920] Already archived /effFix-experiment/effFix-benchmark/lxc/null-ptr-9-lxc/pre/codeql-db/src/effFix-experiment/effFix-benchmark/lxc/null-ptr-9-lxc/src/src/config.h
[E 06:04:59 16920] Already archived /effFix-experiment/effFix-benchmark/lxc/null-ptr-9-lxc/pre/codeql-db/src/usr/include/linux/loop.h
[E 06:04:59 16920] Already archived /effFix-experiment/effFix-benchmark/lxc/null-ptr-9-lxc/pre/codeql-db/src/usr/include/x86_64-linux-gnu/asm/posix_types.h
[E 06:04:59 16920] Already archived /effFix-experiment/effFix-benchmark/lxc/null-ptr-9-lxc/pre/codeql-db/src/usr/include/linux/types.h
[E 06:04:59 16920] Already archived /effFix-experiment/effFix-benchmark/lxc/null-ptr-9-lxc/pre/codeql-db/src/usr/include/x86_64-linux-gnu/asm/types.h
[E 06:04:59 16920] Already archived /effFix-experiment/effFix-benchmark/lxc/null-ptr-9-lxc/pre/codeql-db/src/usr/include/asm-generic/types.h
[E 06:04:59 16920] Already archived /effFix-experiment/effFix-benchmark/lxc/null-ptr-9-lxc/pre/codeql-db/src/usr/include/asm-generic/int-ll64.h
[E 06:04:59 16920] Already archived /effFix-experiment/effFix-benchmark/lxc/null-ptr-9-lxc/pre/codeql-db/src/effFix-experiment/effFix-benchmark/lxc/null-ptr-9-lxc/src/src/lxc/initutils.h
[E 06:04:59 16920] Already archived /effFix-experiment/effFix-benchmark/lxc/null-ptr-9-lxc/pre/codeql-db/src/usr/include/x86_64-linux-gnu/sys/stat.h
[E 06:04:59 16920] Already archived /effFix-experiment/effFix-benchmark/lxc/null-ptr-9-lxc/pre/codeql-db/src/usr/include/x86_64-linux-gnu/bits/stat.h
[E 06:04:59 16920] Already archived /effFix-experiment/effFix-benchmark/lxc/null-ptr-9-lxc/pre/codeql-db/src/usr/include/x86_64-linux-gnu/bits/statx.h
[E 06:04:59 16920] Already archived /effFix-experiment/effFix-benchmark/lxc/null-ptr-9-lxc/pre/codeql-db/src/usr/include/linux/stat.h
[E 06:04:59 16920] Already archived /effFix-experiment/effFix-benchmark/lxc/null-ptr-9-lxc/pre/codeql-db/src/usr/include/x86_64-linux-gnu/bits/statx-generic.h
[E 06:04:59 16920] Already archived /effFix-experiment/effFix-benchmark/lxc/null-ptr-9-lxc/pre/codeql-db/src/usr/include/x86_64-linux-gnu/bits/types/struct_statx_timestamp.h
[E 06:04:59 16920] Already archived /effFix-experiment/effFix-benchmark/lxc/null-ptr-9-lxc/pre/codeql-db/src/usr/include/x86_64-linux-gnu/bits/types/struct_statx.h
[E 06:04:59 16920] Already archived /effFix-experiment/effFix-benchmark/lxc/null-ptr-9-lxc/pre/codeql-db/src/usr/include/x86_64-linux-gnu/sys/mount.h
[E 06:04:59 16920] Already archived /effFix-experiment/effFix-benchmark/lxc/null-ptr-9-lxc/pre/codeql-db/src/usr/include/x86_64-linux-gnu/sys/ioctl.h
[E 06:04:59 16920] Already archived /effFix-experiment/effFix-benchmark/lxc/null-ptr-9-lxc/pre/codeql-db/src/usr/include/x86_64-linux-gnu/bits/ioctls.h
[E 06:04:59 16920] Already archived /effFix-experiment/effFix-benchmark/lxc/null-ptr-9-lxc/pre/codeql-db/src/usr/include/x86_64-linux-gnu/asm/ioctls.h
[E 06:04:59 16920] Already archived /effFix-experiment/effFix-benchmark/lxc/null-ptr-9-lxc/pre/codeql-db/src/usr/include/asm-generic/ioctls.h
[E 06:04:59 16920] Already archived /effFix-experiment/effFix-benchmark/lxc/null-ptr-9-lxc/pre/codeql-db/src/usr/include/linux/ioctl.h
[E 06:04:59 16920] Already archived /effFix-experiment/effFix-benchmark/lxc/null-ptr-9-lxc/pre/codeql-db/src/usr/include/x86_64-linux-gnu/asm/ioctl.h
[E 06:04:59 16920] Already archived /effFix-experiment/effFix-benchmark/lxc/null-ptr-9-lxc/pre/codeql-db/src/usr/include/asm-generic/ioctl.h
[E 06:04:59 16920] Already archived /effFix-experiment/effFix-benchmark/lxc/null-ptr-9-lxc/pre/codeql-db/src/usr/include/x86_64-linux-gnu/bits/ioctl-types.h
[E 06:04:59 16920] Already archived /effFix-experiment/effFix-benchmark/lxc/null-ptr-9-lxc/pre/codeql-db/src/usr/include/x86_64-linux-gnu/asm/ioctls.h
[E 06:04:59 16920] Already archived /effFix-experiment/effFix-benchmark/lxc/null-ptr-9-lxc/pre/codeql-db/src/usr/include/x86_64-linux-gnu/sys/ttydefaults.h
[E 06:04:59 16920] Already archived /effFix-experiment/effFix-benchmark/lxc/null-ptr-9-lxc/pre/codeql-db/src/usr/include/fcntl.h
[E 06:04:59 16920] Already archived /effFix-experiment/effFix-benchmark/lxc/null-ptr-9-lxc/pre/codeql-db/src/usr/include/x86_64-linux-gnu/bits/fcntl.h
[E 06:04:59 16920] Already archived /effFix-experiment/effFix-benchmark/lxc/null-ptr-9-lxc/pre/codeql-db/src/usr/include/x86_64-linux-gnu/bits/fcntl-linux.h
[E 06:04:59 16920] Already archived /effFix-experiment/effFix-benchmark/lxc/null-ptr-9-lxc/pre/codeql-db/src/usr/include/linux/falloc.h
[E 06:04:59 16920] Already archived /effFix-experiment/effFix-benchmark/lxc/null-ptr-9-lxc/pre/codeql-db/src/usr/include/x86_64-linux-gnu/bits/stat.h
[E 06:04:59 16920] Already archived /effFix-experiment/effFix-benchmark/lxc/null-ptr-9-lxc/pre/codeql-db/src/effFix-experiment/effFix-benchmark/lxc/null-ptr-9-lxc/src/src/config.h
[E 06:04:59 16920] Already archived /effFix-experiment/effFix-benchmark/lxc/null-ptr-9-lxc/pre/codeql-db/src/usr/include/x86_64-linux-gnu/sys/signalfd.h
[E 06:04:59 16920] Already archived /effFix-experiment/effFix-benchmark/lxc/null-ptr-9-lxc/pre/codeql-db/src/usr/lib/llvm-10/lib/clang/10.0.0/include/stdint.h
[E 06:04:59 16920] Already archived /effFix-experiment/effFix-benchmark/lxc/null-ptr-9-lxc/pre/codeql-db/src/usr/include/stdint.h
[E 06:04:59 16920] Already archived /effFix-experiment/effFix-benchmark/lxc/null-ptr-9-lxc/pre/codeql-db/src/usr/include/x86_64-linux-gnu/bits/libc-header-start.h
[E 06:04:59 16920] Already archived /effFix-experiment/effFix-benchmark/lxc/null-ptr-9-lxc/pre/codeql-db/src/usr/include/x86_64-linux-gnu/bits/wchar.h
[E 06:04:59 16920] Already archived /effFix-experiment/effFix-benchmark/lxc/null-ptr-9-lxc/pre/codeql-db/src/usr/include/x86_64-linux-gnu/bits/wordsize.h
[E 06:04:59 16920] Already archived /effFix-experiment/effFix-benchmark/lxc/null-ptr-9-lxc/pre/codeql-db/src/usr/include/x86_64-linux-gnu/bits/signalfd.h
[E 06:04:59 16920] Creating trap tarball /effFix-experiment/effFix-benchmark/lxc/null-ptr-9-lxc/pre/codeql-db/trap/cpp/tarballs/effFix-experiment/effFix-benchmark/lxc/null-ptr-9-lxc/src/src/lxc/tools/lxc_unshare.c.800d00fb_0.trap.tar.br
[E 06:04:59 16920] Emitting trap files for tools/lxc_unshare.c
[E 06:04:59 16920] Opening existencedb in /effFix-experiment/effFix-benchmark/lxc/null-ptr-9-lxc/pre/codeql-db/working/existencedb/db
[E 06:04:59 16920] Wrote 4 files to /effFix-experiment/effFix-benchmark/lxc/null-ptr-9-lxc/pre/codeql-db/trap/cpp/tarballs/effFix-experiment/effFix-benchmark/lxc/null-ptr-9-lxc/src/src/lxc/tools/lxc_unshare.c.800d00fb_0.trap.tar.br
[E 06:04:59 16920] Finished compilation TRAP /effFix-experiment/effFix-benchmark/lxc/null-ptr-9-lxc/pre/codeql-db/trap/cpp/compilations/23/19412951_0.trap.br
[E 06:04:59 16920] Marking C compilation as happened.
[E 06:04:59 16920] Setting tag c-compilation-happened
[E 06:04:59 16920] Starting from CODEQL_TRACER_DB_ID 000000000000420F_0000000000000001
[E 06:04:59 16920] Locking DB /effFix-experiment/effFix-benchmark/lxc/null-ptr-9-lxc/pre/codeql-db/working/tags.db
[E 06:04:59 16920] Locked DB /effFix-experiment/effFix-benchmark/lxc/null-ptr-9-lxc/pre/codeql-db/working/tags.db
[E 06:04:59 16920] Set tag for 000000000000420F_0000000000000001
[E 06:04:59 16920] Set tag for 000000000000420B_0000000000000001
[E 06:04:59 16920] Set tag for 0000000000002265_0000000000000001
[E 06:04:59 16920] Set tag for 000000000000225F_0000000000000001
[E 06:04:59 16920] Set tag for 000000000000225E_0000000000000002
[E 06:04:59 16920] Set tag for 000000000000225E_0000000000000001
[E 06:04:59 16920] Set tag for 000000000000225B_0000000000000001
[E 06:04:59 16920] Set tag for 0000000000002226_0000000000000001
[E 06:04:59 16920] Set tag for 0000000000002223_0000000000000003
[E 06:04:59 16920] Set tag for 0000000000002223_0000000000000002
[E 06:04:59 16920] Set tag for root
[E 06:04:59 16920] Unlocking DB
[E 06:04:59 16920] Unlocked DB
