Capturing in make/cc mode...
ar: creating ../libcrypto.a
Use of uninitialized value $output in pattern match (m//) at asm/md5-x86_64.pl line 115.
ar: creating ../libssl.a
WARNING: can't open config file: /usr/local/ssl/openssl.cnf
WARNING: can't open config file: /usr/local/ssl/openssl.cnf
WARNING: can't open config file: /usr/local/ssl/openssl.cnf
WARNING: can't open config file: /usr/local/ssl/openssl.cnf
Found 733 source files to analyze in /effFix-experiment/effFix-benchmark/openssl-1/null-ptr-3-openssl-1/pre/infer-out-whole
crypto/cms/cms_cd.c starting
crypto/bn/bn_exp2.c starting
crypto/cms/cms_pwri.c starting
crypto/asn1/f_int.c starting
crypto/asn1/a_utf8.c starting
crypto/bio/bf_null.c starting
crypto/pkcs12/p12_p8d.c starting
crypto/engine/tb_digest.c starting
crypto/dsa/dsa_vrf.c starting
crypto/des/cbc_cksm.c starting
crypto/dh/dh_lib.c starting
crypto/x509v3/v3_lib.c starting
crypto/ec/ec_print.c starting
crypto/bn/bn_mul.c starting
crypto/cms/cms_cd.c DONE
crypto/asn1/a_sign.c starting
apps/rsa.c starting
crypto/dsa/dsa_vrf.c DONE
crypto/engine/eng_lib.c starting
crypto/ec/ecp_nistputil.c starting
crypto/ec/ecp_nistputil.c DONE
crypto/objects/o_names.c starting
crypto/asn1/a_utf8.c DONE
apps/rsautl.c starting
crypto/pkcs12/p12_p8d.c DONE
crypto/mem_dbg.c starting
crypto/asn1/f_int.c DONE
crypto/x509v3/v3_akey.c starting
crypto/engine/eng_lib.c DONE
crypto/sha/sha1_one.c starting
crypto/sha/sha1_one.c DONE
apps/apps.c starting
apps/rsa.c DONE
crypto/asn1/t_pkey.c starting
crypto/bio/bf_null.c DONE
crypto/pkcs7/bio_pk7.c starting
crypto/dh/dh_lib.c DONE
crypto/pkcs12/p12_mutl.c starting
crypto/pkcs7/bio_pk7.c DONE
crypto/dso/dso_lib.c starting
crypto/engine/tb_digest.c DONE
ssl/ssl_lib.c starting
crypto/bn/bn_exp2.c DONE
ssl/s2_meth.c starting
ssl/s2_meth.c DONE
crypto/asn1/t_x509.c starting
crypto/asn1/t_pkey.c DONE
crypto/whrlpool/wp_dgst.c starting
crypto/des/cbc_cksm.c DONE
crypto/asn1/t_req.c starting
apps/rsautl.c DONE
crypto/pem/pvkfmt.c starting
crypto/objects/o_names.c DONE
crypto/engine/eng_cnf.c starting
crypto/whrlpool/wp_dgst.c DONE
crypto/modes/cts128.c starting
crypto/cms/cms_pwri.c DONE
crypto/dh/dhtest.c starting
crypto/dh/dhtest.c DONE
crypto/bn/bn_err.c starting
crypto/dso/dso_lib.c DONE
crypto/x509v3/v3_utl.c starting
crypto/modes/cts128.c DONE
crypto/ecdsa/ecs_ossl.c starting
crypto/bn/bn_err.c DONE
crypto/bf/bf_skey.c starting
crypto/bf/bf_skey.c DONE
crypto/md5/md5_dgst.c starting
crypto/md5/md5_dgst.c DONE
crypto/cms/cms_ess.c starting
crypto/pkcs12/p12_mutl.c DONE
crypto/modes/ofb128.c starting
crypto/modes/ofb128.c DONE
crypto/asn1/a_i2d_fp.c starting
crypto/asn1/a_i2d_fp.c DONE
crypto/asn1/x_x509a.c starting
crypto/ecdsa/ecs_ossl.c DONE
crypto/des/ofb_enc.c starting
crypto/ec/ec_print.c DONE
crypto/evp/p_enc.c starting
crypto/evp/p_enc.c DONE
apps/verify.c starting
crypto/asn1/t_x509.c DONE
engines/e_gmp.c starting
engines/e_gmp.c DONE
crypto/x509v3/v3_enum.c starting
crypto/x509v3/v3_enum.c DONE
crypto/asn1/bio_ndef.c starting
crypto/mem_dbg.c DONE
crypto/evp/encode.c starting
crypto/x509v3/v3_lib.c DONE
crypto/evp/p_seal.c starting
crypto/asn1/bio_ndef.c DONE
crypto/ocsp/ocsp_asn.c starting
crypto/evp/p_seal.c DONE
crypto/rsa/rsa_asn1.c starting
crypto/x509v3/v3_akey.c DONE
crypto/md5/md5_one.c starting
crypto/md5/md5_one.c DONE
ssl/ssltest.c starting
crypto/asn1/t_req.c DONE
crypto/lhash/lh_stats.c starting
crypto/asn1/x_x509a.c DONE
crypto/rsa/rsa_asn1.c DONE
crypto/rand/rand_win.c starting
crypto/des/cfb_enc.c starting
crypto/rand/rand_win.c DONE
crypto/rand/rand_os2.c starting
crypto/rand/rand_os2.c DONE
crypto/dsa/dsa_pmeth.c starting
crypto/bn/bn_mul.c DONE
crypto/engine/tb_pkmeth.c starting
crypto/evp/encode.c DONE
crypto/des/fcrypt_b.c starting
crypto/lhash/lh_stats.c DONE
crypto/dh/dh_prn.c starting
crypto/engine/tb_pkmeth.c DONE
crypto/krb5/krb5_asn.c starting
crypto/dsa/dsa_pmeth.c DONE
crypto/asn1/x_sig.c starting
crypto/des/fcrypt_b.c DONE
crypto/bio/bss_conn.c starting
crypto/asn1/x_sig.c DONE
crypto/objects/obj_dat.c starting
crypto/asn1/a_sign.c DONE
crypto/conf/conf_def.c starting
crypto/dh/dh_prn.c DONE
crypto/evp/m_ripemd.c starting
crypto/conf/conf_def.c DONE
crypto/conf/conf_mall.c starting
crypto/conf/conf_mall.c DONE
crypto/x509/x509_set.c starting
crypto/evp/m_ripemd.c DONE
crypto/ocsp/ocsp_vfy.c starting
crypto/ocsp/ocsp_asn.c DONE
crypto/o_time.c starting
crypto/o_time.c DONE
crypto/cms/cms_sd.c starting
crypto/krb5/krb5_asn.c DONE
crypto/ui/ui_err.c starting
apps/verify.c DONE
crypto/ec/ecp_oct.c starting
crypto/cms/cms_ess.c DONE
crypto/asn1/a_object.c starting
crypto/ec/ecp_oct.c DONE
crypto/rsa/rsa_err.c starting
crypto/ui/ui_err.c DONE
crypto/hmac/hmactest.c starting
crypto/hmac/hmactest.c DONE
crypto/evp/e_des.c starting
crypto/rsa/rsa_err.c DONE
crypto/ts/ts_asn1.c starting
crypto/asn1/a_object.c DONE
crypto/evp/e_old.c starting
crypto/evp/e_old.c DONE
crypto/x509v3/v3_skey.c starting
crypto/x509/x509_set.c DONE
crypto/uid.c starting
crypto/uid.c DONE
crypto/ecdsa/ecs_asn1.c starting
crypto/x509v3/v3_utl.c DONE
crypto/x509v3/v3_alt.c starting
crypto/ecdsa/ecs_asn1.c DONE
engines/e_nuron.c starting
crypto/bio/bss_conn.c DONE
engines/ccgost/gost94_keyx.c starting
crypto/des/ofb_enc.c DONE
crypto/md4/md4test.c starting
crypto/x509v3/v3_skey.c DONE
crypto/x509v3/v3_pcia.c starting
crypto/md4/md4test.c DONE
crypto/bf/bf_ecb.c starting
crypto/bf/bf_ecb.c DONE
crypto/asn1/x_req.c starting
crypto/x509v3/v3_pcia.c DONE
crypto/lhash/lhash.c starting
crypto/lhash/lhash.c DONE
crypto/asn1/x_val.c starting
crypto/asn1/x_req.c DONE
crypto/rsa/rsa_pss.c starting
crypto/asn1/x_val.c DONE
crypto/engine/eng_rdrand.c starting
crypto/engine/eng_rdrand.c DONE
crypto/fips_ers.c starting
crypto/fips_ers.c DONE
crypto/pkcs7/pk7_mime.c starting
engines/ccgost/gost94_keyx.c DONE
crypto/seed/seed_ofb.c starting
crypto/seed/seed_ofb.c DONE
ssl/t1_reneg.c starting
crypto/pkcs7/pk7_mime.c DONE
crypto/cast/c_cfb64.c starting
ssl/t1_reneg.c DONE
crypto/ts/ts_req_print.c starting
crypto/ts/ts_req_print.c DONE
crypto/des/des_old2.c starting
crypto/des/des_old2.c DONE
crypto/dh/dh_asn1.c starting
crypto/objects/obj_dat.c DONE
crypto/ec/eck_prn.c starting
crypto/cast/c_cfb64.c DONE
crypto/cmac/cmac.c starting
crypto/dh/dh_asn1.c DONE
crypto/bn/bn_shift.c starting
crypto/rsa/rsa_pss.c DONE
engines/ccgost/gosthash.c starting
crypto/engine/eng_cnf.c DONE
apps/ts.c starting
engines/ccgost/gosthash.c DONE
engines/e_sureware.c starting
crypto/pem/pvkfmt.c DONE
crypto/dso/dso_dl.c starting
crypto/dso/dso_dl.c DONE
apps/rand.c starting
engines/e_nuron.c DONE
crypto/asn1/asn_moid.c starting
apps/rand.c DONE
crypto/rsa/rsa_saos.c starting
crypto/cmac/cmac.c DONE
crypto/evp/e_rc2.c starting
crypto/bn/bn_shift.c DONE
crypto/evp/m_wp.c starting
crypto/asn1/asn_moid.c DONE
crypto/ec/ec2_smpl.c starting
crypto/x509v3/v3_alt.c DONE
ssl/d1_clnt.c starting
crypto/evp/m_wp.c DONE
crypto/rc2/rc2test.c starting
crypto/rc2/rc2test.c DONE
crypto/bn/bn_gf2m.c starting
crypto/ts/ts_asn1.c DONE
crypto/dso/dso_err.c starting
crypto/rsa/rsa_saos.c DONE
crypto/dso/dso_dlfcn.c starting
crypto/dso/dso_err.c DONE
crypto/pkcs12/pk12err.c starting
crypto/des/cfb_enc.c DONE
crypto/pem/pem_sign.c starting
crypto/ec/eck_prn.c DONE
crypto/cms/cms_enc.c starting
crypto/pkcs12/pk12err.c DONE
crypto/rsa/rsa_lib.c starting
crypto/rsa/rsa_lib.c DONE
crypto/asn1/f_string.c starting
crypto/pem/pem_sign.c DONE
engines/ccgost/gost_pmeth.c starting
crypto/cms/cms_enc.c DONE
crypto/objects/obj_err.c starting
crypto/dso/dso_dlfcn.c DONE
crypto/evp/p_open.c starting
crypto/objects/obj_err.c DONE
crypto/ec/ec_lib.c starting
crypto/asn1/f_string.c DONE
crypto/ecdh/ech_key.c starting
crypto/evp/e_rc2.c DONE
crypto/bio/b_dump.c starting
crypto/bio/b_dump.c DONE
crypto/rsa/rsa_pmeth.c starting
crypto/ecdh/ech_key.c DONE
ssl/s3_srvr.c starting
crypto/evp/p_open.c DONE
crypto/x509v3/v3_pci.c starting
crypto/x509v3/v3_pci.c DONE
ssl/ssl_rsa.c starting
engines/e_sureware.c DONE
crypto/bn/bn_mod.c starting
apps/apps.c DONE
crypto/rand/rand_err.c starting
crypto/cms/cms_sd.c DONE
crypto/md4/md4_dgst.c starting
crypto/rand/rand_err.c DONE
crypto/engine/tb_asnmth.c starting
crypto/md4/md4_dgst.c DONE
crypto/comp/comp_err.c starting
engines/ccgost/gost_pmeth.c DONE
crypto/bn/bn_word.c starting
crypto/engine/tb_asnmth.c DONE
crypto/evp/evp_err.c starting
crypto/comp/comp_err.c DONE
crypto/evp/bio_md.c starting
crypto/evp/evp_err.c DONE
crypto/evp/m_md2.c starting
crypto/evp/m_md2.c DONE
crypto/engine/tb_ecdh.c starting
crypto/bn/bn_word.c DONE
crypto/comp/c_rle.c starting
crypto/comp/c_rle.c DONE
apps/dh.c starting
crypto/engine/tb_ecdh.c DONE
apps/smime.c starting
apps/dh.c DONE
crypto/rand/rand_egd.c starting
crypto/rand/rand_egd.c DONE
crypto/pkcs12/p12_attr.c starting
crypto/evp/bio_md.c DONE
crypto/conf/conf_mod.c starting
crypto/pkcs12/p12_attr.c DONE
ssl/ssl_err.c starting
apps/smime.c DONE
crypto/buffer/buf_err.c starting
crypto/ec/ec_lib.c DONE
crypto/bio/bss_sock.c starting
crypto/buffer/buf_err.c DONE
crypto/rand/randfile.c starting
crypto/bio/bss_sock.c DONE
crypto/aes/aes_ige.c starting
crypto/rsa/rsa_pmeth.c DONE
crypto/bf/bf_enc.c starting
ssl/ssl_err.c DONE
crypto/objects/obj_lib.c starting
crypto/objects/obj_lib.c DONE
crypto/asn1/a_octet.c starting
crypto/asn1/a_octet.c DONE
engines/e_capi.c starting
engines/e_capi.c DONE
apps/dsa.c starting
crypto/rand/randfile.c DONE
crypto/sha/sha256.c starting
crypto/ec/ec2_smpl.c DONE
crypto/bf/bf_ofb64.c starting
crypto/bf/bf_ofb64.c DONE
crypto/x509v3/v3_bcons.c starting
ssl/ssl_rsa.c DONE
crypto/idea/i_ecb.c starting
apps/ts.c DONE
crypto/x509v3/v3_pcons.c starting
apps/dsa.c DONE
ssl/s3_pkt.c starting
crypto/bn/bn_gf2m.c DONE
crypto/rsa/rsa_null.c starting
crypto/sha/sha256.c DONE
ssl/s2_pkt.c starting
crypto/aes/aes_ige.c DONE
apps/dgst.c starting
crypto/rsa/rsa_null.c DONE
crypto/x509v3/v3_ncons.c starting
crypto/x509v3/v3_bcons.c DONE
crypto/seed/seed_ecb.c starting
crypto/x509v3/v3_pcons.c DONE
ssl/t1_enc.c starting
crypto/seed/seed_ecb.c DONE
apps/pkey.c starting
crypto/conf/conf_mod.c DONE
crypto/x509v3/v3_crld.c starting
apps/pkey.c DONE
crypto/dso/dso_win32.c starting
crypto/dso/dso_win32.c DONE
crypto/rand/rand_lib.c starting
apps/dgst.c DONE
crypto/bn/bn_print.c starting
crypto/rand/rand_lib.c DONE
crypto/asn1/x_x509.c starting
crypto/x509v3/v3_ncons.c DONE
apps/version.c starting
crypto/bf/bf_enc.c DONE
crypto/ex_data.c starting
apps/version.c DONE
crypto/rand/randtest.c starting
crypto/rand/randtest.c DONE
crypto/ecdsa/ecs_lib.c starting
ssl/s3_pkt.c DONE
crypto/engine/eng_cryptodev.c starting
crypto/engine/eng_cryptodev.c DONE
crypto/evp/e_cast.c starting
crypto/bn/bn_print.c DONE
ssl/s3_lib.c starting
crypto/asn1/x_x509.c DONE
crypto/x509/x509_att.c starting
ssl/ssltest.c DONE
crypto/x509/x509_req.c starting
crypto/ecdsa/ecs_lib.c DONE
crypto/evp/m_sigver.c starting
ssl/s2_pkt.c DONE
crypto/asn1/t_bitst.c starting
crypto/ex_data.c DONE
crypto/x509/by_dir.c starting
crypto/asn1/t_bitst.c DONE
crypto/bn/bn_rand.c starting
crypto/evp/m_sigver.c DONE
crypto/asn1/a_print.c starting
crypto/asn1/a_print.c DONE
engines/ccgost/gost2001.c starting
crypto/x509v3/v3_crld.c DONE
ssl/ssl_sess.c starting
crypto/x509/by_dir.c DONE
crypto/asn1/f_enum.c starting
crypto/x509/x509_req.c DONE
apps/openssl.c starting
ssl/d1_clnt.c DONE
crypto/x509/x509_ext.c starting
crypto/asn1/f_enum.c DONE
crypto/asn1/tasn_utl.c starting
crypto/asn1/tasn_utl.c DONE
apps/ocsp.c starting
engines/ccgost/gost2001.c DONE
crypto/engine/tb_dsa.c starting
crypto/bn/bn_rand.c DONE
crypto/cryptlib.c starting
crypto/engine/tb_dsa.c DONE
crypto/ts/ts_rsp_utils.c starting
crypto/cryptlib.c DONE
crypto/engine/eng_ctrl.c starting
crypto/engine/eng_ctrl.c DONE
crypto/asn1/a_verify.c starting
ssl/s3_lib.c DONE
crypto/asn1/x_bignum.c starting
apps/openssl.c DONE
crypto/whrlpool/wp_test.c starting
crypto/whrlpool/wp_test.c DONE
crypto/evp/m_mdc2.c starting
crypto/evp/m_mdc2.c DONE
crypto/evp/bio_enc.c starting
crypto/asn1/x_bignum.c DONE
engines/ccgost/gost_keywrap.c starting
engines/ccgost/gost_keywrap.c DONE
crypto/evp/e_rc4_hmac_md5.c starting
crypto/evp/e_rc4_hmac_md5.c DONE
crypto/bn/bn_blind.c starting
crypto/x509/x509_att.c DONE
crypto/evp/e_null.c starting
crypto/evp/e_null.c DONE
crypto/cms/cms_att.c starting
crypto/asn1/a_verify.c DONE
crypto/des/cfb64ede.c starting
crypto/x509/x509_ext.c DONE
crypto/engine/eng_err.c starting
crypto/engine/eng_err.c DONE
crypto/asn1/a_bytes.c starting
crypto/idea/i_ecb.c DONE
crypto/x509v3/v3_conf.c starting
ssl/ssl_sess.c DONE
crypto/x509v3/v3_prn.c starting
crypto/asn1/a_bytes.c DONE
ssl/d1_enc.c starting
crypto/cms/cms_att.c DONE
crypto/sha/sha_one.c starting
crypto/sha/sha_one.c DONE
ssl/bio_ssl.c starting
ssl/d1_enc.c DONE
crypto/des/set_key.c starting
crypto/des/set_key.c DONE
ssl/d1_both.c starting
crypto/bn/bn_mod.c DONE
crypto/ripemd/rmdtest.c starting
crypto/ripemd/rmdtest.c DONE
crypto/o_init.c starting
crypto/o_init.c DONE
ssl/t1_meth.c starting
ssl/t1_meth.c DONE
crypto/aes/aes_wrap.c starting
crypto/bn/bn_blind.c DONE
crypto/bio/bio_cb.c starting
crypto/bio/bio_cb.c DONE
crypto/pkcs12/p12_kiss.c starting
crypto/aes/aes_wrap.c DONE
crypto/asn1/asn1_lib.c starting
crypto/asn1/asn1_lib.c DONE
crypto/pkcs12/p12_asn.c starting
apps/ocsp.c DONE
crypto/engine/eng_fat.c starting
crypto/evp/bio_enc.c DONE
engines/ccgost/gost2001_keyx.c starting
crypto/ts/ts_rsp_utils.c DONE
crypto/des/des_old.c starting
crypto/engine/eng_fat.c DONE
crypto/pkcs7/pk7_attr.c starting
ssl/ssl_lib.c DONE
crypto/cast/c_ecb.c starting
crypto/cast/c_ecb.c DONE
crypto/des/cfb64enc.c starting
crypto/des/cfb64enc.c DONE
crypto/des/str2key.c starting
crypto/des/str2key.c DONE
crypto/asn1/x_info.c starting
engines/ccgost/gost2001_keyx.c DONE
engines/e_chil.c starting
crypto/x509v3/v3_prn.c DONE
crypto/x509/x509_v3.c starting
crypto/pkcs12/p12_asn.c DONE
crypto/buffer/buffer.c starting
crypto/buffer/buffer.c DONE
crypto/bio/bss_mem.c starting
crypto/x509/x509_v3.c DONE
crypto/asn1/x_attrib.c starting
ssl/t1_enc.c DONE
crypto/evp/digest.c starting
crypto/asn1/x_attrib.c DONE
crypto/evp/e_idea.c starting
crypto/bio/bss_mem.c DONE
crypto/evp/e_rc4.c starting
crypto/evp/e_rc4.c DONE
crypto/des/enc_read.c starting
crypto/evp/e_cast.c DONE
crypto/rsa/rsa_chk.c starting
crypto/evp/digest.c DONE
crypto/conf/conf_api.c starting
crypto/pkcs12/p12_kiss.c DONE
crypto/bio/b_sock.c starting
crypto/pkcs7/pk7_attr.c DONE
crypto/dh/dh_key.c starting
crypto/asn1/x_info.c DONE
crypto/x509v3/v3_ia5.c starting
ssl/s3_srvr.c DONE
crypto/x509v3/v3_sxnet.c starting
crypto/bio/b_sock.c DONE
crypto/x509/x509_vfy.c starting
crypto/rsa/rsa_chk.c DONE
crypto/des/read2pwd.c starting
crypto/x509v3/v3_ia5.c DONE
crypto/engine/eng_list.c starting
crypto/conf/conf_api.c DONE
crypto/pem/pem_pkey.c starting
crypto/des/read2pwd.c DONE
apps/pkeyparam.c starting
apps/pkeyparam.c DONE
crypto/objects/obj_xref.c starting
crypto/objects/obj_xref.c DONE
crypto/bio/bio_lib.c starting
crypto/engine/eng_list.c DONE
crypto/cms/cms_err.c starting
crypto/bio/bio_lib.c DONE
apps/gendh.c starting
ssl/bio_ssl.c DONE
engines/e_ubsec.c starting
crypto/pem/pem_pkey.c DONE
apps/s_client.c starting
crypto/cms/cms_err.c DONE
crypto/evp/m_dss1.c starting
crypto/evp/m_dss1.c DONE
crypto/asn1/nsseq.c starting
apps/gendh.c DONE
crypto/bn/bn_sqrt.c starting
crypto/x509v3/v3_sxnet.c DONE
apps/pkcs7.c starting
crypto/asn1/nsseq.c DONE
crypto/aes/aes_ctr.c starting
apps/pkcs7.c DONE
crypto/asn1/a_utctm.c starting
crypto/aes/aes_ctr.c DONE
ssl/t1_srvr.c starting
ssl/t1_srvr.c DONE
apps/srp.c starting
crypto/asn1/a_utctm.c DONE
crypto/cms/cms_env.c starting
crypto/bn/bn_sqrt.c DONE
crypto/asn1/a_d2i_fp.c starting
crypto/asn1/a_d2i_fp.c DONE
crypto/asn1/p5_pbe.c starting
crypto/asn1/p5_pbe.c DONE
crypto/ec/ec_asn1.c starting
engines/e_chil.c DONE
crypto/asn1/i2d_pu.c starting
apps/srp.c DONE
crypto/idea/i_ofb64.c starting
crypto/idea/i_ofb64.c DONE
crypto/idea/i_cbc.c starting
crypto/asn1/i2d_pu.c DONE
crypto/ebcdic.c starting
crypto/ebcdic.c DONE
crypto/rc2/rc2cfb64.c starting
crypto/rc2/rc2cfb64.c DONE
ssl/s23_meth.c starting
ssl/s23_meth.c DONE
crypto/asn1/tasn_enc.c starting
crypto/asn1/tasn_enc.c DONE
crypto/ocsp/ocsp_prn.c starting
crypto/ocsp/ocsp_prn.c DONE
apps/prime.c starting
ssl/d1_both.c DONE
apps/crl2p7.c starting
apps/s_client.c DONE
crypto/x509v3/v3_akeya.c starting
crypto/x509v3/v3_akeya.c DONE
crypto/x509v3/v3_purp.c starting
apps/prime.c DONE
crypto/x509v3/pcy_cache.c starting
apps/crl2p7.c DONE
crypto/x509/x509type.c starting
crypto/dh/dh_key.c DONE
crypto/sha/sha1test.c starting
crypto/sha/sha1test.c DONE
engines/e_atalla.c starting
crypto/x509/x509type.c DONE
ssl/tls_srp.c starting
crypto/x509v3/pcy_cache.c DONE
crypto/bn/bn_gcd.c starting
crypto/cms/cms_env.c DONE
crypto/evp/m_ecdsa.c starting
crypto/evp/m_ecdsa.c DONE
crypto/x509/x509_cmp.c starting
crypto/bn/bn_gcd.c DONE
crypto/ec/ec_pmeth.c starting
crypto/x509v3/v3_purp.c DONE
crypto/rsa/rsa_pk1.c starting
crypto/x509/x509_cmp.c DONE
crypto/aes/aes_ecb.c starting
crypto/aes/aes_ecb.c DONE
apps/genrsa.c starting
apps/genrsa.c DONE
ssl/s3_clnt.c starting
crypto/rsa/rsa_pk1.c DONE
crypto/cast/c_skey.c starting
crypto/ocsp/ocsp_vfy.c DONE
crypto/rsa/rsa_oaep.c starting
crypto/cast/c_skey.c DONE
crypto/bn/bn_ctx.c starting
ssl/tls_srp.c DONE
ssl/s23_pkt.c starting
crypto/bn/bn_ctx.c DONE
crypto/txt_db/txt_db.c starting
engines/e_atalla.c DONE
crypto/stack/stack.c starting
crypto/stack/stack.c DONE
crypto/des/pcbc_enc.c starting
crypto/des/pcbc_enc.c DONE
crypto/x509/x509_txt.c starting
crypto/x509/x509_txt.c DONE
crypto/des/ofb64enc.c starting
ssl/s23_pkt.c DONE
crypto/mdc2/mdc2test.c starting
crypto/mdc2/mdc2test.c DONE
crypto/ui/ui_openssl.c starting
crypto/rsa/rsa_oaep.c DONE
apps/asn1pars.c starting
crypto/ui/ui_openssl.c DONE
crypto/des/ecb_enc.c starting
crypto/des/ecb_enc.c DONE
crypto/asn1/a_set.c starting
crypto/des/ofb64enc.c DONE
crypto/bio/bss_bio.c starting
crypto/txt_db/txt_db.c DONE
crypto/dsa/dsa_depr.c starting
crypto/dsa/dsa_depr.c DONE
engines/ccgost/gost_crypt.c starting
crypto/asn1/a_set.c DONE
engines/e_padlock.c starting
engines/e_padlock.c DONE
apps/pkcs12.c starting
apps/asn1pars.c DONE
crypto/ec/ec_cvt.c starting
crypto/ec/ec_cvt.c DONE
crypto/pkcs7/pk7_lib.c starting
crypto/des/enc_read.c DONE
crypto/bn/bn_x931p.c starting
crypto/ec/ec_pmeth.c DONE
crypto/des/ede_cbcm_enc.c starting
crypto/bio/bss_bio.c DONE
apps/speed.c starting
crypto/idea/i_cbc.c DONE
crypto/asn1/a_strnid.c starting
apps/pkcs12.c DONE
apps/ciphers.c starting
engines/e_ubsec.c DONE
crypto/x509v3/pcy_map.c starting
apps/ciphers.c DONE
crypto/asn1/a_gentm.c starting
crypto/asn1/a_strnid.c DONE
crypto/o_str.c starting
crypto/o_str.c DONE
crypto/asn1/a_int.c starting
crypto/asn1/a_gentm.c DONE
crypto/evp/m_null.c starting
crypto/evp/m_null.c DONE
crypto/x509v3/v3_info.c starting
crypto/ec/ec_asn1.c DONE
crypto/evp/p_lib.c starting
crypto/asn1/a_int.c DONE
crypto/mdc2/mdc2dgst.c starting
crypto/mdc2/mdc2dgst.c DONE
crypto/asn1/asn_pack.c starting
crypto/x509v3/pcy_map.c DONE
crypto/engine/tb_rand.c starting
crypto/engine/tb_rand.c DONE
crypto/ec/ecp_mont.c starting
apps/speed.c DONE
crypto/x509v3/v3_cpols.c starting
crypto/asn1/asn_pack.c DONE
crypto/pqueue/pqueue.c starting
crypto/pqueue/pqueue.c DONE
crypto/bn/bntest.c starting
crypto/x509v3/v3_info.c DONE
crypto/idea/i_cfb64.c starting
crypto/idea/i_cfb64.c DONE
ssl/d1_srvr.c starting
crypto/evp/p_lib.c DONE
crypto/asn1/a_strex.c starting
crypto/bn/bn_x931p.c DONE
crypto/pkcs12/p12_key.c starting
crypto/x509v3/v3_cpols.c DONE
crypto/asn1/tasn_typ.c starting
crypto/pkcs12/p12_key.c DONE
crypto/bn/bn_kron.c starting
crypto/asn1/a_strex.c DONE
crypto/x509v3/v3_pku.c starting
crypto/x509v3/v3_pku.c DONE
crypto/evp/evp_lib.c starting
crypto/bn/bn_kron.c DONE
crypto/bn/bn_const.c starting
crypto/evp/e_idea.c DONE
crypto/evp/c_all.c starting
crypto/pkcs7/pk7_lib.c DONE
crypto/evp/names.c starting
crypto/evp/evp_lib.c DONE
test/asn1test.c starting
test/asn1test.c DONE
crypto/rc2/rc2_ecb.c starting
crypto/rc2/rc2_ecb.c DONE
crypto/pkcs12/p12_init.c starting
crypto/pkcs12/p12_init.c DONE
crypto/modes/cbc128.c starting
crypto/modes/cbc128.c DONE
crypto/evp/evp_cnf.c starting
crypto/evp/names.c DONE
crypto/idea/i_skey.c starting
engines/ccgost/gost_crypt.c DONE
crypto/dsa/dsatest.c starting
crypto/idea/i_skey.c DONE
crypto/asn1/bio_asn1.c starting
crypto/evp/c_all.c DONE
crypto/dsa/dsa_prn.c starting
crypto/x509v3/v3_conf.c DONE
crypto/ecdsa/ecs_sign.c starting
crypto/dsa/dsatest.c DONE
crypto/bn/bn_sqr.c starting
crypto/bn/bn_sqr.c DONE
apps/enc.c starting
crypto/evp/evp_cnf.c DONE
crypto/x509/x509_obj.c starting
crypto/x509/x509_obj.c DONE
crypto/cast/casttest.c starting
crypto/cast/casttest.c DONE
crypto/err/err_prn.c starting
crypto/ecdsa/ecs_sign.c DONE
crypto/des/qud_cksm.c starting
crypto/des/qud_cksm.c DONE
crypto/cpt_err.c starting
crypto/err/err_prn.c DONE
crypto/ec/ec_curve.c starting
crypto/cpt_err.c DONE
crypto/evp/evp_key.c starting
crypto/evp/evp_key.c DONE
crypto/pkcs12/p12_add.c starting
crypto/dsa/dsa_prn.c DONE
crypto/des/fcrypt.c starting
crypto/des/fcrypt.c DONE
crypto/bio/bss_file.c starting
crypto/ec/ec_curve.c DONE
ssl/t1_clnt.c starting
ssl/t1_clnt.c DONE
crypto/rand/rand_unix.c starting
apps/enc.c DONE
apps/nseq.c starting
crypto/ec/ecp_mont.c DONE
crypto/cms/cms_io.c starting
apps/nseq.c DONE
crypto/dsa/dsa_sign.c starting
crypto/dsa/dsa_sign.c DONE
crypto/asn1/a_mbstr.c starting
crypto/asn1/a_mbstr.c DONE
crypto/evp/p_dec.c starting
crypto/evp/p_dec.c DONE
apps/engine.c starting
crypto/asn1/bio_asn1.c DONE
crypto/x509v3/v3_extku.c starting
crypto/bio/bss_file.c DONE
crypto/dsa/dsa_ameth.c starting
crypto/rand/rand_unix.c DONE
crypto/ocsp/ocsp_srv.c starting
crypto/pkcs12/p12_add.c DONE
crypto/x509/x509rset.c starting
crypto/ocsp/ocsp_srv.c DONE
crypto/x509v3/v3_asid.c starting
crypto/x509v3/v3_asid.c DONE
crypto/dh/dh_pmeth.c starting
crypto/evp/e_des.c DONE
crypto/ocsp/ocsp_lib.c starting
crypto/dh/dh_pmeth.c DONE
engines/e_cswift.c starting
crypto/x509/x509rset.c DONE
crypto/seed/seed_cfb.c starting
crypto/x509v3/v3_extku.c DONE
crypto/asn1/x_pkey.c starting
crypto/asn1/tasn_typ.c DONE
crypto/x509/x509_vpm.c starting
crypto/des/cfb64ede.c DONE
engines/e_aep.c starting
crypto/seed/seed_cfb.c DONE
crypto/camellia/cmll_ctr.c starting
crypto/camellia/cmll_ctr.c DONE
engines/ccgost/gost_ctl.c starting
crypto/asn1/x_pkey.c DONE
crypto/o_fips.c starting
crypto/o_fips.c DONE
crypto/evp/e_rc5.c starting
crypto/evp/e_rc5.c DONE
apps/sess_id.c starting
crypto/x509/x509_vpm.c DONE
crypto/pem/pem_err.c starting
crypto/ocsp/ocsp_lib.c DONE
crypto/ocsp/ocsp_err.c starting
apps/engine.c DONE
ssl/ssl_err2.c starting
ssl/ssl_err2.c DONE
crypto/rsa/rsa_depr.c starting
crypto/rsa/rsa_depr.c DONE
crypto/bn/exptest.c starting
crypto/bn/exptest.c DONE
crypto/bn/bn_add.c starting
crypto/bn/bn_add.c DONE
crypto/pem/pem_xaux.c starting
engines/ccgost/gost_ctl.c DONE
crypto/hmac/hmac.c starting
crypto/cms/cms_io.c DONE
test/dummytest.c starting
test/dummytest.c DONE
engines/ccgost/gost_eng.c starting
crypto/ocsp/ocsp_err.c DONE
crypto/evp/pmeth_fn.c starting
crypto/pem/pem_err.c DONE
engines/ccgost/gost89.c starting
crypto/pem/pem_xaux.c DONE
crypto/pkcs12/p12_crpt.c starting
engines/ccgost/gost_eng.c DONE
crypto/bio/bss_acpt.c starting
engines/ccgost/gost89.c DONE
crypto/bn/bn_nist.c starting
crypto/pkcs12/p12_crpt.c DONE
crypto/asn1/ameth_lib.c starting
crypto/asn1/ameth_lib.c DONE
crypto/pem/pem_info.c starting
ssl/d1_srvr.c DONE
crypto/evp/c_alld.c starting
apps/sess_id.c DONE
crypto/bn/bn_mpi.c starting
crypto/bio/bss_acpt.c DONE
ssl/t1_lib.c starting
crypto/evp/c_alld.c DONE
crypto/des/rpc_enc.c starting
crypto/des/rpc_enc.c DONE
crypto/sha/sha256t.c starting
crypto/sha/sha256t.c DONE
ssl/kssl.c starting
ssl/kssl.c DONE
crypto/des/xcbc_enc.c starting
crypto/evp/pmeth_fn.c DONE
crypto/x509v3/v3_pmaps.c starting
crypto/hmac/hmac.c DONE
crypto/asn1/a_bool.c starting
crypto/pem/pem_info.c DONE
crypto/rsa/rsa_prn.c starting
crypto/bn/bn_mpi.c DONE
crypto/conf/conf_err.c starting
crypto/asn1/a_bool.c DONE
crypto/des/ecb3_enc.c starting
crypto/des/ecb3_enc.c DONE
crypto/pkcs7/pk7_doit.c starting
crypto/conf/conf_err.c DONE
crypto/dso/dso_null.c starting
crypto/dso/dso_null.c DONE
apps/dhparam.c starting
crypto/dsa/dsa_ameth.c DONE
crypto/asn1/p5_pbev2.c starting
crypto/rsa/rsa_prn.c DONE
crypto/mdc2/mdc2_one.c starting
crypto/mdc2/mdc2_one.c DONE
crypto/dsa/dsa_asn1.c starting
ssl/s3_clnt.c DONE
crypto/x509v3/pcy_node.c starting
apps/dhparam.c DONE
crypto/cms/cms_lib.c starting
crypto/bn/bn_const.c DONE
crypto/pkcs12/p12_decr.c starting
crypto/dsa/dsa_asn1.c DONE
crypto/asn1/x_pubkey.c starting
crypto/x509v3/pcy_node.c DONE
crypto/bn/bn_lib.c starting
crypto/pkcs12/p12_decr.c DONE
crypto/asn1/x_crl.c starting
crypto/bn/bn_lib.c DONE
crypto/x509v3/v3_genn.c starting
crypto/asn1/p5_pbev2.c DONE
crypto/dso/dso_openssl.c starting
crypto/dso/dso_openssl.c DONE
crypto/err/err_all.c starting
crypto/err/err_all.c DONE
crypto/asn1/t_crl.c starting
engines/e_cswift.c DONE
crypto/evp/bio_b64.c starting
engines/e_aep.c DONE
crypto/x509/x_all.c starting
crypto/x509v3/v3_pmaps.c DONE
crypto/x509v3/v3_bitst.c starting
crypto/asn1/t_crl.c DONE
ssl/s23_lib.c starting
crypto/x509v3/v3_bitst.c DONE
crypto/evp/evp_enc.c starting
crypto/des/ede_cbcm_enc.c DONE
crypto/modes/xts128.c starting
crypto/asn1/x_pubkey.c DONE
crypto/bn/bn_recp.c starting
crypto/x509v3/v3_genn.c DONE
crypto/engine/tb_dh.c starting
crypto/modes/xts128.c DONE
crypto/evp/m_md5.c starting
crypto/evp/m_md5.c DONE
crypto/rc4/rc4test.c starting
crypto/rc4/rc4test.c DONE
crypto/bio/bss_dgram.c starting
crypto/engine/tb_dh.c DONE
crypto/pem/pem_oth.c starting
crypto/pem/pem_oth.c DONE
crypto/camellia/cmll_utl.c starting
crypto/camellia/cmll_utl.c DONE
crypto/ts/ts_req_utils.c starting
ssl/s23_lib.c DONE
crypto/pem/pem_x509.c starting
crypto/evp/evp_enc.c DONE
crypto/ec/ecp_nist.c starting
crypto/pem/pem_x509.c DONE
crypto/dsa/dsa_lib.c starting
crypto/bio/bss_dgram.c DONE
crypto/bn/bn_mont.c starting
crypto/dsa/dsa_lib.c DONE
crypto/camellia/cmll_misc.c starting
crypto/camellia/cmll_misc.c DONE
crypto/asn1/a_dup.c starting
crypto/asn1/a_dup.c DONE
apps/ca.c starting
crypto/bn/bn_mont.c DONE
crypto/evp/e_des3.c starting
crypto/ec/ecp_nist.c DONE
crypto/asn1/a_enum.c starting
crypto/des/xcbc_enc.c DONE
crypto/asn1/x_name.c starting
crypto/ts/ts_req_utils.c DONE
ssl/s2_clnt.c starting
crypto/asn1/x_crl.c DONE
crypto/evp/e_camellia.c starting
crypto/asn1/a_enum.c DONE
crypto/ecdh/ech_err.c starting
crypto/pkcs7/pk7_doit.c DONE
crypto/aes/aes_cfb.c starting
crypto/bn/bn_recp.c DONE
crypto/asn1/evp_asn1.c starting
crypto/ecdh/ech_err.c DONE
ssl/s3_enc.c starting
crypto/aes/aes_cfb.c DONE
crypto/ec/ec_check.c starting
crypto/asn1/evp_asn1.c DONE
crypto/bn/asm/x86_64-gcc.c starting
crypto/bn/asm/x86_64-gcc.c DONE
crypto/asn1/d2i_pu.c starting
crypto/evp/bio_b64.c DONE
crypto/camellia/cmll_ecb.c starting
crypto/camellia/cmll_ecb.c DONE
crypto/modes/ctr128.c starting
crypto/asn1/d2i_pu.c DONE
crypto/bio/bss_null.c starting
crypto/bio/bss_null.c DONE
crypto/evp/p_sign.c starting
crypto/evp/p_sign.c DONE
crypto/bio/bf_nbio.c starting
crypto/modes/ctr128.c DONE
crypto/pkcs12/p12_crt.c starting
crypto/ec/ec_check.c DONE
crypto/cmac/cm_pmeth.c starting
crypto/asn1/x_name.c DONE
apps/s_server.c starting
crypto/bio/bf_nbio.c DONE
crypto/ecdsa/ecs_vrf.c starting
crypto/ecdsa/ecs_vrf.c DONE
crypto/rsa/rsa_ameth.c starting
crypto/pkcs12/p12_crt.c DONE
ssl/s2_lib.c starting
crypto/cmac/cm_pmeth.c DONE
crypto/x509/x509_def.c starting
crypto/x509/x509_def.c DONE
crypto/cms/cms_dd.c starting
ssl/s2_clnt.c DONE
apps/crl.c starting
ssl/s2_lib.c DONE
crypto/sha/sha512.c starting
crypto/sha/sha512.c DONE
apps/app_rand.c starting
crypto/cms/cms_dd.c DONE
crypto/seed/seed.c starting
ssl/s3_enc.c DONE
crypto/asn1/x_algor.c starting
crypto/seed/seed.c DONE
engines/ccgost/gost_asn1.c starting
crypto/bn/bn_nist.c DONE
crypto/evp/p5_crpt2.c starting
crypto/evp/e_camellia.c DONE
crypto/evp/bio_ok.c starting
crypto/asn1/x_algor.c DONE
crypto/ec/ec2_oct.c starting
apps/crl.c DONE
crypto/o_dir.c starting
crypto/o_dir.c DONE
crypto/sha/sha512t.c starting
crypto/ec/ec2_oct.c DONE
crypto/engine/eng_all.c starting
crypto/sha/sha512t.c DONE
crypto/comp/c_zlib.c starting
crypto/comp/c_zlib.c DONE
crypto/cversion.c starting
crypto/cversion.c DONE
crypto/evp/evp_test.c starting
crypto/engine/eng_all.c DONE
crypto/x509v3/v3_int.c starting
crypto/evp/p5_crpt2.c DONE
crypto/comp/comp_lib.c starting
crypto/comp/comp_lib.c DONE
crypto/pem/pem_seal.c starting
crypto/x509v3/v3_int.c DONE
engines/e_4758cca.c starting
ssl/t1_lib.c DONE
crypto/asn1/t_spki.c starting
crypto/evp/bio_ok.c DONE
crypto/conf/conf_lib.c starting
crypto/asn1/t_spki.c DONE
crypto/x509/x509_r2x.c starting
crypto/rsa/rsa_ameth.c DONE
crypto/rsa/rsa_x931.c starting
crypto/evp/evp_test.c DONE
crypto/pem/pem_lib.c starting
crypto/x509/x509_r2x.c DONE
crypto/engine/tb_rsa.c starting
engines/ccgost/gost_asn1.c DONE
crypto/bio/bio_err.c starting
crypto/engine/tb_rsa.c DONE
crypto/cast/c_enc.c starting
crypto/cast/c_enc.c DONE
crypto/ec/ec2_mult.c starting
crypto/rsa/rsa_x931.c DONE
crypto/evp/m_sha1.c starting
crypto/bn/bntest.c DONE
crypto/rand/md_rand.c starting
crypto/x509/x_all.c DONE
crypto/ripemd/rmd_one.c starting
crypto/ripemd/rmd_one.c DONE
apps/req.c starting
crypto/bio/bio_err.c DONE
ssl/ssl_cert.c starting
crypto/evp/m_sha1.c DONE
apps/s_socket.c starting
crypto/conf/conf_lib.c DONE
ssl/d1_srtp.c starting
apps/s_server.c DONE
crypto/dh/dh_err.c starting
crypto/cms/cms_lib.c DONE
apps/s_time.c starting
ssl/d1_srtp.c DONE
crypto/dh/dh_check.c starting
crypto/dh/dh_err.c DONE
crypto/rsa/rsa_gen.c starting
crypto/dh/dh_check.c DONE
crypto/cms/cms_asn1.c starting
crypto/rsa/rsa_gen.c DONE
engines/ccgost/gost_params.c starting
engines/ccgost/gost_params.c DONE
crypto/err/err.c starting
ssl/ssl_cert.c DONE
crypto/pkcs12/p12_p8e.c starting
crypto/pkcs12/p12_p8e.c DONE
crypto/evp/e_aes_cbc_hmac_sha1.c starting
crypto/pem/pem_seal.c DONE
crypto/ecdsa/ecs_err.c starting
crypto/rand/md_rand.c DONE
crypto/rsa/rsa_none.c starting
apps/ca.c DONE
crypto/asn1/d2i_pr.c starting
crypto/asn1/d2i_pr.c DONE
crypto/rc2/rc2ofb64.c starting
crypto/rc2/rc2ofb64.c DONE
crypto/rsa/rsa_test.c starting
crypto/rsa/rsa_none.c DONE
crypto/des/cbc_enc.c starting
crypto/des/cbc_enc.c DONE
crypto/dsa/dsa_gen.c starting
crypto/ecdsa/ecs_err.c DONE
apps/genpkey.c starting
crypto/dsa/dsa_gen.c DONE
crypto/cmac/cm_ameth.c starting
crypto/cmac/cm_ameth.c DONE
ssl/d1_pkt.c starting
crypto/cms/cms_asn1.c DONE
crypto/x509/x509_err.c starting
crypto/pem/pem_lib.c DONE
crypto/evp/pmeth_gn.c starting
crypto/x509/x509_err.c DONE
crypto/ec/ec_err.c starting
crypto/ec/ec2_mult.c DONE
crypto/pem/pem_all.c starting
apps/genpkey.c DONE
crypto/aes/aes_ofb.c starting
apps/s_socket.c DONE
crypto/ec/ecp_nistp256.c starting
crypto/ec/ecp_nistp256.c DONE
crypto/des/enc_writ.c starting
crypto/aes/aes_ofb.c DONE
crypto/asn1/tasn_fre.c starting
crypto/ec/ec_err.c DONE
crypto/asn1/x_long.c starting
crypto/asn1/tasn_fre.c DONE
crypto/ocsp/ocsp_ht.c starting
engines/e_4758cca.c DONE
crypto/bf/bf_cfb64.c starting
apps/app_rand.c DONE
crypto/evp/evp_pkey.c starting
apps/s_time.c DONE
crypto/asn1/asn_mime.c starting
crypto/bf/bf_cfb64.c DONE
crypto/asn1/p8_pkey.c starting
crypto/asn1/x_long.c DONE
crypto/x509/by_file.c starting
crypto/err/err.c DONE
crypto/ts/ts_rsp_sign.c starting
crypto/evp/pmeth_gn.c DONE
crypto/asn1/tasn_new.c starting
crypto/asn1/tasn_new.c DONE
crypto/ec/ec_mult.c starting
crypto/asn1/p8_pkey.c DONE
apps/pkeyutl.c starting
crypto/evp/e_aes_cbc_hmac_sha1.c DONE
crypto/x509/x509_trs.c starting
crypto/evp/evp_pkey.c DONE
crypto/md4/md4_one.c starting
crypto/md4/md4_one.c DONE
crypto/asn1/asn1_par.c starting
crypto/ocsp/ocsp_ht.c DONE
apps/x509.c starting
crypto/asn1/asn1_par.c DONE
apps/cms.c starting
crypto/x509/by_file.c DONE
crypto/evp/pmeth_lib.c starting
crypto/des/enc_writ.c DONE
crypto/ocsp/ocsp_ext.c starting
crypto/x509/x509_trs.c DONE
crypto/bio/b_print.c starting
crypto/evp/pmeth_lib.c DONE
crypto/seed/seed_cbc.c starting
crypto/seed/seed_cbc.c DONE
crypto/rand/rand_nw.c starting
crypto/rand/rand_nw.c DONE
crypto/bio/bss_log.c starting
crypto/bio/bss_log.c DONE
crypto/modes/gcm128.c starting
crypto/ec/ec_mult.c DONE
crypto/ec/ecp_smpl.c starting
apps/pkeyutl.c DONE
crypto/srp/srptest.c starting
ssl/d1_pkt.c DONE
crypto/dh/dh_depr.c starting
crypto/dh/dh_depr.c DONE
crypto/des/des_enc.c starting
crypto/srp/srptest.c DONE
crypto/bf/bftest.c starting
crypto/bf/bftest.c DONE
ssl/ssl_asn1.c starting
apps/x509.c DONE
ssl/ssl_txt.c starting
ssl/ssl_asn1.c DONE
crypto/srp/srp_vfy.c starting
apps/cms.c DONE
ssl/s23_srvr.c starting
crypto/bio/b_print.c DONE
crypto/buffer/buf_str.c starting
crypto/buffer/buf_str.c DONE
ssl/s3_meth.c starting
ssl/s3_meth.c DONE
crypto/ec/ecp_nistp224.c starting
crypto/ec/ecp_nistp224.c DONE
crypto/dh/dh_ameth.c starting
crypto/des/des_enc.c DONE
crypto/evp/evp_fips.c starting
crypto/evp/evp_fips.c DONE
crypto/evp/p_verify.c starting
crypto/evp/p_verify.c DONE
crypto/modes/ccm128.c starting
ssl/ssl_txt.c DONE
crypto/rc2/rc2_cbc.c starting
crypto/rc2/rc2_cbc.c DONE
crypto/asn1/t_x509a.c starting
crypto/asn1/t_x509a.c DONE
crypto/dsa/dsa_key.c starting
crypto/asn1/asn_mime.c DONE
crypto/mem.c starting
crypto/mem.c DONE
crypto/x509v3/v3err.c starting
crypto/dsa/dsa_key.c DONE
crypto/cast/c_ofb64.c starting
crypto/cast/c_ofb64.c DONE
crypto/bn/bn_prime.c starting
crypto/x509/x509_vfy.c DONE
crypto/dso/dso_beos.c starting
crypto/dso/dso_beos.c DONE
crypto/rsa/rsa_eay.c starting
crypto/pem/pem_all.c DONE
crypto/des/rand_key.c starting
crypto/des/rand_key.c DONE
crypto/evp/e_seed.c starting
crypto/x509v3/v3err.c DONE
crypto/pkcs7/pk7_smime.c starting
crypto/modes/ccm128.c DONE
crypto/sha/sha_dgst.c starting
crypto/sha/sha_dgst.c DONE
ssl/ssl_stat.c starting
crypto/srp/srp_vfy.c DONE
crypto/ocsp/ocsp_cl.c starting
ssl/s23_srvr.c DONE
crypto/engine/eng_init.c starting
crypto/engine/eng_init.c DONE
crypto/engine/tb_store.c starting
ssl/ssl_stat.c DONE
crypto/ec/ec_key.c starting
crypto/engine/tb_store.c DONE
crypto/x509/x509cset.c starting
crypto/rsa/rsa_test.c DONE
apps/dsaparam.c starting
crypto/dh/dh_ameth.c DONE
crypto/asn1/i2d_pr.c starting
crypto/modes/gcm128.c DONE
ssl/s3_cbc.c starting
crypto/asn1/i2d_pr.c DONE
crypto/camellia/cmll_cfb.c starting
crypto/camellia/cmll_cfb.c DONE
crypto/asn1/a_type.c starting
crypto/x509/x509cset.c DONE
crypto/rc2/rc2_skey.c starting
crypto/rc2/rc2_skey.c DONE
ssl/s2_enc.c starting
apps/dsaparam.c DONE
apps/ecparam.c starting
crypto/evp/e_seed.c DONE
crypto/dsa/dsa_ossl.c starting
crypto/asn1/a_type.c DONE
crypto/camellia/cmll_ofb.c starting
crypto/camellia/cmll_ofb.c DONE
crypto/ecdh/ech_lib.c starting
apps/req.c DONE
crypto/ecdh/ech_ossl.c starting
crypto/bn/bn_prime.c DONE
ssl/s3_both.c starting
ssl/s2_enc.c DONE
crypto/x509/x509spki.c starting
ssl/s3_cbc.c DONE
crypto/ts/ts_err.c starting
crypto/ecdh/ech_ossl.c DONE
crypto/evp/e_aes.c starting
crypto/ocsp/ocsp_cl.c DONE
crypto/rc4/rc4_utl.c starting
crypto/rc4/rc4_utl.c DONE
crypto/ts/ts_rsp_print.c starting
apps/ecparam.c DONE
apps/errstr.c starting
crypto/ec/ec_key.c DONE
crypto/x509/x509_d2.c starting
crypto/x509/x509_d2.c DONE
apps/passwd.c starting
crypto/ts/ts_err.c DONE
crypto/asn1/a_bitstr.c starting
apps/errstr.c DONE
crypto/x509v3/pcy_data.c starting
crypto/x509v3/pcy_data.c DONE
crypto/evp/m_dss.c starting
crypto/evp/m_dss.c DONE
crypto/bn/bn_div.c starting
crypto/ecdh/ech_lib.c DONE
ssl/d1_meth.c starting
ssl/d1_meth.c DONE
crypto/x509/x509name.c starting
crypto/bn/bn_div.c DONE
crypto/hmac/hm_pmeth.c starting
crypto/ocsp/ocsp_ext.c DONE
apps/s_cb.c starting
crypto/asn1/a_bitstr.c DONE
crypto/ts/ts_verify_ctx.c starting
crypto/pkcs7/pk7_smime.c DONE
crypto/engine/eng_openssl.c starting
crypto/x509/x509spki.c DONE
ssl/s23_clnt.c starting
crypto/ts/ts_verify_ctx.c DONE
ssl/ssl_ciph.c starting
apps/passwd.c DONE
crypto/srp/srp_lib.c starting
crypto/ts/ts_rsp_print.c DONE
crypto/des/ofb64ede.c starting
crypto/des/ofb64ede.c DONE
crypto/ts/ts_conf.c starting
crypto/engine/eng_openssl.c DONE
crypto/sha/shatest.c starting
crypto/sha/shatest.c DONE
crypto/ts/ts_rsp_verify.c starting
crypto/dsa/dsa_ossl.c DONE
crypto/engine/eng_rsax.c starting
crypto/rsa/rsa_eay.c DONE
crypto/pkcs12/p12_utl.c starting
crypto/x509/x509name.c DONE
crypto/rsa/rsa_crpt.c starting
ssl/s23_clnt.c DONE
crypto/asn1/asn1_gen.c starting
ssl/s3_both.c DONE
crypto/engine/eng_dyn.c starting
crypto/ec/ecp_smpl.c DONE
crypto/evp/m_md4.c starting
crypto/evp/m_md4.c DONE
crypto/rsa/rsa_ssl.c starting
crypto/srp/srp_lib.c DONE
crypto/ripemd/rmd_dgst.c starting
crypto/hmac/hm_pmeth.c DONE
crypto/x509/x509_lu.c starting
apps/s_cb.c DONE
crypto/sha/sha1dgst.c starting
crypto/sha/sha1dgst.c DONE
crypto/pem/pem_pk8.c starting
crypto/pkcs12/p12_utl.c DONE
crypto/engine/eng_table.c starting
crypto/rsa/rsa_crpt.c DONE
crypto/asn1/a_digest.c starting
crypto/ts/ts_rsp_sign.c DONE
crypto/evp/evp_pbe.c starting
crypto/asn1/a_digest.c DONE
crypto/evp/e_xcbc_d.c starting
crypto/rsa/rsa_ssl.c DONE
crypto/asn1/x_nx509.c starting
ssl/ssl_ciph.c DONE
crypto/x509v3/v3_addr.c starting
crypto/x509v3/v3_addr.c DONE
crypto/rsa/rsa_sign.c starting
crypto/rsa/rsa_sign.c DONE
crypto/md5/md5test.c starting
crypto/md5/md5test.c DONE
crypto/bn/bn_exp.c starting
crypto/engine/eng_table.c DONE
crypto/asn1/n_pkey.c starting
crypto/asn1/x_nx509.c DONE
ssl/heartbeat_test.c starting
crypto/evp/evp_pbe.c DONE
crypto/engine/eng_pkey.c starting
crypto/engine/eng_pkey.c DONE
crypto/bio/bss_fd.c starting
crypto/bio/bss_fd.c DONE
crypto/pkcs7/pkcs7err.c starting
crypto/pkcs7/pkcs7err.c DONE
crypto/x509v3/pcy_lib.c starting
crypto/x509v3/pcy_lib.c DONE
ssl/ssl_algs.c starting
ssl/ssl_algs.c DONE
crypto/dsa/dsa_err.c starting
crypto/evp/e_aes.c DONE
crypto/asn1/tasn_dec.c starting
crypto/dsa/dsa_err.c DONE
crypto/evp/c_allc.c starting
crypto/evp/c_allc.c DONE
apps/ec.c starting
crypto/asn1/n_pkey.c DONE
crypto/evp/evp_acnf.c starting
crypto/evp/evp_acnf.c DONE
crypto/ui/ui_compat.c starting
apps/ec.c DONE
crypto/ui/ui_util.c starting
crypto/ts/ts_rsp_verify.c DONE
crypto/ec/ecp_nistp521.c starting
crypto/ec/ecp_nistp521.c DONE
crypto/x509v3/pcy_tree.c starting
crypto/ui/ui_util.c DONE
crypto/engine/tb_cipher.c starting
crypto/engine/tb_cipher.c DONE
crypto/conf/conf_sap.c starting
crypto/ui/ui_compat.c DONE
ssl/d1_lib.c starting
crypto/engine/eng_dyn.c DONE
crypto/evp/m_sha.c starting
crypto/evp/m_sha.c DONE
test/igetest.c starting
crypto/conf/conf_sap.c DONE
engines/ccgost/gost_ameth.c starting
crypto/bn/bn_exp.c DONE
crypto/engine/enginetest.c starting
crypto/pem/pem_pk8.c DONE
crypto/pkcs7/pk7_asn1.c starting
crypto/engine/enginetest.c DONE
apps/pkcs8.c starting
apps/pkcs8.c DONE
crypto/des/destest.c starting
ssl/heartbeat_test.c DONE
crypto/pkcs12/p12_npas.c starting
crypto/engine/eng_rsax.c DONE
crypto/bn/bn_depr.c starting
crypto/x509/x509_lu.c DONE
crypto/x509v3/v3_ocsp.c starting
crypto/ts/ts_conf.c DONE
crypto/ecdsa/ecdsatest.c starting
crypto/ripemd/rmd_dgst.c DONE
engines/ccgost/gost_md.c starting
engines/ccgost/gost_md.c DONE
ssl/s2_srvr.c starting
crypto/x509v3/v3_ocsp.c DONE
engines/ccgost/gost_sign.c starting
crypto/pkcs12/p12_npas.c DONE
crypto/asn1/x_exten.c starting
crypto/asn1/tasn_dec.c DONE
crypto/asn1/x_spki.c starting
crypto/asn1/x_exten.c DONE
crypto/asn1/tasn_prn.c starting
crypto/bn/bn_depr.c DONE
crypto/ec/ec_oct.c starting
crypto/ecdsa/ecdsatest.c DONE
crypto/dh/dh_gen.c starting
test/igetest.c DONE
crypto/asn1/asn1_err.c starting
crypto/asn1/tasn_prn.c DONE
crypto/ecdh/ecdhtest.c starting
crypto/ecdh/ecdhtest.c DONE
crypto/engine/tb_ecdsa.c starting
crypto/dh/dh_gen.c DONE
crypto/dso/dso_vms.c starting
crypto/dso/dso_vms.c DONE
crypto/ec/ectest.c starting
crypto/engine/tb_ecdsa.c DONE
crypto/ui/ui_lib.c starting
crypto/asn1/asn1_err.c DONE
crypto/aes/aes_misc.c starting
crypto/aes/aes_misc.c DONE
crypto/evp/p5_crpt.c starting
crypto/asn1/x_spki.c DONE
apps/spkac.c starting
crypto/evp/p5_crpt.c DONE
crypto/cms/cms_smime.c starting
crypto/ec/ec_oct.c DONE
crypto/ts/ts_lib.c starting
apps/spkac.c DONE
crypto/bio/bf_buff.c starting
crypto/x509v3/pcy_tree.c DONE
crypto/modes/cfb128.c starting
crypto/modes/cfb128.c DONE
crypto/ec/ec_ameth.c starting
ssl/d1_lib.c DONE
crypto/idea/ideatest.c starting
crypto/ts/ts_lib.c DONE
apps/gendsa.c starting
crypto/idea/ideatest.c DONE
crypto/asn1/a_time.c starting
crypto/ui/ui_lib.c DONE
engines/ccgost/e_gost_err.c starting
crypto/pkcs7/pk7_asn1.c DONE
crypto/hmac/hm_ameth.c starting
apps/gendsa.c DONE
crypto/evp/e_bf.c starting
crypto/asn1/a_time.c DONE
engines/ccgost/e_gost_err.c DONE
crypto/hmac/hm_ameth.c DONE
crypto/bio/bf_buff.c DONE
engines/ccgost/gost_sign.c DONE
crypto/des/des_old.c DONE
ssl/s2_srvr.c DONE
crypto/ec/ectest.c DONE
crypto/asn1/asn1_gen.c DONE
engines/ccgost/gost_ameth.c DONE
crypto/ec/ec_ameth.c DONE
crypto/cms/cms_smime.c DONE
crypto/evp/e_bf.c DONE
crypto/evp/e_xcbc_d.c DONE
crypto/des/destest.c DONE
crypto/evp/e_des3.c DONE
