[Start] effFix started at 2026-01-21 16:18:24.691969
<function title at 0x79b63c8bdf70>
Displaying Configurations
Loading dependency tools
Analyzing Program for Repair
Checking whether Infer detected the target bug
Target bug is: NULLPTR_DEREFERENCE, crypto/ocsp/ocsp_ht.c, OCSP_sendreq_new, start_line:160, end_line:161, two_loc_source_line:-1
Performing fix localization
Result from ochiai: [(154, 0.105999788000636), (157, 0.105999788000636), (160, 0.105999788000636), (161, 0.105999788000636), (162, 0.0), (163, 0.0), (164, 0.0), (165, 0.0), (166, 0.0), (170, 0.0), (171, 0.0), (172, 0.0)]
Locations allowed (by considering trace start and trace end): {161}
Final locations: [161]
[Timer] Duration for localize: 72.188s
Target bug signature: PatchSignature: [
	DisjunctSignature: label: <AbortProgram, 160, 161>, 
		allocated: frozenset(), 
		deallocated: frozenset(), 
		return_formula: True, 
		formula: ('&(OCSP_sendreq_new.post_hdr->__infer_model_string_length)' = 18),
	DisjunctSignature: label: <ErrorMemoryLeak, 160, 171>, 
		allocated: frozenset(), 
		deallocated: frozenset(), 
		return_formula: (return = 0), 
		formula: (((! (err_fns = 0)) & (! (maxline = 0)) & (! (threadid_callback = 0)) & ('&(OCSP_sendreq_new.post_hdr->__infer_model_string_length)' = 18)) | ((! (err_fns = 0)) & (! (maxline = 0)) & ('&(OCSP_sendreq_new.post_hdr->__infer_model_string_length)' = 18))),
	DisjunctSignature: label: <ErrorMemoryLeak, 160, 171>, 
		allocated: frozenset(), 
		deallocated: frozenset(), 
		return_formula: True, 
		formula: (((threadid_callback = return) & (threadid_callback = 0) & (! (err_fns = 0)) & (! (maxline = 0)) & ('&(OCSP_sendreq_new.post_hdr->__infer_model_string_length)' = 18)) | ((threadid_callback = return) & (threadid_callback = 0) & (! (err_fns = 0)) & (! (maxline = 0)) & ('&(OCSP_sendreq_new.post_hdr->__infer_model_string_length)' = 18) & (! (id_callback = 0)))),
	DisjunctSignature: label: <ISLLatentMemoryError, 0, 0>, 
		allocated: frozenset(), 
		deallocated: frozenset(), 
		return_formula: True, 
		formula: ((! (err_fns = 0)) & (! (threadid_callback = 0)) & ('&(OCSP_sendreq_new.post_hdr->__infer_model_string_length)' = 18)),
	DisjunctSignature: label: <ISLLatentMemoryError, 0, 0>, 
		allocated: frozenset(), 
		deallocated: frozenset(), 
		return_formula: True, 
		formula: ((! (err_fns = 0)) & (! (id_callback = 0)) & (threadid_callback = 0) & ('&(OCSP_sendreq_new.post_hdr->__infer_model_string_length)' = 18)),
	DisjunctSignature: label: <ISLLatentMemoryError, 0, 0>, 
		allocated: frozenset(), 
		deallocated: frozenset(), 
		return_formula: True, 
		formula: ((! (err_fns = 0)) & (threadid_callback = 0) & ('&(OCSP_sendreq_new.post_hdr->__infer_model_string_length)' = 18)),
	DisjunctSignature: label: <ISLLatentMemoryError, 0, 0>, 
		allocated: frozenset(), 
		deallocated: frozenset(), 
		return_formula: True, 
		formula: ((! (err_fns = 0)) & ('&(OCSP_sendreq_new.post_hdr->__infer_model_string_length)' = 18)),
	DisjunctSignature: label: <LatentAbortProgram, 162, 437>, 
		allocated: frozenset(), 
		deallocated: frozenset(), 
		return_formula: True, 
		formula: ((! (err_fns = 0)) & (threadid_callback = 0) & ('&(OCSP_sendreq_new.post_hdr->__infer_model_string_length)' = 18)),
]
[Codeql] Running patch ingredient (return stmts) query
Return statements: ['return 0;', 'return NULL;', 'return rctx;']
[Timer] Duration for codeql-get-return-stmts: 22.804s
[Codeql] Running patch ingredient (labels) query
Labels: []
[Timer] Duration for codeql-get-labels: 13.632s
[Timer] Duration for analysis: 110.601s
Repairing Program at location: 161
Loc 161: Getting patch ingredients at fix location
Loc 161: [Codeql] Running statement boundary query
Statement at fix location ends at line 161
[Timer] Duration for codeql-get-stmt-boundary: 14.456s
Loc 161: [Codeql] Running patch ingredient (variable) query
Loc 161: Pointer variables: ['rctx']
Loc 161: Non-pointer variables: ['rctx->state']
[Timer] Duration for codeql-get-ingredients-variables: 137.553s
Loc 161: [Codeql] Running patch ingredient (constants) query
Loc 161: Constants: ['-1', '0', '160', '4096']
[Timer] Duration for codeql-get-consts: 35.082s
Loc 161: Initializing Patch Generator and Cluster Manager
Loc 161: Entering the main repair loop
Loc 161: Total search space size: 115544218655154699672520543713582272681246190484509475482222652607669865044950225482687589442787782490144191535226515289021691476
Adding new patch: INSERT FRONT return rctx ; rctx = rctx ;
Created new cluster cluster-L161-0
Cluster signature: PatchSignature: [
	DisjunctSignature: label: <Ok, 0, 0>, 
		allocated: frozenset({frozenset({'return'})}), 
		deallocated: frozenset(), 
		return_formula: (! (return = 0)), 
		formula: ('&(OCSP_sendreq_new.post_hdr->__infer_model_string_length)' = 18),
	DisjunctSignature: label: <Ok, 0, 0>, 
		allocated: frozenset(), 
		deallocated: frozenset(), 
		return_formula: (return = 0), 
		formula: ('&(OCSP_sendreq_new.post_hdr->__infer_model_string_length)' = 18),
]
pe_increment: RewardType.SMALL
ppie_increment: RewardType.NO
Adding to Cluster cluster-L161-0
Grammar: :INSERT POS CMD,CMD CMD,return POINTER_EXPR ;,POINTER,HEAP,POINTER = POINTER_EXPR ;,POINTER
plausible count: 0
cumulative repetition: 1
Cluster pe increment: RewardType.SMALL
Cluster ppie increment: RewardType.NO
Prod probability update: rctx : pe: 1.000=>1.000 ; ppie: 1.000=>1.000
Prod probability update: rctx : pe: 1.000=>1.000 ; ppie: 1.000=>1.000
Prod probability update: POINTER : pe: 0.500=>0.550 ; ppie: 0.500=>0.500
Prod probability update: POINTER_CONST : pe: 0.500=>0.450 ; ppie: 0.500=>0.500
Prod probability update: POINTER = POINTER_EXPR ; : pe: 0.333=>0.400 ; ppie: 0.333=>0.333
Prod probability update: POINTER = malloc ( sizeof ( * POINTER ) ) ; : pe: 0.333=>0.300 ; ppie: 0.333=>0.333
Prod probability update: free ( POINTER ) ; : pe: 0.333=>0.300 ; ppie: 0.333=>0.333
Prod probability update: HEAP : pe: 0.167=>0.183 ; ppie: 0.167=>0.167
Prod probability update: return POINTER_EXPR ; : pe: 0.167=>0.183 ; ppie: 0.167=>0.167
Prod probability update: CMD CMD : pe: 0.167=>0.183 ; ppie: 0.167=>0.167
Prod probability update: ID = ARITH_EXPR ; : pe: 0.167=>0.150 ; ppie: 0.167=>0.167
Prod probability update: EXIT_STMT : pe: 0.167=>0.150 ; ppie: 0.167=>0.167
Prod probability update: if ( BOOL_EXPR ) { CMD } : pe: 0.167=>0.150 ; ppie: 0.167=>0.167
Prod probability update: FRONT : pe: 0.500=>0.500 ; ppie: 0.500=>0.500
Prod probability update: BACK : pe: 0.500=>0.500 ; ppie: 0.500=>0.500
Prod probability update: INSERT POS CMD : pe: 1.000=>1.000 ; ppie: 1.000=>1.000
Adding new patch: INSERT FRONT return 0;
Created new cluster cluster-L161-1
Cluster signature: PatchSignature: [
	DisjunctSignature: label: <ErrorMemoryLeak, 160, 160>, 
		allocated: frozenset(), 
		deallocated: frozenset(), 
		return_formula: (return = 0), 
		formula: ('&(OCSP_sendreq_new.post_hdr->__infer_model_string_length)' = 18),
	DisjunctSignature: label: <Ok, 0, 0>, 
		allocated: frozenset(), 
		deallocated: frozenset(), 
		return_formula: (return = 0), 
		formula: ('&(OCSP_sendreq_new.post_hdr->__infer_model_string_length)' = 18),
]
pe_increment: RewardType.SMALL
ppie_increment: RewardType.NO
Adding to Cluster cluster-L161-1
Grammar: :INSERT POS CMD,EXIT_STMT
plausible count: 0
cumulative repetition: 1
Cluster pe increment: RewardType.SMALL
Cluster ppie increment: RewardType.NO
Prod probability update: return 0; : pe: 0.333=>0.400 ; ppie: 0.333=>0.333
Prod probability update: return NULL; : pe: 0.333=>0.300 ; ppie: 0.333=>0.333
Prod probability update: return rctx; : pe: 0.333=>0.300 ; ppie: 0.333=>0.333
Prod probability update: EXIT_STMT : pe: 0.150=>0.235 ; ppie: 0.167=>0.167
Prod probability update: HEAP : pe: 0.183=>0.165 ; ppie: 0.167=>0.167
Prod probability update: ID = ARITH_EXPR ; : pe: 0.150=>0.135 ; ppie: 0.167=>0.167
Prod probability update: return POINTER_EXPR ; : pe: 0.183=>0.165 ; ppie: 0.167=>0.167
Prod probability update: if ( BOOL_EXPR ) { CMD } : pe: 0.150=>0.135 ; ppie: 0.167=>0.167
Prod probability update: CMD CMD : pe: 0.183=>0.165 ; ppie: 0.167=>0.167
Prod probability update: FRONT : pe: 0.500=>0.500 ; ppie: 0.500=>0.500
Prod probability update: BACK : pe: 0.500=>0.500 ; ppie: 0.500=>0.500
Prod probability update: INSERT POS CMD : pe: 1.000=>1.000 ; ppie: 1.000=>1.000
Loc 161: Ending repair loop since time budget is exceeded
Loc 161: Repair loop finished
[Timer] Accumulated duration for patch-generation: 0.001s
[Timer] Average duration for patch-generation: 0.00071s
[Timer] Accumulated duration for probabilities-update: 0.005s
[Timer] Average duration for probabilities-update: 0.00227s
[Timer] Accumulated duration for patch-signature-generation: 0.018s
[Timer] Average duration for patch-signature-generation: 0.00882s
[Timer] Accumulated duration for footprint-generation: 2.659s
[Timer] Average duration for footprint-generation: 1.32951s
[Timer] Accumulated duration for patch-clustering: 0.042s
[Timer] Average duration for patch-clustering: 0.02078s
Number of prod-rule-combos: 2
Number of plausible prod-rule-combos: 0
Number of clusters: 2
Number of clustered patches: 2
Average number of patches per cluster:1.000
plausible-prod-combo-1: 0
plausible-prod-combo-2: 0
prod-combo-1: 1
prod-combo-2: 1
Explored 2/115544218655154699672520543713582272681246190484509475482222652607669865044950225482687589442787782490144191535226515289021691476(0.000%) patches
[Timer] Duration for total-repair: 189.882s
Validating locally good clusters
Checking which clusters are locally good
Number of locally good clusters: 0
Locally good clusters are: []
[Timer] Duration for total-validation: 0.001s
Finalizing and exiting tool
[Timer] Duration for total-run-time: 300.516s
