Capturing in make/cc mode...
Found 66 source files to analyze in /opt/effFix-benchmark/p11-kit/null-ptr-1-p11-kit/pre/infer-out-whole
p11-kit/proxy.c starting
p11-kit/p11-kit.c starting
common/tool.c starting
trust/x509.c starting
trust/extract-edk2.c starting
p11-kit/pin.c starting
p11-kit/remote.c starting
trust/token.c starting
p11-kit/remote.c DONE
trust/enumerate.c starting
common/path.c starting
trust/save.c starting
common/buffer.c starting
trust/index.c starting
p11-kit/uri.c starting
p11-kit/conf.c starting
p11-kit/lists.c starting
p11-kit/rpc-server.c starting
common/message.c starting
p11-kit/rpc-transport.c starting
p11-kit/rpc-client.c starting
trust/base64.c starting
trust/trust.c starting
common/array.c starting
common/lexer.c starting
common/constants.c starting
trust/extract-openssl.c starting
trust/builder.c starting
trust/extract-cer.c starting
common/library.c starting
trust/anchor.c starting
common/dict.c starting
trust/module.c starting
p11-kit/client-init.c starting
p11-kit/client-init.c DONE
p11-kit/log.c starting
common/array.c DONE
p11-kit/iter.c starting
common/buffer.c DONE
common/attrs.c starting
common/message.c DONE
common/debug.c starting
common/debug.c DONE
p11-kit/server.c starting
trust/base64.c DONE
p11-kit/modules.c starting
common/library.c DONE
common/path.c DONE
trust/asn1.c starting
trust/digest.c starting
common/lexer.c DONE
common/compat.c starting
p11-kit/pin.c DONE
trust/dump.c starting
common/constants.c DONE
p11-kit/virtual.c starting
common/dict.c DONE
trust/extract.c starting
common/compat.c DONE
p11-kit/util.c starting
p11-kit/p11-kit.c DONE
common/url.c starting
common/url.c DONE
trust/trust.c DONE
trust/list.c starting
trust/parser.c starting
p11-kit/util.c DONE
trust/persist.c starting
p11-kit/server.c DONE
p11-kit/filter.c starting
common/tool.c DONE
trust/pem.c starting
trust/extract.c DONE
p11-kit/messages.c starting
p11-kit/messages.c DONE
p11-kit/rpc-message.c starting
trust/asn1.c DONE
common/runtime.c starting
trust/save.c DONE
trust/utf8.c starting
trust/utf8.c DONE
common/unix-peer.c starting
common/unix-peer.c DONE
p11-kit/proxy-init.c starting
p11-kit/proxy-init.c DONE
trust/oid.c starting
trust/oid.c DONE
p11-kit/iter.c DONE
trust/extract-jks.c starting
common/hash.c starting
common/hash.c DONE
trust/module-init.c starting
trust/module-init.c DONE
trust/list.c DONE
common/runtime.c DONE
trust/session.c starting
common/argv.c starting
common/argv.c DONE
trust/extract-pem.c starting
p11-kit/client.c starting
p11-kit/filter.c DONE
trust/pem.c DONE
trust/session.c DONE
p11-kit/conf.c DONE
p11-kit/client.c DONE
trust/dump.c DONE
p11-kit/rpc-transport.c DONE
common/attrs.c DONE
trust/extract-jks.c DONE
trust/extract-edk2.c DONE
trust/parser.c DONE
trust/index.c DONE
trust/extract-pem.c DONE
trust/extract-cer.c DONE
p11-kit/rpc-message.c DONE
p11-kit/uri.c DONE
p11-kit/rpc-client.c DONE
trust/persist.c DONE
p11-kit/lists.c DONE
p11-kit/virtual.c DONE
trust/anchor.c DONE
trust/enumerate.c DONE
trust/token.c DONE
trust/module.c DONE
p11-kit/proxy.c DONE
trust/x509.c DONE
trust/digest.c DONE
p11-kit/modules.c DONE
trust/extract-openssl.c DONE
trust/builder.c DONE
p11-kit/rpc-server.c DONE
p11-kit/log.c DONE
