[Start] effFix started at 2026-01-21 15:55:30.308582
[Wed Jan 21 15:55:30 2026][INFO]: <function title at 0x7bad35c40f70>
[Wed Jan 21 15:55:30 2026][INFO]: Displaying Configurations
[Wed Jan 21 15:55:30 2026][CONFIGURATION]: src_dir:/effFix-experiment/effFix-benchmark/openssl-1/null-ptr-1-openssl-1/src
[Wed Jan 21 15:55:30 2026][CONFIGURATION]: build_command_project:make
[Wed Jan 21 15:55:30 2026][CONFIGURATION]: build_command_repair:make build_crypto
[Wed Jan 21 15:55:30 2026][CONFIGURATION]: clean_command:make clean
[Wed Jan 21 15:55:30 2026][CONFIGURATION]: config_command:CC=gcc ./config
[Wed Jan 21 15:55:30 2026][CONFIGURATION]: tag_id:null-ptr-1-openssl-1
[Wed Jan 21 15:55:30 2026][CONFIGURATION]: bug_type:NULLPTR_DEREFERENCE
[Wed Jan 21 15:55:30 2026][CONFIGURATION]: bug_procedure:X509_VERIFY_PARAM_new
[Wed Jan 21 15:55:30 2026][CONFIGURATION]: bug_file:crypto/x509/x509_vpm.c
[Wed Jan 21 15:55:30 2026][CONFIGURATION]: bug_start_line:91
[Wed Jan 21 15:55:30 2026][CONFIGURATION]: bug_end_line:92
[Wed Jan 21 15:55:30 2026][INFO]: Loading dependency tools
[Wed Jan 21 15:55:30 2026][INFO]: Analyzing Program for Repair
[Wed Jan 21 15:55:30 2026][INFO]: Checking whether Infer detected the target bug
[Wed Jan 21 15:55:30 2026][INFO]: Target bug is: NULLPTR_DEREFERENCE, crypto/x509/x509_vpm.c, X509_VERIFY_PARAM_new, start_line:91, end_line:92, two_loc_source_line:-1
[Wed Jan 21 15:55:30 2026][INFO]: Performing fix localization
[Wed Jan 21 15:55:48 2026][COMMAND]: /opt/infer/infer/bin/infer --pulse-only --jobs 16 --pulse-max-disjuncts 100 --pulse-model-malloc-pattern CRYPTO_malloc --pulse-model-free-pattern CRYPTO_free --pulse-model-realloc-pattern CRYPTO_realloc --reactive --pulse-fix-mode --pulse-fix-file=crypto/x509/x509_vpm.c --pulse-fix-function=X509_VERIFY_PARAM_new -o /effFix-experiment/effFix-benchmark/openssl-1/null-ptr-1-openssl-1/repair/infer-out-single -- make build_crypto
[Wed Jan 21 15:55:49 2026][INFO]: Result from ochiai: [(88, 0.23570226039551587), (91, 0.23570226039551587), (92, 0.23570226039551587), (93, 0.0), (94, 0.0)]
[Wed Jan 21 15:55:49 2026][COMMAND]: codeql pack install
[Wed Jan 21 15:55:53 2026][COMMAND]: codeql database analyze /effFix-experiment/effFix-benchmark/openssl-1/null-ptr-1-openssl-1/pre/codeql-db /effFix-experiment/effFix-benchmark/openssl-1/null-ptr-1-openssl-1/repair/codeql-queries/loc_between.ql --format=csv --rerun --output=/effFix-experiment/effFix-benchmark/openssl-1/null-ptr-1-openssl-1/repair/codeql-res-loc-betweens.csv
[Wed Jan 21 15:56:35 2026][INFO]: Locations allowed (by considering trace start and trace end): {92}
[Wed Jan 21 15:56:35 2026][INFO]: Final locations: [92]
[Wed Jan 21 15:56:35 2026][INFO]: [Timer] Duration for localize: 65.200s
[Wed Jan 21 15:56:35 2026][INFO]: Target bug signature: PatchSignature: [
	DisjunctSignature: label: <AbortProgram, 91, 92>, 
		allocated: frozenset(), 
		deallocated: frozenset(), 
		return_formula: True, 
		formula: True,
	DisjunctSignature: label: <Ok, 0, 0>, 
		allocated: frozenset({frozenset({'return'})}), 
		deallocated: frozenset(), 
		return_formula: (! (return = 0)), 
		formula: ((return->trust = 0) & (return->depth = -1) & (return->trust = return->purpose) & (return->purpose = return->policies) & (return->policies = return->name) & (return->name = return->inh_flags) & (return->inh_flags = return->flags)),
]
[Wed Jan 21 15:56:35 2026][INFO]: [Codeql] Running patch ingredient (return stmts) query
[Wed Jan 21 15:56:35 2026][COMMAND]: codeql database analyze /effFix-experiment/effFix-benchmark/openssl-1/null-ptr-1-openssl-1/pre/codeql-db /effFix-experiment/effFix-benchmark/openssl-1/null-ptr-1-openssl-1/repair/codeql-queries/return_stmts.ql --format=csv --rerun --output=/effFix-experiment/effFix-benchmark/openssl-1/null-ptr-1-openssl-1/repair/codeql-res-return-stmts.csv
[Wed Jan 21 15:56:58 2026][INFO]: Return statements: ['return NULL;', 'return param;']
[Wed Jan 21 15:56:58 2026][INFO]: [Timer] Duration for codeql-get-return-stmts: 22.245s
[Wed Jan 21 15:56:58 2026][INFO]: [Codeql] Running patch ingredient (labels) query
[Wed Jan 21 15:56:58 2026][COMMAND]: codeql database analyze /effFix-experiment/effFix-benchmark/openssl-1/null-ptr-1-openssl-1/pre/codeql-db /effFix-experiment/effFix-benchmark/openssl-1/null-ptr-1-openssl-1/repair/codeql-queries/labels.ql --format=csv --rerun --output=/effFix-experiment/effFix-benchmark/openssl-1/null-ptr-1-openssl-1/repair/codeql-res-labels.csv
[Wed Jan 21 15:57:12 2026][INFO]: Labels: []
[Wed Jan 21 15:57:12 2026][INFO]: [Timer] Duration for codeql-get-labels: 14.302s
[Wed Jan 21 15:57:12 2026][INFO]: [Timer] Duration for analysis: 102.016s
[Wed Jan 21 15:57:12 2026][INFO]: Repairing Program at location: 92
[Wed Jan 21 15:57:12 2026][INFO]: Loc 92: Getting patch ingredients at fix location
[Wed Jan 21 15:57:12 2026][INFO]: Loc 92: [Codeql] Running statement boundary query
[Wed Jan 21 15:57:12 2026][COMMAND]: codeql database analyze /effFix-experiment/effFix-benchmark/openssl-1/null-ptr-1-openssl-1/pre/codeql-db /effFix-experiment/effFix-benchmark/openssl-1/null-ptr-1-openssl-1/repair/codeql-queries/stmt_boundary.ql --format=csv --rerun --output=/effFix-experiment/effFix-benchmark/openssl-1/null-ptr-1-openssl-1/repair/codeql-res-stmt-boundary.csv
[Wed Jan 21 15:57:27 2026][INFO]: Statement at fix location ends at line 92
[Wed Jan 21 15:57:27 2026][INFO]: [Timer] Duration for codeql-get-stmt-boundary: 14.753s
[Wed Jan 21 15:57:27 2026][INFO]: Loc 92: [Codeql] Running patch ingredient (variable) query
[Wed Jan 21 15:57:27 2026][COMMAND]: codeql database analyze /effFix-experiment/effFix-benchmark/openssl-1/null-ptr-1-openssl-1/pre/codeql-db /effFix-experiment/effFix-benchmark/openssl-1/null-ptr-1-openssl-1/repair/codeql-queries/extract_var.ql --format=csv --rerun --output=/effFix-experiment/effFix-benchmark/openssl-1/null-ptr-1-openssl-1/repair/codeql-res-ingredient.csv
[Wed Jan 21 15:59:45 2026][INFO]: Loc 92: Pointer variables: ['param']
[Wed Jan 21 15:59:45 2026][INFO]: Loc 92: Non-pointer variables: []
[Wed Jan 21 15:59:45 2026][INFO]: [Timer] Duration for codeql-get-ingredients-variables: 138.768s
[Wed Jan 21 15:59:45 2026][INFO]: Loc 92: [Codeql] Running patch ingredient (constants) query
[Wed Jan 21 15:59:46 2026][COMMAND]: codeql database analyze /effFix-experiment/effFix-benchmark/openssl-1/null-ptr-1-openssl-1/pre/codeql-db /effFix-experiment/effFix-benchmark/openssl-1/null-ptr-1-openssl-1/repair/codeql-queries/consts.ql --format=csv --rerun --output=/effFix-experiment/effFix-benchmark/openssl-1/null-ptr-1-openssl-1/repair/codeql-res-consts.csv
[Wed Jan 21 16:00:29 2026][INFO]: Loc 92: Constants: ['0', '-1', '91']
[Wed Jan 21 16:00:29 2026][INFO]: [Timer] Duration for codeql-get-consts: 44.048s
[Wed Jan 21 16:00:29 2026][INFO]: Loc 92: Initializing Patch Generator and Cluster Manager
[Wed Jan 21 16:00:29 2026][INFO]: Loc 92: Entering the main repair loop
[Wed Jan 21 16:00:29 2026][INFO]: Loc 92: Total search space size: 53083259605779243339761591973027559894206382810958015074837152505470347128204048
[Wed Jan 21 16:00:29 2026][COMMAND]: sed -i -e '92s:^:return NULL ;  :' /effFix-experiment/effFix-benchmark/openssl-1/null-ptr-1-openssl-1/src/crypto/x509/x509_vpm.c
[Wed Jan 21 16:00:29 2026][COMMAND]: diff -u /effFix-experiment/effFix-benchmark/openssl-1/null-ptr-1-openssl-1/repair/x509_vpm.c.backup /effFix-experiment/effFix-benchmark/openssl-1/null-ptr-1-openssl-1/src/crypto/x509/x509_vpm.c > /effFix-experiment/effFix-benchmark/openssl-1/null-ptr-1-openssl-1/repair/1.patch
[Wed Jan 21 16:00:29 2026][COMMAND]: /opt/infer/infer/bin/infer --pulse-only --jobs 16 --pulse-max-disjuncts 100 --pulse-model-malloc-pattern CRYPTO_malloc --pulse-model-free-pattern CRYPTO_free --pulse-model-realloc-pattern CRYPTO_realloc --reactive --pulse-fix-mode --pulse-fix-file=crypto/x509/x509_vpm.c --pulse-fix-function=X509_VERIFY_PARAM_new -o /effFix-experiment/effFix-benchmark/openssl-1/null-ptr-1-openssl-1/repair/infer-out-single -- make build_crypto
[Wed Jan 21 16:00:31 2026][INFO]: Adding new patch: INSERT FRONT return NULL ;
[Wed Jan 21 16:00:31 2026][INFO]: Created new cluster cluster-L92-0
[Wed Jan 21 16:00:31 2026][INFO]: Cluster signature: PatchSignature: [
	DisjunctSignature: label: <ErrorMemoryLeak, 91, 91>, 
		allocated: frozenset(), 
		deallocated: frozenset(), 
		return_formula: (return = 0), 
		formula: True,
	DisjunctSignature: label: <Ok, 0, 0>, 
		allocated: frozenset(), 
		deallocated: frozenset(), 
		return_formula: (return = 0), 
		formula: True,
]
[Wed Jan 21 16:00:31 2026][INFO]: pe_increment: RewardType.NO
[Wed Jan 21 16:00:31 2026][INFO]: ppie_increment: RewardType.NO
[Wed Jan 21 16:00:31 2026][INFO]: Adding to Cluster cluster-L92-0
[Wed Jan 21 16:00:31 2026][INFO]: Grammar: :INSERT POS CMD,return POINTER_EXPR ;,POINTER_CONST
[Wed Jan 21 16:00:31 2026][INFO]: plausible count: 0
[Wed Jan 21 16:00:31 2026][INFO]: cumulative repetition: 1
[Wed Jan 21 16:00:31 2026][INFO]: Cluster pe increment: RewardType.NO
[Wed Jan 21 16:00:31 2026][INFO]: Cluster ppie increment: RewardType.NO
[Wed Jan 21 16:00:31 2026][INFO]: Prod probability update: NULL : pe: 1.000=>1.000 ; ppie: 1.000=>1.000
[Wed Jan 21 16:00:31 2026][INFO]: Prod probability update: POINTER_CONST : pe: 0.500=>0.500 ; ppie: 0.500=>0.500
[Wed Jan 21 16:00:31 2026][INFO]: Prod probability update: POINTER : pe: 0.500=>0.500 ; ppie: 0.500=>0.500
[Wed Jan 21 16:00:31 2026][INFO]: Prod probability update: return POINTER_EXPR ; : pe: 0.167=>0.167 ; ppie: 0.167=>0.167
[Wed Jan 21 16:00:31 2026][INFO]: Prod probability update: HEAP : pe: 0.167=>0.167 ; ppie: 0.167=>0.167
[Wed Jan 21 16:00:31 2026][INFO]: Prod probability update: ID = ARITH_EXPR ; : pe: 0.167=>0.167 ; ppie: 0.167=>0.167
[Wed Jan 21 16:00:31 2026][INFO]: Prod probability update: EXIT_STMT : pe: 0.167=>0.167 ; ppie: 0.167=>0.167
[Wed Jan 21 16:00:31 2026][INFO]: Prod probability update: if ( BOOL_EXPR ) { CMD } : pe: 0.167=>0.167 ; ppie: 0.167=>0.167
[Wed Jan 21 16:00:31 2026][INFO]: Prod probability update: CMD CMD : pe: 0.167=>0.167 ; ppie: 0.167=>0.167
[Wed Jan 21 16:00:31 2026][INFO]: Prod probability update: FRONT : pe: 0.500=>0.500 ; ppie: 0.500=>0.500
[Wed Jan 21 16:00:31 2026][INFO]: Prod probability update: BACK : pe: 0.500=>0.500 ; ppie: 0.500=>0.500
[Wed Jan 21 16:00:31 2026][INFO]: Prod probability update: INSERT POS CMD : pe: 1.000=>1.000 ; ppie: 1.000=>1.000
[Wed Jan 21 16:00:31 2026][INFO]: Loc 92: Ending repair loop since time budget is exceeded
[Wed Jan 21 16:00:31 2026][INFO]: Loc 92: Repair loop finished
[Wed Jan 21 16:00:31 2026][INFO]: [Timer] Accumulated duration for patch-generation: 0.000s
[Wed Jan 21 16:00:31 2026][INFO]: [Timer] Average duration for patch-generation: 0.00023s
[Wed Jan 21 16:00:31 2026][INFO]: [Timer] Accumulated duration for probabilities-update: 0.001s
[Wed Jan 21 16:00:31 2026][INFO]: [Timer] Average duration for probabilities-update: 0.00113s
[Wed Jan 21 16:00:31 2026][INFO]: [Timer] Accumulated duration for patch-signature-generation: 0.008s
[Wed Jan 21 16:00:31 2026][INFO]: [Timer] Average duration for patch-signature-generation: 0.00801s
[Wed Jan 21 16:00:31 2026][INFO]: [Timer] Accumulated duration for footprint-generation: 1.402s
[Wed Jan 21 16:00:31 2026][INFO]: [Timer] Average duration for footprint-generation: 1.40187s
[Wed Jan 21 16:00:31 2026][INFO]: [Timer] Accumulated duration for patch-clustering: 0.017s
[Wed Jan 21 16:00:31 2026][INFO]: [Timer] Average duration for patch-clustering: 0.01661s
[Wed Jan 21 16:00:31 2026][INFO]: Number of prod-rule-combos: 1
[Wed Jan 21 16:00:31 2026][INFO]: Number of plausible prod-rule-combos: 0
[Wed Jan 21 16:00:31 2026][INFO]: Number of clusters: 1
[Wed Jan 21 16:00:31 2026][INFO]: Number of clustered patches: 1
[Wed Jan 21 16:00:31 2026][INFO]: Average number of patches per cluster:1.000
[Wed Jan 21 16:00:31 2026][INFO]: plausible-prod-combo-1: 0
[Wed Jan 21 16:00:31 2026][INFO]: prod-combo-1: 1
[Wed Jan 21 16:00:31 2026][INFO]: Explored 1/53083259605779243339761591973027559894206382810958015074837152505470347128204048(0.000%) patches
[Wed Jan 21 16:00:31 2026][INFO]: [Timer] Duration for total-repair: 199.044s
[Wed Jan 21 16:00:31 2026][INFO]: Validating locally good clusters
[Wed Jan 21 16:00:31 2026][INFO]: Checking which clusters are locally good
[Wed Jan 21 16:00:31 2026][INFO]: Number of locally good clusters: 0
[Wed Jan 21 16:00:31 2026][INFO]: Locally good clusters are: []
[Wed Jan 21 16:00:31 2026][WARNING]: No locally good clusters found. Cannot validate.
[Wed Jan 21 16:00:31 2026][INFO]: [Timer] Duration for total-validation: 0.000s
[Wed Jan 21 16:00:31 2026][INFO]: Finalizing and exiting tool
[Wed Jan 21 16:00:31 2026][INFO]: [Timer] Duration for total-run-time: 301.081s
[Wed Jan 21 16:00:31 2026][LOG]: Run time statistics:
-----------------------
[Wed Jan 21 16:00:31 2026][LOG]: effFix (Stage: repair) finished successfully after 301.081 seconds
[Wed Jan 21 16:00:31 2026][LOG]: Time duration
----------------------
[Wed Jan 21 16:00:31 2026][LOG]: effFix (Stage: repair) finished successfully after 301.081 seconds
[Wed Jan 21 16:00:31 2026][END] effFix ended at  2026-01-21 16:00:31.374034

