[Start] effFix started at 2026-01-21 05:28:05.861548
<function title at 0x7caed075bee0>
Displaying Configurations
Loading dependency tools
Analyzing Program for Repair
Checking whether Infer detected the target bug
Target bug is: NULLPTR_DEREFERENCE, src/lxc/af_unix.c, lxc_abstract_unix_send_credential, 235, 238
Performing fix localization
Result from ochiai: [(226, 0.8944271909999159), (221, 0.4472135954999579), (223, 0.4472135954999579), (227, 0.4472135954999579), (228, 0.4472135954999579), (229, 0.4472135954999579), (231, 0.4472135954999579), (232, 0.4472135954999579), (234, 0.4472135954999579), (235, 0.4472135954999579), (237, 0.4472135954999579), (238, 0.4472135954999579), (239, 0.0), (240, 0.0), (241, 0.0), (243, 0.0), (244, 0.0), (246, 0.0), (247, 0.0), (248, 0.0), (249, 0.0), (251, 0.0), (252, 0.0)]
Locations allowed (by considering trace start and trace end): {237, 238}
Final locations: [237, 238]
[Timer] Duration for localize: 107.551s
Target bug signature: PatchSignature: [
	DisjunctSignature: label: <AbortProgram, 235, 238>, 
		allocated: frozenset(), 
		deallocated: frozenset(), 
		return_formula: True, 
		formula: True,
	DisjunctSignature: label: <ISLLatentMemoryError, 0, 0>, 
		allocated: frozenset(), 
		deallocated: frozenset(), 
		return_formula: True, 
		formula: True,
	DisjunctSignature: label: <Ok, 0, 0>, 
		allocated: frozenset(), 
		deallocated: frozenset(), 
		return_formula: True, 
		formula: (data = 0),
	DisjunctSignature: label: <Ok, 0, 0>, 
		allocated: frozenset(), 
		deallocated: frozenset(), 
		return_formula: True, 
		formula: (! (data = 0)),
]
[Codeql] Running patch ingredient (return stmts) query
Return statements: ['return 0;', 'return call to sendmsg;']
[Timer] Duration for codeql-get-return-stmts: 16.161s
[Codeql] Running patch ingredient (labels) query
Labels: []
[Timer] Duration for codeql-get-labels: 14.154s
[Timer] Duration for analysis: 138.283s
Repairing Program at location: 237
Loc 237: Getting patch ingredients at fix location
Loc 237: [Codeql] Running statement boundary query
Statement at fix location ends at line 237
[Timer] Duration for codeql-get-stmt-boundary: 14.148s
Loc 237: [Codeql] Running patch ingredient (variable) query
Loc 237: Pointer variables: ['& ...->msg_control', 'msg.msg_control', 'cmsg']
Loc 237: Non-pointer variables: ['& ...->msg_controllen', 'msg.msg_controllen']
[Timer] Duration for codeql-get-ingredients-variables: 45.859s
Loc 237: [Codeql] Running patch ingredient (constants) query
Loc 237: Constants: ['-1', '0']
[Timer] Duration for codeql-get-consts: 23.184s
Loc 237: Initializing Patch Generator and Cluster Manager
Loc 237: Entering the main repair loop
Loc 237: Total search space size: 102565925167041104264944118027782191793319508967779696096379285128187070142669922937424272874808318881976653164104978846474127605054019914866060
Finalizing and exiting tool
[Timer] Duration for total-run-time: 221.516s
