[Start] effFix started at 2026-01-21 04:35:37.900456
<function title at 0x78c7450c6ee0>
Displaying Configurations
Loading dependency tools
Analyzing Program for Repair
Checking whether Infer detected the target bug
Target bug is: NULLPTR_DEREFERENCE, src/lxc/af_unix.c, lxc_abstract_unix_send_credential, 235, 238
Performing fix localization
Result from ochiai: [(226, 0.8944271909999159), (221, 0.4472135954999579), (223, 0.4472135954999579), (227, 0.4472135954999579), (228, 0.4472135954999579), (229, 0.4472135954999579), (231, 0.4472135954999579), (232, 0.4472135954999579), (234, 0.4472135954999579), (235, 0.4472135954999579), (237, 0.4472135954999579), (238, 0.4472135954999579), (239, 0.0), (240, 0.0), (241, 0.0), (243, 0.0), (244, 0.0), (246, 0.0), (247, 0.0), (248, 0.0), (249, 0.0), (251, 0.0), (252, 0.0)]
Locations allowed (by considering trace start and trace end): {237, 238}
Final locations: [237, 238]
[Timer] Duration for localize: 44.657s
Target bug signature: PatchSignature: [
	DisjunctSignature: label: <AbortProgram, 235, 238>, 
		allocated: frozenset(), 
		deallocated: frozenset(), 
		return_formula: True, 
		formula: True,
	DisjunctSignature: label: <ISLLatentMemoryError, 0, 0>, 
		allocated: frozenset(), 
		deallocated: frozenset(), 
		return_formula: True, 
		formula: True,
	DisjunctSignature: label: <Ok, 0, 0>, 
		allocated: frozenset(), 
		deallocated: frozenset(), 
		return_formula: True, 
		formula: (data = 0),
	DisjunctSignature: label: <Ok, 0, 0>, 
		allocated: frozenset(), 
		deallocated: frozenset(), 
		return_formula: True, 
		formula: (! (data = 0)),
]
[Codeql] Running patch ingredient (return stmts) query
Return statements: ['return 0;', 'return call to sendmsg;']
[Timer] Duration for codeql-get-return-stmts: 16.396s
[Codeql] Running patch ingredient (labels) query
Labels: []
[Timer] Duration for codeql-get-labels: 15.476s
[Timer] Duration for analysis: 76.723s
Repairing Program at location: 237
Loc 237: Getting patch ingredients at fix location
Loc 237: [Codeql] Running statement boundary query
Statement at fix location ends at line 237
[Timer] Duration for codeql-get-stmt-boundary: 15.066s
Loc 237: [Codeql] Running patch ingredient (variable) query
Loc 237: Pointer variables: ['& ...->msg_control', 'cmsg', 'msg.msg_control']
Loc 237: Non-pointer variables: ['& ...->msg_controllen', 'msg.msg_controllen']
[Timer] Duration for codeql-get-ingredients-variables: 45.342s
Loc 237: [Codeql] Running patch ingredient (constants) query
Loc 237: Constants: ['0', '-1']
[Timer] Duration for codeql-get-consts: 23.683s
Loc 237: Initializing Patch Generator and Cluster Manager
Loc 237: Entering the main repair loop
Loc 237: Total search space size: 102565925167041104264944118027782191793319508967779696096379285128187070142669922937424272874808318881976653164104978846474127605054019914866060
Adding new patch: INSERT BACK return NULL ;
Created new cluster cluster-L237-0
Cluster signature: PatchSignature: [
	DisjunctSignature: label: <Ok, 0, 0>, 
		allocated: frozenset(), 
		deallocated: frozenset(), 
		return_formula: (return = 0), 
		formula: True,
]
pe_increment: RewardType.SMALL
ppie_increment: RewardType.NO
Adding to Cluster cluster-L237-0
Grammar: :INSERT POS CMD,return POINTER_EXPR ;,POINTER_CONST
plausible count: 0
cumulative repetition: 1
Cluster pe increment: RewardType.SMALL
Cluster ppie increment: RewardType.NO
Prod probability update: NULL : pe: 1.000=>1.000 ; ppie: 1.000=>1.000
Prod probability update: POINTER_CONST : pe: 0.500=>0.550 ; ppie: 0.500=>0.500
Prod probability update: POINTER : pe: 0.500=>0.450 ; ppie: 0.500=>0.500
Prod probability update: return POINTER_EXPR ; : pe: 0.167=>0.250 ; ppie: 0.167=>0.167
Prod probability update: HEAP : pe: 0.167=>0.150 ; ppie: 0.167=>0.167
Prod probability update: ID = ARITH_EXPR ; : pe: 0.167=>0.150 ; ppie: 0.167=>0.167
Prod probability update: EXIT_STMT : pe: 0.167=>0.150 ; ppie: 0.167=>0.167
Prod probability update: if ( BOOL_EXPR ) { CMD } : pe: 0.167=>0.150 ; ppie: 0.167=>0.167
Prod probability update: CMD CMD : pe: 0.167=>0.150 ; ppie: 0.167=>0.167
Prod probability update: BACK : pe: 0.500=>0.500 ; ppie: 0.500=>0.500
Prod probability update: FRONT : pe: 0.500=>0.500 ; ppie: 0.500=>0.500
Prod probability update: INSERT POS CMD : pe: 1.000=>1.000 ; ppie: 1.000=>1.000
Loc 237: Ending repair loop since time budget is exceeded
Loc 237: Repair loop finished
Repairing Program at location: 238
Loc 238: Getting patch ingredients at fix location
Loc 238: [Codeql] Running statement boundary query
Statement at fix location ends at line 238
[Timer] Duration for codeql-get-stmt-boundary: 13.689s
Loc 238: [Codeql] Running patch ingredient (variable) query
Loc 238: Pointer variables: ['& ...->msg_control', 'cmsg', 'msg.msg_control']
Loc 238: Non-pointer variables: ['cmsg->cmsg_len', '& ...->msg_controllen', 'msg.msg_controllen']
[Timer] Duration for codeql-get-ingredients-variables: 42.346s
Loc 238: [Codeql] Running patch ingredient (constants) query
Loc 238: Constants: ['0', '-1', '1']
[Timer] Duration for codeql-get-consts: 21.662s
Loc 238: Initializing Patch Generator and Cluster Manager
Loc 238: Entering the main repair loop
Loc 238: Total search space size: 861132200499442452838883500105957745884219390945428548859394345958714207510033433828449447421813405887370084649629765994427224617624686191187239833432750258269169151454253574923258824
Loc 238: Ending repair loop since time budget is exceeded
Loc 238: Repair loop finished
[Timer] Accumulated duration for patch-generation: 0.514s
[Timer] Average duration for patch-generation: 0.00084s
[Timer] Accumulated duration for probabilities-update: 0.001s
[Timer] Average duration for probabilities-update: 0.00000s
[Timer] Accumulated duration for patch-signature-generation: 0.018s
[Timer] Average duration for patch-signature-generation: 0.00003s
[Timer] Accumulated duration for footprint-generation: 45.084s
[Timer] Average duration for footprint-generation: 0.07343s
[Timer] Accumulated duration for patch-clustering: 0.271s
[Timer] Average duration for patch-clustering: 0.00044s
Number of prod-rule-combos: 1
Number of plausible prod-rule-combos: 0
Number of clusters: 3
Number of clustered patches: 614
Average number of patches per cluster:204.667
plausible-prod-combo-1: 0
prod-combo-1: 1
Explored 614/861132200499442452838883500105957745884321956870595589963659290076741989701826753337417227117909785172498271719772435917364648890499494510069216486596855237115643279059307594838124884(0.000%) patches
[Timer] Duration for total-repair: 223.363s
Validating locally good clusters
Checking which clusters are locally good
Number of locally good clusters: 0
Locally good clusters are: []
[Timer] Duration for total-validation: 0.000s
Finalizing and exiting tool
[Timer] Duration for total-run-time: 300.091s
