Capturing in make/cc mode...
Found 1291 source files to analyze in /effFix-experiment/effFix-benchmark/openssl-3/null-ptr-7-openssl-3/pre/infer-out-whole
providers/implementations/ciphers/cipher_aria_ccm.c starting
crypto/bio/bss_dgram.c starting
crypto/cast/c_ecb.c starting
apps/speed.c starting
crypto/pkcs12/p12_asn.c starting
crypto/x509/v3_int.c starting
crypto/camellia/cmll_cfb.c starting
providers/implementations/ciphers/cipher_aes_gcm_hw.c starting
crypto/der_writer.c starting
crypto/evp/pmeth_gn.c starting
providers/implementations/ciphers/cipher_chacha20_poly1305.c starting
crypto/pkcs12/p12_add.c starting
crypto/evp/p_verify.c starting
crypto/ct/ct_log.c starting
crypto/pkcs7/bio_pk7.c starting
crypto/pkcs12/p12_p8e.c starting
crypto/cast/c_ecb.c DONE
crypto/x509/v3_skid.c starting
crypto/camellia/cmll_cfb.c DONE
crypto/modes/gcm128.c starting
crypto/modes/gcm128.c DONE
test/helpers/predefined_dhparams.c starting
providers/implementations/ciphers/cipher_aes_gcm_hw.c DONE
crypto/rsa/rsa_asn1.c starting
crypto/pkcs7/bio_pk7.c DONE
crypto/evp/p_enc.c starting
crypto/x509/v3_skid.c DONE
providers/implementations/signature/rsa_sig.c starting
crypto/bio/bss_dgram.c DONE
providers/implementations/keymgmt/mac_legacy_kmgmt.c starting
crypto/evp/p_enc.c DONE
providers/implementations/ciphers/cipher_aes_ocb_hw.c starting
providers/implementations/ciphers/cipher_aes_ocb_hw.c DONE
crypto/core_fetch.c starting
providers/implementations/ciphers/cipher_aria_ccm.c DONE
crypto/bio/bf_prefix.c starting
crypto/core_fetch.c DONE
crypto/uid.c starting
crypto/uid.c DONE
crypto/whrlpool/wp_dgst.c starting
providers/implementations/ciphers/cipher_chacha20_poly1305.c DONE
crypto/asn1/p5_pbev2.c starting
crypto/bio/bf_prefix.c DONE
crypto/dsa/dsa_key.c starting
crypto/whrlpool/wp_dgst.c DONE
providers/common/der/der_ecx_gen.c starting
providers/common/der/der_ecx_gen.c DONE
crypto/bio/b_addr.c starting
crypto/bio/b_addr.c DONE
test/ssl_test_ctx_test.c starting
crypto/pkcs12/p12_asn.c DONE
crypto/x509/x_x509.c starting
crypto/x509/x_x509.c DONE
ssl/ssl_err_legacy.c starting
crypto/ct/ct_log.c DONE
crypto/des/des_enc.c starting
ssl/ssl_err_legacy.c DONE
crypto/dh/dh_lib.c starting
crypto/pkcs12/p12_p8e.c DONE
providers/implementations/macs/poly1305_prov.c starting
crypto/evp/p_verify.c DONE
test/buildtest_rsa.c starting
test/buildtest_rsa.c DONE
crypto/threads_none.c starting
crypto/threads_none.c DONE
crypto/evp/e_aes.c starting
crypto/asn1/p5_pbev2.c DONE
crypto/ocsp/ocsp_lib.c starting
providers/implementations/macs/poly1305_prov.c DONE
crypto/aes/aes_cfb.c starting
crypto/ocsp/ocsp_lib.c DONE
ssl/statem/extensions_clnt.c starting
crypto/aes/aes_cfb.c DONE
crypto/bn/bn_exp.c starting
crypto/pkcs12/p12_add.c DONE
crypto/evp/e_rc2.c starting
test/ssl_test_ctx_test.c DONE
apps/ocsp.c starting
crypto/evp/pmeth_gn.c DONE
fuzz/crl.c starting
fuzz/crl.c DONE
crypto/bn/bn_gf2m.c starting
test/helpers/predefined_dhparams.c DONE
crypto/cms/cms_kari.c starting
crypto/evp/e_rc2.c DONE
crypto/cast/c_skey.c starting
crypto/cast/c_skey.c DONE
providers/common/capabilities.c starting
providers/common/capabilities.c DONE
crypto/x509/v3_lib.c starting
crypto/x509/v3_lib.c DONE
crypto/cms/cms_env.c starting
crypto/rsa/rsa_asn1.c DONE
crypto/hmac/hmac.c starting
crypto/dh/dh_lib.c DONE
providers/implementations/rands/drbg_hmac.c starting
crypto/hmac/hmac.c DONE
fuzz/ct.c starting
fuzz/ct.c DONE
crypto/ec/ec_mult.c starting
crypto/x509/v3_int.c DONE
apps/lib/cmp_mock_srv.c starting
apps/speed.c DONE
crypto/rsa/rsa_lib.c starting
apps/ocsp.c DONE
crypto/engine/tb_rand.c starting
crypto/engine/tb_rand.c DONE
providers/implementations/ciphers/cipher_rc4_hw.c starting
providers/implementations/ciphers/cipher_rc4_hw.c DONE
crypto/x509/v3_sxnet.c starting
apps/lib/cmp_mock_srv.c DONE
crypto/pkcs7/pkcs7err.c starting
crypto/x509/v3_sxnet.c DONE
providers/implementations/rands/drbg_ctr.c starting
crypto/evp/e_aes.c DONE
crypto/engine/eng_all.c starting
crypto/engine/eng_all.c DONE
crypto/x509/x_exten.c starting
crypto/x509/x_exten.c DONE
ssl/ssl_mcnf.c starting
crypto/pkcs7/pkcs7err.c DONE
crypto/cms/cms_dd.c starting
providers/implementations/signature/rsa_sig.c DONE
test/x509_check_cert_pkey_test.c starting
test/x509_check_cert_pkey_test.c DONE
crypto/kdf/kdf_err.c starting
crypto/kdf/kdf_err.c DONE
crypto/ocsp/v3_ocsp.c starting
crypto/ocsp/v3_ocsp.c DONE
ssl/t1_lib.c starting
ssl/ssl_mcnf.c DONE
apps/kdf.c starting
apps/kdf.c DONE
crypto/evp/legacy_mdc2.c starting
providers/implementations/keymgmt/mac_legacy_kmgmt.c DONE
providers/implementations/kdfs/pbkdf2_fips.c starting
providers/implementations/kdfs/pbkdf2_fips.c DONE
crypto/engine/eng_cnf.c starting
crypto/evp/legacy_mdc2.c DONE
crypto/crmf/crmf_pbm.c starting
crypto/cms/cms_dd.c DONE
providers/implementations/signature/mac_legacy_sig.c starting
crypto/crmf/crmf_pbm.c DONE
crypto/evp/p_open.c starting
crypto/evp/p_open.c DONE
crypto/asn1/a_gentm.c starting
crypto/asn1/a_gentm.c DONE
apps/ciphers.c starting
apps/ciphers.c DONE
providers/implementations/keymgmt/dh_kmgmt.c starting
crypto/engine/eng_cnf.c DONE
ssl/statem/statem_srvr.c starting
crypto/des/des_enc.c DONE
test/bio_core_test.c starting
test/bio_core_test.c DONE
crypto/bio/bf_readbuff.c starting
providers/implementations/rands/drbg_ctr.c DONE
crypto/property/property_parse.c starting
crypto/bio/bf_readbuff.c DONE
crypto/evp/evp_pbe.c starting
crypto/cms/cms_kari.c DONE
crypto/conf/conf_mall.c starting
crypto/evp/evp_pbe.c DONE
crypto/x509/t_req.c starting
crypto/cms/cms_env.c DONE
test/algorithmid_test.c starting
crypto/conf/conf_mall.c DONE
ssl/ssl_utst.c starting
ssl/ssl_utst.c DONE
test/x509aux.c starting
test/x509aux.c DONE
ssl/t1_trce.c starting
ssl/t1_trce.c DONE
crypto/x509/x509_def.c starting
crypto/x509/x509_def.c DONE
crypto/threads_win.c starting
crypto/threads_win.c DONE
test/buildtest_comp.c starting
test/buildtest_comp.c DONE
crypto/engine/tb_eckey.c starting
crypto/engine/tb_eckey.c DONE
crypto/ec/ec_oct.c starting
test/algorithmid_test.c DONE
apps/ec.c starting
apps/ec.c DONE
crypto/sha/sha1dgst.c starting
crypto/ec/ec_mult.c DONE
providers/common/der/der_digests_gen.c starting
providers/common/der/der_digests_gen.c DONE
test/buildtest_ssl2.c starting
test/buildtest_ssl2.c DONE
apps/mac.c starting
crypto/x509/t_req.c DONE
crypto/pkcs12/p12_utl.c starting
apps/mac.c DONE
crypto/sha/sha1_one.c starting
crypto/sha/sha1_one.c DONE
crypto/cmp/cmp_status.c starting
crypto/pkcs12/p12_utl.c DONE
crypto/pkcs7/pk7_lib.c starting
crypto/der_writer.c DONE
test/cmp_status_test.c starting
test/cmp_status_test.c DONE
crypto/rsa/rsa_x931.c starting
crypto/rsa/rsa_x931.c DONE
crypto/http/http_client.c starting
providers/implementations/rands/drbg_hmac.c DONE
providers/implementations/digests/wp_prov.c starting
providers/implementations/digests/wp_prov.c DONE
providers/common/der/der_rsa_gen.c starting
providers/common/der/der_rsa_gen.c DONE
test/enginetest.c starting
crypto/cmp/cmp_status.c DONE
crypto/bn/bn_const.c starting
crypto/sha/sha1dgst.c DONE
crypto/ct/ct_vfy.c starting
test/enginetest.c DONE
apps/lib/fmt.c starting
apps/lib/fmt.c DONE
crypto/des/pcbc_enc.c starting
crypto/property/property_parse.c DONE
crypto/rsa/rsa_none.c starting
crypto/rsa/rsa_none.c DONE
apps/lib/http_server.c starting
crypto/ct/ct_vfy.c DONE
crypto/evp/legacy_md5.c starting
crypto/evp/legacy_md5.c DONE
crypto/bio/bf_null.c starting
crypto/bio/bf_null.c DONE
crypto/evp/pmeth_lib.c starting
apps/lib/http_server.c DONE
crypto/async/arch/async_posix.c starting
crypto/async/arch/async_posix.c DONE
test/helpers/ssl_test_ctx.c starting
test/helpers/ssl_test_ctx.c DONE
crypto/threads_pthread.c starting
crypto/threads_pthread.c DONE
crypto/modes/ctr128.c starting
crypto/modes/ctr128.c DONE
crypto/asn1/tasn_fre.c starting
crypto/asn1/tasn_fre.c DONE
crypto/asn1/d2i_pr.c starting
providers/implementations/signature/mac_legacy_sig.c DONE
crypto/evp/p5_crpt.c starting
crypto/pkcs7/pk7_lib.c DONE
providers/implementations/ciphers/cipher_desx.c starting
providers/implementations/ciphers/cipher_desx.c DONE
crypto/ct/ct_sct_ctx.c starting
crypto/evp/p5_crpt.c DONE
crypto/ec/ec_backend.c starting
crypto/asn1/d2i_pr.c DONE
providers/common/digest_to_nid.c starting
providers/common/digest_to_nid.c DONE
test/igetest.c starting
crypto/ct/ct_sct_ctx.c DONE
test/user_property_test.c starting
crypto/http/http_client.c DONE
crypto/dh/dh_asn1.c starting
test/user_property_test.c DONE
crypto/crmf/crmf_asn.c starting
crypto/crmf/crmf_asn.c DONE
apps/lib/s_socket.c starting
test/igetest.c DONE
crypto/evp/dh_support.c starting
crypto/evp/dh_support.c DONE
test/asn1_string_table_test.c starting
test/asn1_string_table_test.c DONE
test/bio_readbuffer_test.c starting
test/bio_readbuffer_test.c DONE
crypto/x509/x509_r2x.c starting
crypto/x509/x509_r2x.c DONE
crypto/threads_lib.c starting
crypto/threads_lib.c DONE
crypto/asn1/tasn_prn.c starting
apps/lib/s_socket.c DONE
test/buildtest_ec.c starting
test/buildtest_ec.c DONE
test/rsa_complex.c starting
test/rsa_complex.c DONE
test/destest.c starting
crypto/des/pcbc_enc.c DONE
crypto/ec/ecp_oct.c starting
crypto/ec/ecp_oct.c DONE
crypto/ui/ui_null.c starting
crypto/ui/ui_null.c DONE
crypto/x509/pcy_cache.c starting
crypto/dh/dh_asn1.c DONE
test/cmp_protect_test.c starting
crypto/x509/pcy_cache.c DONE
crypto/bn/bn_intern.c starting
crypto/ec/ec_oct.c DONE
apps/dhparam.c starting
crypto/bn/bn_intern.c DONE
crypto/modes/xts128.c starting
crypto/modes/xts128.c DONE
providers/implementations/digests/mdc2_prov.c starting
providers/implementations/digests/mdc2_prov.c DONE
test/helpers/cmp_testlib.c starting
test/helpers/cmp_testlib.c DONE
crypto/async/async_wait.c starting
test/cmp_protect_test.c DONE
providers/implementations/ciphers/cipher_rc4.c starting
providers/implementations/ciphers/cipher_rc4.c DONE
crypto/txt_db/txt_db.c starting
crypto/async/async_wait.c DONE
engines/e_padlock.c starting
crypto/rsa/rsa_lib.c DONE
crypto/conf/conf_ssl.c starting
apps/dhparam.c DONE
test/tls13ccstest.c starting
crypto/bn/bn_const.c DONE
test/curve448_internal_test.c starting
crypto/conf/conf_ssl.c DONE
providers/common/provider_ctx.c starting
providers/common/provider_ctx.c DONE
crypto/bn/bn_depr.c starting
crypto/evp/pmeth_lib.c DONE
crypto/evp/legacy_blake2.c starting
test/curve448_internal_test.c DONE
test/evp_extra_test2.c starting
crypto/evp/legacy_blake2.c DONE
providers/implementations/ciphers/cipher_sm4_hw.c starting
providers/implementations/ciphers/cipher_sm4_hw.c DONE
test/ssl_ctx_test.c starting
test/ssl_ctx_test.c DONE
providers/implementations/macs/blake2b_mac.c starting
providers/implementations/macs/blake2b_mac.c DONE
test/casttest.c starting
test/casttest.c DONE
crypto/asn1/nsseq.c starting
crypto/asn1/nsseq.c DONE
test/params_api_test.c starting
crypto/ec/ec_backend.c DONE
test/evp_pkey_provided_test.c starting
test/tls13ccstest.c DONE
crypto/asn1/a_bitstr.c starting
crypto/asn1/a_bitstr.c DONE
crypto/cmp/cmp_err.c starting
crypto/cmp/cmp_err.c DONE
ssl/s3_msg.c starting
test/evp_extra_test2.c DONE
crypto/dsa/dsa_check.c starting
crypto/txt_db/txt_db.c DONE
providers/implementations/ciphers/cipher_blowfish_hw.c starting
ssl/s3_msg.c DONE
crypto/o_str.c starting
crypto/o_str.c DONE
crypto/pem/pem_pk8.c starting
test/params_api_test.c DONE
fuzz/fuzz_rand.c starting
fuzz/fuzz_rand.c DONE
crypto/bn/bn_rsa_fips186_4.c starting
crypto/asn1/tasn_prn.c DONE
engines/e_afalg.c starting
crypto/bn/bn_rsa_fips186_4.c DONE
crypto/cms/cms_ec.c starting
crypto/cms/cms_ec.c DONE
crypto/err/err.c starting
crypto/err/err.c DONE
crypto/pem/pem_lib.c starting
engines/e_padlock.c DONE
test/http_test.c starting
providers/implementations/keymgmt/dh_kmgmt.c DONE
providers/implementations/asymciphers/rsa_enc.c starting
crypto/dsa/dsa_check.c DONE
crypto/bn/bn_word.c starting
engines/e_afalg.c DONE
crypto/rsa/rsa_pk1.c starting
test/http_test.c DONE
crypto/bio/bss_core.c starting
crypto/bn/bn_gf2m.c DONE
crypto/evp/evp_key.c starting
crypto/rsa/rsa_pk1.c DONE
test/defltfips_test.c starting
test/defltfips_test.c DONE
crypto/ripemd/rmd_dgst.c starting
crypto/evp/evp_key.c DONE
crypto/asn1/ameth_lib.c starting
crypto/asn1/ameth_lib.c DONE
crypto/x509/v3_akeya.c starting
crypto/x509/v3_akeya.c DONE
crypto/ec/ec_cvt.c starting
crypto/ec/ec_cvt.c DONE
test/buildtest_hmac.c starting
test/buildtest_hmac.c DONE
crypto/asn1/a_print.c starting
crypto/bn/bn_depr.c DONE
crypto/dh/dh_depr.c starting
crypto/dh/dh_depr.c DONE
test/exptest.c starting
crypto/bio/bss_core.c DONE
crypto/des/ofb_enc.c starting
crypto/asn1/a_print.c DONE
providers/implementations/ciphers/cipher_null.c starting
providers/implementations/ciphers/cipher_null.c DONE
crypto/x509/t_x509.c starting
providers/implementations/ciphers/cipher_blowfish_hw.c DONE
crypto/pem/pem_all.c starting
crypto/pem/pem_pk8.c DONE
apps/errstr.c starting
apps/errstr.c DONE
crypto/bio/bss_sock.c starting
crypto/bio/bss_sock.c DONE
crypto/asn1/asn1_gen.c starting
crypto/dsa/dsa_key.c DONE
crypto/ec/ecp_nistz256.c starting
crypto/ripemd/rmd_dgst.c DONE
crypto/sha/sha512.c starting
crypto/bn/bn_word.c DONE
providers/common/der/der_rsa_key.c starting
crypto/sha/sha512.c DONE
crypto/dh/dh_pmeth.c starting
providers/common/der/der_rsa_key.c DONE
crypto/cms/cms_pwri.c starting
providers/implementations/asymciphers/rsa_enc.c DONE
test/buildtest_rc4.c starting
test/buildtest_rc4.c DONE
providers/common/bio_prov.c starting
test/evp_pkey_provided_test.c DONE
crypto/ec/curve448/curve448.c starting
providers/common/bio_prov.c DONE
crypto/provider.c starting
crypto/provider.c DONE
test/buildtest_buffer.c starting
test/buildtest_buffer.c DONE
providers/common/provider_util.c starting
crypto/des/ofb_enc.c DONE
crypto/evp/legacy_wp.c starting
test/exptest.c DONE
crypto/ui/ui_err.c starting
crypto/evp/legacy_wp.c DONE
crypto/cmp/cmp_util.c starting
crypto/x509/t_x509.c DONE
crypto/asn1/f_int.c starting
crypto/cms/cms_pwri.c DONE
test/buildtest_md5.c starting
test/buildtest_md5.c DONE
crypto/passphrase.c starting
crypto/ui/ui_err.c DONE
apps/ts.c starting
providers/common/provider_util.c DONE
crypto/cmp/cmp_msg.c starting
crypto/asn1/f_int.c DONE
crypto/bio/bss_bio.c starting
crypto/cmp/cmp_util.c DONE
test/pkcs7_test.c starting
test/pkcs7_test.c DONE
crypto/ct/ct_prn.c starting
crypto/ec/curve448/curve448.c DONE
crypto/x509/v3_admis.c starting
crypto/ct/ct_prn.c DONE
crypto/ec/ec_asn1.c starting
crypto/x509/v3_admis.c DONE
test/cmp_client_test.c starting
test/cmp_client_test.c DONE
providers/implementations/signature/dsa_sig.c starting
crypto/bio/bss_bio.c DONE
crypto/md5/md5_sha1.c starting
crypto/dh/dh_pmeth.c DONE
engines/e_capi.c starting
engines/e_capi.c DONE
crypto/x509/pcy_map.c starting
crypto/x509/pcy_map.c DONE
crypto/pkcs12/pk12err.c starting
apps/ts.c DONE
providers/implementations/ciphers/cipher_seed_hw.c starting
crypto/pkcs12/pk12err.c DONE
crypto/poly1305/poly1305.c starting
crypto/poly1305/poly1305.c DONE
test/buildtest_obj_mac.c starting
test/buildtest_obj_mac.c DONE
crypto/ffc/ffc_key_validate.c starting
crypto/ffc/ffc_key_validate.c DONE
test/params_test.c starting
crypto/passphrase.c DONE
crypto/x509/x509_d2.c starting
crypto/md5/md5_sha1.c DONE
test/cipher_overhead_test.c starting
ssl/t1_lib.c DONE
test/tls-provider.c starting
crypto/cmp/cmp_msg.c DONE
test/recordlentest.c starting
crypto/pem/pem_lib.c DONE
test/bftest.c starting
test/recordlentest.c DONE
crypto/bf/bf_cfb64.c starting
crypto/bf/bf_cfb64.c DONE
test/ectest.c starting
test/bftest.c DONE
ssl/s3_lib.c starting
test/tls-provider.c DONE
ssl/statem/extensions_srvr.c starting
test/cipher_overhead_test.c DONE
crypto/cast/c_cfb64.c starting
providers/implementations/ciphers/cipher_seed_hw.c DONE
crypto/asn1/asn1_lib.c starting
crypto/asn1/asn1_lib.c DONE
crypto/engine/eng_err.c starting
crypto/pem/pem_all.c DONE
crypto/rc2/rc2_ecb.c starting
crypto/rc2/rc2_ecb.c DONE
crypto/ts/ts_rsp_utils.c starting
crypto/engine/eng_err.c DONE
test/versions.c starting
test/versions.c DONE
crypto/ec/ecdh_kdf.c starting
crypto/cast/c_cfb64.c DONE
test/crltest.c starting
crypto/ec/ecdh_kdf.c DONE
crypto/bn/bn_lib.c starting
crypto/x509/x509_d2.c DONE
fuzz/test-corpus.c starting
fuzz/test-corpus.c DONE
crypto/core_algorithm.c starting
crypto/core_algorithm.c DONE
crypto/bn/bn_sqrt.c starting
ssl/statem/extensions_clnt.c DONE
providers/common/der/der_ecx_key.c starting
providers/common/der/der_ecx_key.c DONE
crypto/param_build_set.c starting
test/crltest.c DONE
test/asn1_time_test.c starting
crypto/bn/bn_lib.c DONE
crypto/ffc/ffc_params_generate.c starting
crypto/ts/ts_rsp_utils.c DONE
test/cmp_hdr_test.c starting
test/params_test.c DONE
crypto/rsa/rsa_sp800_56b_check.c starting
test/asn1_time_test.c DONE
crypto/dso/dso_err.c starting
crypto/param_build_set.c DONE
ssl/statem/statem.c starting
crypto/bn/bn_exp.c DONE
providers/implementations/ciphers/ciphercommon_ccm.c starting
crypto/dso/dso_err.c DONE
crypto/pem/pem_err.c starting
crypto/pem/pem_err.c DONE
test/dsa_no_digest_size_test.c starting
test/ectest.c DONE
crypto/property/defn_cache.c starting
providers/implementations/ciphers/ciphercommon_ccm.c DONE
crypto/dso/dso_dl.c starting
crypto/dso/dso_dl.c DONE
crypto/cms/cms_rsa.c starting
test/cmp_hdr_test.c DONE
ssl/statem/extensions_cust.c starting
crypto/property/defn_cache.c DONE
test/testutil/test_cleanup.c starting
test/testutil/test_cleanup.c DONE
test/testutil/test_options.c starting
test/testutil/test_options.c DONE
crypto/ts/ts_err.c starting
crypto/bn/bn_sqrt.c DONE
apps/pkeyutl.c starting
crypto/cms/cms_rsa.c DONE
providers/implementations/kdfs/pbkdf1.c starting
crypto/ts/ts_err.c DONE
crypto/ec/ec_key.c starting
test/dsa_no_digest_size_test.c DONE
ssl/record/ssl3_buffer.c starting
ssl/record/ssl3_buffer.c DONE
crypto/rc2/rc2_cbc.c starting
crypto/rc2/rc2_cbc.c DONE
crypto/evp/cmeth_lib.c starting
crypto/evp/cmeth_lib.c DONE
crypto/cpt_err.c starting
crypto/cpt_err.c DONE
providers/implementations/digests/blake2b_prov.c starting
providers/implementations/digests/blake2b_prov.c DONE
crypto/x509/v3_prn.c starting
crypto/x509/v3_prn.c DONE
test/cmactest.c starting
test/cmactest.c DONE
crypto/ts/ts_rsp_verify.c starting
providers/implementations/signature/dsa_sig.c DONE
crypto/x509/v3_ist.c starting
crypto/ffc/ffc_params_generate.c DONE
crypto/store/store_init.c starting
ssl/statem/extensions_cust.c DONE
providers/implementations/ciphers/cipher_camellia.c starting
crypto/store/store_init.c DONE
crypto/rsa/rsa_chk.c starting
crypto/x509/v3_ist.c DONE
test/chacha_internal_test.c starting
providers/implementations/ciphers/cipher_camellia.c DONE
test/buildtest_types.c starting
test/buildtest_types.c DONE
crypto/bn/bn_mpi.c starting
test/chacha_internal_test.c DONE
providers/implementations/ciphers/ciphercommon_gcm_hw.c starting
crypto/ec/ecp_nistz256.c DONE
crypto/evp/e_des3.c starting
providers/implementations/kdfs/pbkdf1.c DONE
crypto/ec/curve448/f_generic.c starting
providers/implementations/ciphers/ciphercommon_gcm_hw.c DONE
crypto/ocsp/ocsp_http.c starting
ssl/statem/statem_srvr.c DONE
test/buildtest_core_dispatch.c starting
test/buildtest_core_dispatch.c DONE
test/v3ext.c starting
test/v3ext.c DONE
test/d2i_test.c starting
test/d2i_test.c DONE
crypto/pkcs7/pk7_doit.c starting
crypto/ocsp/ocsp_http.c DONE
providers/implementations/storemgmt/file_store.c starting
crypto/ec/curve448/f_generic.c DONE
crypto/engine/tb_dh.c starting
crypto/bn/bn_mpi.c DONE
providers/implementations/ciphers/cipher_aes.c starting
crypto/engine/tb_dh.c DONE
test/buildtest_self_test.c starting
test/buildtest_self_test.c DONE
providers/implementations/ciphers/cipher_idea_hw.c starting
crypto/asn1/asn1_gen.c DONE
crypto/asn1/a_d2i_fp.c starting
providers/implementations/ciphers/cipher_aes.c DONE
providers/implementations/exchange/ecdh_exch.c starting
crypto/rsa/rsa_chk.c DONE
test/helpers/pkcs12.c starting
crypto/asn1/a_d2i_fp.c DONE
providers/implementations/ciphers/cipher_aria.c starting
providers/implementations/ciphers/cipher_aria.c DONE
crypto/bf/bf_ecb.c starting
crypto/bf/bf_ecb.c DONE
crypto/seed/seed.c starting
crypto/seed/seed.c DONE
test/confdump.c starting
test/confdump.c DONE
crypto/asn1/d2i_pu.c starting
crypto/asn1/d2i_pu.c DONE
crypto/sm2/sm2_key.c starting
test/destest.c DONE
crypto/x509/x_name.c starting
crypto/ec/ec_asn1.c DONE
test/testutil/testutil_init.c starting
test/testutil/testutil_init.c DONE
crypto/cmp/cmp_server.c starting
crypto/ts/ts_rsp_verify.c DONE
crypto/x509/pcy_data.c starting
crypto/x509/pcy_data.c DONE
test/tls13encryptiontest.c starting
test/tls13encryptiontest.c DONE
crypto/dh/dh_kdf.c starting
crypto/dh/dh_kdf.c DONE
crypto/evp/m_sigver.c starting
crypto/evp/m_sigver.c DONE
test/buildtest_camellia.c starting
test/buildtest_camellia.c DONE
crypto/bio/b_sock.c starting
crypto/sm2/sm2_key.c DONE
crypto/x509/v3_tlsf.c starting
crypto/bio/b_sock.c DONE
test/buildtest_async.c starting
test/buildtest_async.c DONE
crypto/bio/bss_conn.c starting
apps/pkeyutl.c DONE
crypto/engine/tb_dsa.c starting
providers/implementations/exchange/ecdh_exch.c DONE
test/buildtest_dtls1.c starting
test/buildtest_dtls1.c DONE
test/buildtest_whrlpool.c starting
test/buildtest_whrlpool.c DONE
crypto/x509/x509_cmp.c starting
crypto/engine/tb_dsa.c DONE
apps/lib/app_provider.c starting
providers/implementations/storemgmt/file_store.c DONE
test/sslbuffertest.c starting
crypto/bio/bss_conn.c DONE
crypto/ec/curve25519.c starting
crypto/pkcs7/pk7_doit.c DONE
crypto/info.c starting
crypto/info.c DONE
crypto/dsa/dsa_err.c starting
test/sslbuffertest.c DONE
test/modes_internal_test.c starting
crypto/dsa/dsa_err.c DONE
providers/implementations/ciphers/cipher_rc4_hmac_md5.c starting
crypto/x509/v3_tlsf.c DONE
test/buildtest_cryptoerr_legacy.c starting
test/buildtest_cryptoerr_legacy.c DONE
crypto/ts/ts_rsp_print.c starting
apps/lib/app_provider.c DONE
test/context_internal_test.c starting
test/context_internal_test.c DONE
crypto/seed/seed_cfb.c starting
providers/implementations/ciphers/cipher_rc4_hmac_md5.c DONE
crypto/des/cbc_enc.c starting
crypto/des/cbc_enc.c DONE
providers/implementations/digests/digestcommon.c starting
crypto/seed/seed_cfb.c DONE
crypto/sm2/sm2_err.c starting
providers/implementations/digests/digestcommon.c DONE
crypto/ec/ecp_mont.c starting
test/helpers/pkcs12.c DONE
ssl/record/rec_layer_s3.c starting
test/modes_internal_test.c DONE
fuzz/conf.c starting
fuzz/conf.c DONE
crypto/ec/ecdh_ossl.c starting
crypto/ec/ecdh_ossl.c DONE
crypto/asn1/asn1_item_list.c starting
crypto/asn1/asn1_item_list.c DONE
crypto/idea/i_cbc.c starting
crypto/sm2/sm2_err.c DONE
providers/implementations/keymgmt/kdf_legacy_kmgmt.c starting
providers/implementations/keymgmt/kdf_legacy_kmgmt.c DONE
crypto/ct/ct_err.c starting
crypto/ct/ct_err.c DONE
crypto/x509/x509_ext.c starting
crypto/ts/ts_rsp_print.c DONE
test/buildtest_conf_api.c starting
test/buildtest_conf_api.c DONE
crypto/x509/x509_v3.c starting
crypto/x509/x509_ext.c DONE
crypto/x509/by_file.c starting
crypto/x509/x509_v3.c DONE
test/evp_libctx_test.c starting
crypto/rsa/rsa_sp800_56b_check.c DONE
crypto/asn1/d2i_param.c starting
crypto/asn1/d2i_param.c DONE
crypto/cms/cms_ess.c starting
ssl/statem/statem.c DONE
crypto/asn1/a_digest.c starting
crypto/ec/curve25519.c DONE
crypto/rsa/rsa_prn.c starting
crypto/rsa/rsa_prn.c DONE
providers/implementations/ciphers/cipher_chacha20.c starting
ssl/record/rec_layer_s3.c DONE
test/buildtest_encoder.c starting
test/buildtest_encoder.c DONE
ssl/methods.c starting
crypto/asn1/a_digest.c DONE
crypto/evp/evp_pkey.c starting
ssl/methods.c DONE
test/testutil/provider.c starting
test/testutil/provider.c DONE
crypto/pem/pem_xaux.c starting
providers/implementations/ciphers/cipher_chacha20.c DONE
apps/lib/apps.c starting
crypto/x509/x509_cmp.c DONE
crypto/evp/ec_support.c starting
crypto/evp/ec_support.c DONE
crypto/ocsp/ocsp_srv.c starting
crypto/pem/pem_xaux.c DONE
providers/implementations/encode_decode/decode_msblob2key.c starting
providers/implementations/encode_decode/decode_msblob2key.c DONE
ssl/ssl_cert.c starting
crypto/cms/cms_ess.c DONE
crypto/objects/obj_xref.c starting
crypto/x509/by_file.c DONE
test/buildtest_blowfish.c starting
test/buildtest_blowfish.c DONE
crypto/des/rand_key.c starting
crypto/cmp/cmp_server.c DONE
crypto/err/err_prn.c starting
test/evp_libctx_test.c DONE
crypto/bn/bn_nist.c starting
crypto/des/rand_key.c DONE
test/buildtest_core.c starting
test/buildtest_core.c DONE
crypto/dso/dso_dlfcn.c starting
crypto/err/err_prn.c DONE
crypto/evp/evp_enc.c starting
crypto/evp/evp_pkey.c DONE
test/buildtest_ecdsa.c starting
test/buildtest_ecdsa.c DONE
crypto/bn/bn_x931p.c starting
crypto/ocsp/ocsp_srv.c DONE
crypto/store/store_register.c starting
crypto/objects/obj_xref.c DONE
crypto/x509/t_crl.c starting
crypto/x509/t_crl.c DONE
crypto/cms/cms_sd.c starting
ssl/ssl_cert.c DONE
crypto/ec/ec_err.c starting
crypto/ec/ec_err.c DONE
apps/cmp.c starting
crypto/x509/x_name.c DONE
crypto/rc2/rc2_skey.c starting
crypto/rc2/rc2_skey.c DONE
test/buildtest_aes.c starting
test/buildtest_aes.c DONE
test/evp_kdf_test.c starting
crypto/idea/i_cbc.c DONE
apps/dsa.c starting
crypto/store/store_register.c DONE
crypto/x509/v3_pcons.c starting
test/evp_kdf_test.c DONE
providers/common/der/der_dsa_sig.c starting
providers/common/der/der_dsa_sig.c DONE
apps/asn1parse.c starting
crypto/x509/v3_pcons.c DONE
test/testutil/output.c starting
apps/dsa.c DONE
crypto/bio/bio_err.c starting
test/testutil/output.c DONE
test/filterprov.c starting
crypto/bn/bn_x931p.c DONE
providers/implementations/macs/blake2s_mac.c starting
providers/implementations/macs/blake2s_mac.c DONE
crypto/seed/seed_ofb.c starting
crypto/seed/seed_ofb.c DONE
apps/storeutl.c starting
crypto/dso/dso_dlfcn.c DONE
crypto/rsa/rsa_oaep.c starting
apps/storeutl.c DONE
crypto/sm4/sm4.c starting
test/filterprov.c DONE
crypto/x509/x_all.c starting
crypto/bio/bio_err.c DONE
crypto/evp/e_sm4.c starting
apps/asn1parse.c DONE
crypto/ec/ec_deprecated.c starting
crypto/sm4/sm4.c DONE
test/conf_include_test.c starting
crypto/rsa/rsa_oaep.c DONE
crypto/pkcs12/p12_p8d.c starting
test/conf_include_test.c DONE
test/cipherlist_test.c starting
crypto/pkcs12/p12_p8d.c DONE
crypto/encode_decode/decoder_meth.c starting
test/cipherlist_test.c DONE
test/dtlsv1listentest.c starting
crypto/evp/evp_enc.c DONE
crypto/x509/v3_utf8.c starting
crypto/x509/v3_utf8.c DONE
test/buildtest_seed.c starting
test/buildtest_seed.c DONE
providers/implementations/macs/cmac_prov.c starting
test/dtlsv1listentest.c DONE
apps/rsa.c starting
apps/rsa.c DONE
test/bio_callback_test.c starting
test/bio_callback_test.c DONE
crypto/bn/bn_print.c starting
crypto/bn/bn_print.c DONE
crypto/pkcs12/p12_crpt.c starting
crypto/pkcs12/p12_crpt.c DONE
crypto/asn1/a_type.c starting
crypto/asn1/a_type.c DONE
providers/implementations/kdfs/sskdf.c starting
crypto/ec/ec_deprecated.c DONE
ssl/record/dtls1_bitmap.c starting
ssl/record/dtls1_bitmap.c DONE
crypto/ec/ec_check.c starting
crypto/ec/ec_key.c DONE
crypto/evp/e_cast.c starting
crypto/cms/cms_sd.c DONE
test/moduleloadtest.c starting
test/moduleloadtest.c DONE
test/buildtest_cast.c starting
test/buildtest_cast.c DONE
providers/implementations/ciphers/cipher_tdes_default_hw.c starting
ssl/s3_lib.c DONE
crypto/evp/mac_meth.c starting
crypto/evp/e_sm4.c DONE
crypto/params_from_text.c starting
crypto/params_from_text.c DONE
apps/smime.c starting
apps/smime.c DONE
crypto/x509/x509_lu.c starting
crypto/x509/x_all.c DONE
providers/implementations/ciphers/cipher_cast5.c starting
providers/implementations/ciphers/cipher_cast5.c DONE
crypto/evp/legacy_ripemd.c starting
crypto/evp/legacy_ripemd.c DONE
apps/spkac.c starting
apps/spkac.c DONE
apps/s_server.c starting
crypto/evp/mac_meth.c DONE
crypto/x509/v3_extku.c starting
crypto/ec/ec_check.c DONE
crypto/asn1/a_verify.c starting
apps/cmp.c DONE
crypto/bn/bn_srp.c starting
crypto/asn1/a_verify.c DONE
crypto/params_dup.c starting
crypto/params_dup.c DONE
test/ciphername_test.c starting
crypto/bn/bn_srp.c DONE
crypto/cmp/cmp_http.c starting
crypto/cmp/cmp_http.c DONE
providers/implementations/ciphers/cipher_aes_gcm.c starting
providers/implementations/ciphers/cipher_aes_gcm.c DONE
crypto/asn1/a_mbstr.c starting
test/ciphername_test.c DONE
crypto/x509/x509_att.c starting
crypto/x509/x509_att.c DONE
test/buildtest_txt_db.c starting
test/buildtest_txt_db.c DONE
crypto/asn1/tasn_enc.c starting
crypto/asn1/a_mbstr.c DONE
crypto/mem_sec.c starting
crypto/x509/v3_extku.c DONE
ssl/statem/extensions.c starting
crypto/asn1/tasn_enc.c DONE
crypto/rsa/rsa_ossl.c starting
crypto/x509/x509_lu.c DONE
test/sslcorrupttest.c starting
crypto/mem_sec.c DONE
providers/implementations/ciphers/cipher_tdes_default.c starting
providers/implementations/kdfs/sskdf.c DONE
crypto/ec/eck_prn.c starting
providers/implementations/ciphers/cipher_tdes_default.c DONE
test/buildtest_idea.c starting
test/buildtest_idea.c DONE
crypto/evp/bio_enc.c starting
providers/implementations/macs/cmac_prov.c DONE
providers/implementations/ciphers/ciphercommon.c starting
test/sslcorrupttest.c DONE
crypto/cmac/cmac.c starting
crypto/cmac/cmac.c DONE
crypto/evp/kem.c starting
crypto/ec/eck_prn.c DONE
providers/prov_running.c starting
providers/prov_running.c DONE
crypto/pkcs12/p12_sbag.c starting
crypto/pkcs12/p12_sbag.c DONE
apps/dsaparam.c starting
apps/dsaparam.c DONE
providers/implementations/kdfs/pkcs12kdf.c starting
providers/implementations/ciphers/ciphercommon.c DONE
crypto/evp/e_aes_cbc_hmac_sha1.c starting
crypto/encode_decode/decoder_meth.c DONE
crypto/asn1/x_spki.c starting
crypto/asn1/x_spki.c DONE
providers/implementations/encode_decode/encode_key2ms.c starting
crypto/evp/kem.c DONE
test/mdc2_internal_test.c starting
test/mdc2_internal_test.c DONE
crypto/asn1/i2d_evp.c starting
crypto/asn1/i2d_evp.c DONE
crypto/ocsp/ocsp_prn.c starting
crypto/ocsp/ocsp_prn.c DONE
providers/implementations/ciphers/cipher_tdes.c starting
providers/implementations/ciphers/cipher_tdes.c DONE
test/rand_status_test.c starting
test/rand_status_test.c DONE
test/hmactest.c starting
test/hmactest.c DONE
test/dhtest.c starting
providers/implementations/kdfs/pkcs12kdf.c DONE
crypto/rand/rand_err.c starting
crypto/rand/rand_err.c DONE
apps/ca.c starting
crypto/evp/e_cast.c DONE
crypto/bn/bn_exp2.c starting
ssl/statem/extensions.c DONE
crypto/ts/ts_verify_ctx.c starting
crypto/ts/ts_verify_ctx.c DONE
providers/common/provider_seeding.c starting
providers/common/provider_seeding.c DONE
providers/implementations/ciphers/cipher_idea.c starting
providers/implementations/ciphers/cipher_idea.c DONE
crypto/ec/curve448/eddsa.c starting
crypto/ec/curve448/eddsa.c DONE
ssl/record/ssl3_record.c starting
apps/lib/apps.c DONE
test/lhash_test.c starting
apps/ca.c DONE
crypto/evp/keymgmt_meth.c starting
crypto/bn/bn_exp2.c DONE
crypto/property/property_err.c starting
crypto/evp/bio_enc.c DONE
crypto/asn1/asn_mime.c starting
crypto/evp/e_aes_cbc_hmac_sha1.c DONE
crypto/provider_child.c starting
crypto/property/property_err.c DONE
crypto/comp/c_zlib.c starting
crypto/comp/c_zlib.c DONE
crypto/x509/x_req.c starting
crypto/evp/keymgmt_meth.c DONE
crypto/rsa/rsa_mp.c starting
crypto/x509/x_req.c DONE
apps/version.c starting
providers/implementations/ciphers/cipher_idea_hw.c DONE
providers/implementations/rands/seeding/rand_unix.c starting
apps/version.c DONE
crypto/cms/cms_enc.c starting
crypto/cms/cms_enc.c DONE
fuzz/server.c starting
crypto/provider_child.c DONE
crypto/modes/cfb128.c starting
crypto/modes/cfb128.c DONE
apps/lib/app_rand.c starting
fuzz/server.c DONE
crypto/x509/v3_bitst.c starting
crypto/x509/v3_bitst.c DONE
test/buildtest_sha.c starting
test/buildtest_sha.c DONE
providers/common/der/der_wrap_gen.c starting
providers/common/der/der_wrap_gen.c DONE
crypto/store/store_err.c starting
apps/lib/app_rand.c DONE
test/buildtest_params.c starting
test/buildtest_params.c DONE
crypto/x509/v3_asid.c starting
crypto/asn1/asn_mime.c DONE
crypto/engine/tb_rsa.c starting
crypto/engine/tb_rsa.c DONE
crypto/dsa/dsa_asn1.c starting
crypto/store/store_err.c DONE
crypto/bio/bio_meth.c starting
crypto/bio/bio_meth.c DONE
crypto/evp/evp_fetch.c starting
crypto/dsa/dsa_asn1.c DONE
test/shlibloadtest.c starting
test/shlibloadtest.c DONE
apps/gendsa.c starting
apps/gendsa.c DONE
test/provider_internal_test.c starting
crypto/rsa/rsa_mp.c DONE
crypto/dsa/dsa_backend.c starting
crypto/evp/evp_fetch.c DONE
test/keymgmt_internal_test.c starting
test/provider_internal_test.c DONE
test/time_offset_test.c starting
test/time_offset_test.c DONE
crypto/asn1/a_int.c starting
test/keymgmt_internal_test.c DONE
crypto/cmp/cmp_hdr.c starting
providers/implementations/encode_decode/encode_key2ms.c DONE
crypto/x509/x509_vpm.c starting
ssl/record/ssl3_record.c DONE
crypto/rc2/rc2ofb64.c starting
crypto/rc2/rc2ofb64.c DONE
ssl/ssl_lib.c starting
crypto/cmp/cmp_hdr.c DONE
providers/implementations/ciphers/ciphercommon_hw.c starting
test/dhtest.c DONE
providers/implementations/ciphers/cipher_chacha20_hw.c starting
crypto/bn/bn_nist.c DONE
test/buildtest_mdc2.c starting
test/buildtest_mdc2.c DONE
crypto/dso/dso_vms.c starting
crypto/dso/dso_vms.c DONE
crypto/aes/aes_ige.c starting
crypto/aes/aes_ige.c DONE
test/buildtest_fips_names.c starting
test/buildtest_fips_names.c DONE
crypto/asn1/bio_asn1.c starting
providers/implementations/ciphers/cipher_chacha20_hw.c DONE
crypto/asn1/x_algor.c starting
apps/s_server.c DONE
crypto/asn1/tasn_new.c starting
crypto/x509/x509_vpm.c DONE
crypto/asn1/p5_scrypt.c starting
crypto/asn1/x_algor.c DONE
test/wpackettest.c starting
crypto/asn1/tasn_new.c DONE
providers/implementations/exchange/ecx_exch.c starting
test/lhash_test.c DONE
crypto/ec/ec_kmeth.c starting
ssl/statem/extensions_srvr.c DONE
crypto/objects/obj_lib.c starting
crypto/objects/obj_lib.c DONE
providers/implementations/asymciphers/sm2_enc.c starting
providers/implementations/ciphers/ciphercommon_hw.c DONE
providers/implementations/digests/sha2_prov.c starting
crypto/dsa/dsa_backend.c DONE
crypto/store/store_lib.c starting
crypto/asn1/bio_asn1.c DONE
crypto/x509/x_attrib.c starting
crypto/x509/x_attrib.c DONE
crypto/rand/rand_pool.c starting
crypto/ec/ec_kmeth.c DONE
crypto/bn/rsaz_exp_x2.c starting
crypto/bn/rsaz_exp_x2.c DONE
providers/implementations/encode_decode/encode_key2any.c starting
providers/implementations/digests/sha2_prov.c DONE
crypto/engine/eng_rdrand.c starting
crypto/engine/eng_rdrand.c DONE
crypto/md5/md5_dgst.c starting
crypto/md5/md5_dgst.c DONE
crypto/dh/dh_gen.c starting
crypto/asn1/p5_scrypt.c DONE
crypto/pkcs12/p12_mutl.c starting
crypto/dh/dh_gen.c DONE
crypto/asn1/x_long.c starting
crypto/asn1/x_long.c DONE
crypto/asn1/a_octet.c starting
crypto/asn1/a_octet.c DONE
providers/implementations/digests/ripemd_prov.c starting
providers/implementations/digests/ripemd_prov.c DONE
crypto/x509/v3_crld.c starting
crypto/asn1/a_int.c DONE
crypto/cmp/cmp_vfy.c starting
providers/implementations/exchange/ecx_exch.c DONE
crypto/asn1/asn_moid.c starting
crypto/pkcs12/p12_mutl.c DONE
crypto/ui/ui_openssl.c starting
crypto/asn1/asn_moid.c DONE
crypto/x509/x_crl.c starting
crypto/store/store_lib.c DONE
test/helpers/handshake.c starting
crypto/x509/v3_crld.c DONE
providers/implementations/rands/seeding/rand_cpu_x86.c starting
providers/implementations/rands/seeding/rand_cpu_x86.c DONE
crypto/camellia/cmll_ctr.c starting
crypto/camellia/cmll_ctr.c DONE
crypto/evp/e_idea.c starting
crypto/ui/ui_openssl.c DONE
test/param_build_test.c starting
crypto/rand/rand_pool.c DONE
crypto/rsa/rsa_depr.c starting
crypto/x509/x_crl.c DONE
crypto/initthread.c starting
crypto/initthread.c DONE
crypto/encode_decode/decoder_err.c starting
test/param_build_test.c DONE
crypto/ec/ec_lib.c starting
crypto/encode_decode/decoder_err.c DONE
test/p_test.c starting
crypto/rsa/rsa_depr.c DONE
apps/lib/app_params.c starting
apps/lib/app_params.c DONE
crypto/ec/ec_pmeth.c starting
test/p_test.c DONE
ssl/pqueue.c starting
ssl/pqueue.c DONE
crypto/des/cfb64enc.c starting
crypto/des/cfb64enc.c DONE
crypto/asn1/asn_pack.c starting
crypto/asn1/asn_pack.c DONE
crypto/camellia/cmll_misc.c starting
crypto/camellia/cmll_misc.c DONE
crypto/x509/x509_obj.c starting
crypto/x509/x509_obj.c DONE
test/bioprinttest.c starting
test/bioprinttest.c DONE
test/bio_enc_test.c starting
test/bio_enc_test.c DONE
test/srptest.c starting
providers/implementations/asymciphers/sm2_enc.c DONE
crypto/evp/e_camellia.c starting
test/wpackettest.c DONE
ssl/statem/statem_clnt.c starting
crypto/x509/v3_asid.c DONE
crypto/mem.c starting
crypto/mem.c DONE
test/poly1305_internal_test.c starting
test/srptest.c DONE
crypto/dh/dh_backend.c starting
test/helpers/handshake.c DONE
crypto/x509/pcy_node.c starting
crypto/cmp/cmp_vfy.c DONE
crypto/ts/ts_conf.c starting
crypto/evp/e_camellia.c DONE
apps/progs.c starting
apps/progs.c DONE
crypto/asn1/t_pkey.c starting
crypto/x509/pcy_node.c DONE
crypto/objects/obj_dat.c starting
crypto/asn1/t_pkey.c DONE
crypto/asn1/a_utf8.c starting
crypto/asn1/a_utf8.c DONE
crypto/aes/aes_misc.c starting
crypto/aes/aes_misc.c DONE
apps/req.c starting
crypto/dh/dh_backend.c DONE
crypto/asn1/a_i2d_fp.c starting
crypto/asn1/a_i2d_fp.c DONE
crypto/x509/x509spki.c starting
crypto/x509/x509spki.c DONE
crypto/evp/e_old.c starting
crypto/evp/e_old.c DONE
crypto/asn1/a_strnid.c starting
crypto/asn1/a_strnid.c DONE
ssl/ssl_txt.c starting
crypto/ts/ts_conf.c DONE
crypto/evp/encode.c starting
test/poly1305_internal_test.c DONE
providers/implementations/ciphers/cipher_aes_ccm.c starting
providers/implementations/ciphers/cipher_aes_ccm.c DONE
crypto/context.c starting
ssl/ssl_txt.c DONE
test/buildtest_engine.c starting
test/buildtest_engine.c DONE
crypto/x509/v3_cpols.c starting
crypto/ec/ec_pmeth.c DONE
apps/s_time.c starting
crypto/context.c DONE
providers/implementations/exchange/dh_exch.c starting
crypto/evp/encode.c DONE
crypto/siphash/siphash.c starting
apps/s_time.c DONE
crypto/ffc/ffc_params_validate.c starting
crypto/evp/e_idea.c DONE
crypto/sm2/sm2_sign.c starting
crypto/siphash/siphash.c DONE
crypto/evp/bio_md.c starting
apps/req.c DONE
providers/implementations/kdfs/tls1_prf.c starting
crypto/ffc/ffc_params_validate.c DONE
crypto/evp/kdf_lib.c starting
crypto/evp/bio_md.c DONE
apps/pkeyparam.c starting
crypto/x509/v3_cpols.c DONE
test/testutil/cb.c starting
test/testutil/cb.c DONE
crypto/ec/ecp_nist.c starting
apps/pkeyparam.c DONE
providers/implementations/kdfs/scrypt.c starting
crypto/sm2/sm2_sign.c DONE
test/rc2test.c starting
test/rc2test.c DONE
crypto/dsa/dsa_ossl.c starting
crypto/evp/kdf_lib.c DONE
crypto/store/store_meth.c starting
providers/implementations/exchange/dh_exch.c DONE
apps/verify.c starting
providers/implementations/kdfs/scrypt.c DONE
crypto/bf/bf_enc.c starting
crypto/bf/bf_enc.c DONE
test/packettest.c starting
test/packettest.c DONE
providers/implementations/encode_decode/encode_key2text.c starting
providers/implementations/encode_decode/encode_key2any.c DONE
crypto/ts/ts_lib.c starting
apps/verify.c DONE
test/buildtest_core_names.c starting
test/buildtest_core_names.c DONE
providers/implementations/ciphers/cipher_rc2_hw.c starting
providers/implementations/ciphers/cipher_tdes_default_hw.c DONE
test/test_test.c starting
providers/implementations/ciphers/cipher_rc2_hw.c DONE
crypto/engine/eng_pkey.c starting
crypto/engine/eng_pkey.c DONE
test/verify_extra_test.c starting
crypto/ts/ts_lib.c DONE
crypto/ec/ecdsa_ossl.c starting
test/verify_extra_test.c DONE
test/rsa_sp800_56b_test.c starting
crypto/store/store_meth.c DONE
crypto/rand/rand_meth.c starting
crypto/rand/rand_meth.c DONE
apps/enc.c starting
apps/enc.c DONE
test/cipherbytes_test.c starting
test/cipherbytes_test.c DONE
test/cmsapitest.c starting
providers/implementations/kdfs/tls1_prf.c DONE
crypto/trace.c starting
crypto/trace.c DONE
crypto/conf/conf_api.c starting
test/cmsapitest.c DONE
crypto/pem/pvkfmt.c starting
crypto/conf/conf_api.c DONE
crypto/encode_decode/encoder_meth.c starting
providers/implementations/rands/seeding/rand_unix.c DONE
providers/common/der/der_sm2_key.c starting
providers/common/der/der_sm2_key.c DONE
crypto/des/qud_cksm.c starting
crypto/des/qud_cksm.c DONE
providers/implementations/keymgmt/dsa_kmgmt.c starting
crypto/dsa/dsa_ossl.c DONE
apps/pkcs8.c starting
providers/implementations/encode_decode/encode_key2text.c DONE
crypto/cast/c_ofb64.c starting
crypto/cast/c_ofb64.c DONE
test/buildtest_cmp_util.c starting
test/buildtest_cmp_util.c DONE
crypto/evp/exchange.c starting
apps/pkcs8.c DONE
crypto/dsa/dsa_lib.c starting
test/rsa_sp800_56b_test.c DONE
providers/implementations/rands/seeding/rand_win.c starting
providers/implementations/rands/seeding/rand_win.c DONE
crypto/rand/prov_seed.c starting
crypto/evp/exchange.c DONE
test/buildtest_rc2.c starting
test/buildtest_rc2.c DONE
test/endecoder_legacy_test.c starting
test/endecoder_legacy_test.c DONE
crypto/modes/ocb128.c starting
crypto/modes/ocb128.c DONE
test/testutil/tests.c starting
crypto/encode_decode/encoder_meth.c DONE
fuzz/asn1.c starting
fuzz/asn1.c DONE
providers/implementations/rands/drbg_hash.c starting
crypto/dsa/dsa_lib.c DONE
apps/prime.c starting
apps/prime.c DONE
test/pkey_meth_test.c starting
test/pkey_meth_test.c DONE
crypto/evp/p_legacy.c starting
crypto/evp/p_legacy.c DONE
crypto/cmp/cmp_protect.c starting
crypto/cmp/cmp_protect.c DONE
test/rc4test.c starting
test/rc4test.c DONE
crypto/x509/v3_enum.c starting
crypto/x509/v3_enum.c DONE
crypto/bn/bn_dh.c starting
crypto/ec/ecp_nist.c DONE
crypto/dh/dh_ameth.c starting
crypto/bn/bn_dh.c DONE
providers/implementations/ciphers/cipher_tdes_wrap.c starting
providers/implementations/ciphers/cipher_tdes_wrap.c DONE
providers/implementations/macs/kmac_prov.c starting
ssl/statem/statem_clnt.c DONE
crypto/ctype.c starting
crypto/ctype.c DONE
crypto/rsa/rsa_pmeth.c starting
crypto/ec/ecdsa_ossl.c DONE
crypto/engine/eng_fat.c starting
crypto/engine/eng_fat.c DONE
test/evp_pkey_dparams_test.c starting
test/evp_pkey_dparams_test.c DONE
providers/implementations/ciphers/cipher_des_hw.c starting
crypto/objects/obj_dat.c DONE
test/danetest.c starting
crypto/rsa/rsa_ossl.c DONE
crypto/ec/ec_print.c starting
test/danetest.c DONE
apps/lib/apps_ui.c starting
crypto/ec/ec_print.c DONE
crypto/pkcs7/pk7_asn1.c starting
providers/implementations/rands/drbg_hash.c DONE
crypto/asn1/n_pkey.c starting
providers/implementations/keymgmt/dsa_kmgmt.c DONE
providers/implementations/ciphers/cipher_aria_ccm_hw.c starting
crypto/pkcs7/pk7_asn1.c DONE
crypto/lhash/lhash.c starting
crypto/asn1/n_pkey.c DONE
engines/e_loader_attic.c starting
apps/lib/apps_ui.c DONE
fuzz/cms.c starting
fuzz/cms.c DONE
providers/implementations/keymgmt/ec_kmgmt.c starting
crypto/lhash/lhash.c DONE
crypto/rsa/rsa_x931g.c starting
providers/implementations/ciphers/cipher_aria_ccm_hw.c DONE
providers/implementations/rands/seeding/rand_tsc.c starting
providers/implementations/rands/seeding/rand_tsc.c DONE
test/ffc_internal_test.c starting
test/testutil/tests.c DONE
crypto/pem/pem_sign.c starting
crypto/rsa/rsa_x931g.c DONE
test/asn1_encode_test.c starting
crypto/pem/pem_sign.c DONE
test/buildtest_core_object.c starting
test/buildtest_core_object.c DONE
ssl/s3_enc.c starting
providers/implementations/macs/kmac_prov.c DONE
crypto/pkcs7/pk7_attr.c starting
test/asn1_encode_test.c DONE
crypto/dh/dh_check.c starting
crypto/rand/prov_seed.c DONE
crypto/ct/ct_x509v3.c starting
crypto/ct/ct_x509v3.c DONE
providers/implementations/digests/sha3_prov.c starting
crypto/pkcs7/pk7_attr.c DONE
providers/common/securitycheck.c starting
test/ffc_internal_test.c DONE
test/testutil/stanza.c starting
providers/common/securitycheck.c DONE
test/pbelutest.c starting
test/pbelutest.c DONE
test/evp_test.c starting
providers/implementations/digests/sha3_prov.c DONE
crypto/bio/bss_acpt.c starting
ssl/ssl_lib.c DONE
crypto/asn1_dsa.c starting
test/testutil/stanza.c DONE
crypto/ui/ui_util.c starting
ssl/s3_enc.c DONE
crypto/http/http_lib.c starting
crypto/http/http_lib.c DONE
crypto/rc2/rc2cfb64.c starting
crypto/rc2/rc2cfb64.c DONE
crypto/ec/ecx_backend.c starting
crypto/ui/ui_util.c DONE
ssl/statem/statem_dtls.c starting
crypto/bio/bss_acpt.c DONE
test/sanitytest.c starting
test/sanitytest.c DONE
crypto/x509/by_dir.c starting
crypto/dh/dh_ameth.c DONE
crypto/evp/evp_cnf.c starting
crypto/evp/evp_cnf.c DONE
crypto/x509/x509_vfy.c starting
crypto/dh/dh_check.c DONE
crypto/rsa/rsa_meth.c starting
crypto/rsa/rsa_meth.c DONE
ssl/ssl_conf.c starting
crypto/x509/by_dir.c DONE
crypto/rsa/rsa_backend.c starting
crypto/ec/ecp_mont.c DONE
test/buildtest_objects.c starting
test/buildtest_objects.c DONE
crypto/evp/evp_utils.c starting
crypto/evp/evp_utils.c DONE
crypto/bio/bio_lib.c starting
crypto/ec/ecx_backend.c DONE
crypto/evp/c_alld.c starting
crypto/bio/bio_lib.c DONE
crypto/bio/bf_buff.c starting
crypto/pem/pvkfmt.c DONE
test/ecdsatest.c starting
ssl/statem/statem_dtls.c DONE
apps/lib/app_x509.c starting
apps/lib/app_x509.c DONE
apps/sess_id.c starting
apps/sess_id.c DONE
crypto/ec/ecp_smpl.c starting
crypto/bio/bf_buff.c DONE
providers/nullprov.c starting
providers/nullprov.c DONE
providers/implementations/ciphers/ciphercommon_block.c starting
providers/implementations/ciphers/ciphercommon_block.c DONE
crypto/asn1/t_bitst.c starting
crypto/asn1/t_bitst.c DONE
crypto/ex_data.c starting
ssl/ssl_conf.c DONE
ssl/d1_lib.c starting
crypto/rsa/rsa_pmeth.c DONE
crypto/rsa/rsa_gen.c starting
engines/e_loader_attic.c DONE
test/ctype_internal_test.c starting
crypto/asn1_dsa.c DONE
crypto/x509/x509type.c starting
crypto/ex_data.c DONE
crypto/evp/p_dec.c starting
crypto/evp/p_dec.c DONE
crypto/sm2/sm2_crypt.c starting
crypto/x509/x509type.c DONE
providers/common/der/der_ec_gen.c starting
crypto/sm2/sm2_crypt.c DONE
providers/implementations/rands/test_rng.c starting
providers/common/der/der_ec_gen.c DONE
crypto/x509/v3_utl.c starting
test/ctype_internal_test.c DONE
apps/rehash.c starting
providers/implementations/rands/test_rng.c DONE
ssl/ssl_rsa_legacy.c starting
ssl/ssl_rsa_legacy.c DONE
crypto/ocsp/ocsp_err.c starting
crypto/evp/c_alld.c DONE
crypto/rsa/rsa_ameth.c starting
crypto/ec/ec_lib.c DONE
test/asynctest.c starting
crypto/ocsp/ocsp_err.c DONE
providers/implementations/encode_decode/decode_pem2der.c starting
providers/implementations/encode_decode/decode_pem2der.c DONE
crypto/des/cbc_cksm.c starting
test/asynctest.c DONE
test/provider_test.c starting
crypto/des/cbc_cksm.c DONE
crypto/bio/bss_null.c starting
crypto/bio/bss_null.c DONE
crypto/async/async.c starting
test/provider_test.c DONE
crypto/asn1/asn1_par.c starting
crypto/rsa/rsa_gen.c DONE
test/testutil/fake_random.c starting
crypto/asn1/asn1_par.c DONE
test/helpers/ssltestlib.c starting
apps/rehash.c DONE
crypto/ripemd/rmd_one.c starting
crypto/ripemd/rmd_one.c DONE
crypto/crmf/crmf_lib.c starting
test/testutil/fake_random.c DONE
crypto/ec/ec2_smpl.c starting
crypto/async/async.c DONE
crypto/provider_core.c starting
crypto/x509/v3_utl.c DONE
crypto/x509/pcy_tree.c starting
crypto/crmf/crmf_lib.c DONE
test/buildtest_ossl_typ.c starting
test/buildtest_ossl_typ.c DONE
crypto/asn1/tasn_dec.c starting
test/helpers/ssltestlib.c DONE
crypto/err/err_blocks.c starting
crypto/err/err_blocks.c DONE
crypto/md4/md4_one.c starting
crypto/md4/md4_one.c DONE
test/provider_fallback_test.c starting
test/provider_fallback_test.c DONE
crypto/camellia/cmll_ecb.c starting
crypto/camellia/cmll_ecb.c DONE
test/testutil/basic_output.c starting
test/testutil/basic_output.c DONE
test/simpledynamic.c starting
test/simpledynamic.c DONE
crypto/ct/ct_policy.c starting
crypto/ct/ct_policy.c DONE
crypto/bf/bf_ofb64.c starting
crypto/bf/bf_ofb64.c DONE
crypto/modes/wrap128.c starting
crypto/modes/wrap128.c DONE
crypto/mdc2/mdc2dgst.c starting
crypto/mdc2/mdc2dgst.c DONE
providers/implementations/ciphers/cipher_aria_hw.c starting
crypto/rsa/rsa_backend.c DONE
providers/implementations/ciphers/cipher_aria_gcm_hw.c starting
crypto/asn1/tasn_dec.c DONE
crypto/camellia/cmll_ofb.c starting
crypto/camellia/cmll_ofb.c DONE
crypto/rsa/rsa_pss.c starting
crypto/x509/pcy_tree.c DONE
test/threadstest.c starting
test/threadstest.c DONE
crypto/core_namemap.c starting
providers/implementations/ciphers/cipher_aria_gcm_hw.c DONE
crypto/evp/signature.c starting
crypto/provider_core.c DONE
crypto/sparse_array.c starting
crypto/sparse_array.c DONE
crypto/evp/e_rc4_hmac_md5.c starting
crypto/evp/e_rc4_hmac_md5.c DONE
crypto/aes/aes_ofb.c starting
providers/implementations/ciphers/cipher_aria_hw.c DONE
crypto/dh/dh_err.c starting
crypto/aes/aes_ofb.c DONE
test/threadstest_fips.c starting
providers/implementations/ciphers/cipher_des_hw.c DONE
crypto/evp/m_null.c starting
crypto/evp/m_null.c DONE
test/threadstest_fips.c DONE
crypto/cversion.c starting
test/errtest.c starting
crypto/cversion.c DONE
crypto/ocsp/ocsp_vfy.c starting
test/errtest.c DONE
crypto/pem/pem_x509.c starting
crypto/evp/signature.c DONE
crypto/bn/bn_div.c starting
crypto/bn/bn_div.c DONE
providers/implementations/ciphers/cipher_des.c starting
crypto/rsa/rsa_ameth.c DONE
providers/implementations/rands/crngt.c starting
crypto/dh/dh_err.c DONE
test/sysdefaulttest.c starting
test/sysdefaulttest.c DONE
crypto/x509/v3_pmaps.c starting
providers/implementations/ciphers/cipher_des.c DONE
providers/implementations/ciphers/cipher_aes_siv.c starting
crypto/pem/pem_x509.c DONE
providers/implementations/ciphers/cipher_tdes_hw.c starting
crypto/rsa/rsa_pss.c DONE
providers/implementations/ciphers/cipher_tdes_common.c starting
crypto/x509/v3_pmaps.c DONE
crypto/asn1/a_strex.c starting
providers/implementations/ciphers/cipher_aes_siv.c DONE
crypto/encode_decode/encoder_err.c starting
providers/implementations/ciphers/cipher_tdes_common.c DONE
crypto/sha/sha256.c starting
crypto/asn1/a_strex.c DONE
providers/implementations/ciphers/cipher_aes_ccm_hw.c starting
providers/implementations/ciphers/cipher_aes_ccm_hw.c DONE
crypto/bio/b_print.c starting
crypto/sha/sha256.c DONE
providers/implementations/ciphers/ciphercommon_gcm.c starting
crypto/encode_decode/encoder_err.c DONE
providers/implementations/digests/blake2s_prov.c starting
providers/implementations/digests/blake2s_prov.c DONE
crypto/ct/ct_sct.c starting
crypto/ct/ct_sct.c DONE
providers/common/der/der_sm2_sig.c starting
providers/common/der/der_sm2_sig.c DONE
apps/s_client.c starting
providers/implementations/rands/crngt.c DONE
crypto/modes/ofb128.c starting
crypto/modes/ofb128.c DONE
test/clienthellotest.c starting
test/clienthellotest.c DONE
crypto/bn/bn_conv.c starting
crypto/ocsp/ocsp_vfy.c DONE
apps/passwd.c starting
crypto/bn/bn_conv.c DONE
crypto/comp/comp_err.c starting
ssl/d1_lib.c DONE
crypto/bn/bn_err.c starting
crypto/comp/comp_err.c DONE
ssl/tls_srp.c starting
crypto/bio/b_print.c DONE
crypto/rsa/rsa_crpt.c starting
crypto/bn/bn_err.c DONE
crypto/engine/eng_dyn.c starting
crypto/engine/eng_dyn.c DONE
test/constant_time_test.c starting
apps/passwd.c DONE
crypto/evp/evp_rand.c starting
test/evp_test.c DONE
crypto/cmp/cmp_ctx.c starting
providers/implementations/ciphers/ciphercommon_gcm.c DONE
crypto/bn/bn_kron.c starting
crypto/evp/evp_rand.c DONE
crypto/x509/v3_ncons.c starting
test/constant_time_test.c DONE
crypto/ffc/ffc_backend.c starting
crypto/ffc/ffc_backend.c DONE
test/buildtest_bn.c starting
test/buildtest_bn.c DONE
crypto/x509/v3_pku.c starting
crypto/x509/v3_pku.c DONE
test/asynciotest.c starting
crypto/x509/v3_ncons.c DONE
apps/lib/tlssrp_depr.c starting
apps/s_client.c DONE
providers/implementations/signature/sm2_sig.c starting
crypto/cmp/cmp_ctx.c DONE
providers/implementations/signature/eddsa_sig.c starting
test/asynciotest.c DONE
crypto/dh/dh_rfc5114.c starting
crypto/dh/dh_rfc5114.c DONE
test/asn1_decode_test.c starting
test/asn1_decode_test.c DONE
crypto/ts/ts_req_print.c starting
crypto/ts/ts_req_print.c DONE
crypto/idea/i_ofb64.c starting
crypto/idea/i_ofb64.c DONE
crypto/evp/names.c starting
providers/implementations/signature/eddsa_sig.c DONE
ssl/ssl_asn1.c starting
ssl/ssl_asn1.c DONE
crypto/evp/e_aes_cbc_hmac_sha256.c starting
crypto/evp/names.c DONE
apps/crl2pkcs7.c starting
apps/crl2pkcs7.c DONE
crypto/engine/eng_lib.c starting
crypto/engine/eng_lib.c DONE
crypto/ec/curve448/curve448_tables.c starting
crypto/bn/bn_kron.c DONE
crypto/err/err_all_legacy.c starting
crypto/ec/curve448/curve448_tables.c DONE
providers/implementations/ciphers/cipher_rc4_hmac_md5_hw.c starting
providers/implementations/ciphers/cipher_rc4_hmac_md5_hw.c DONE
crypto/des/str2key.c starting
crypto/des/str2key.c DONE
crypto/bio/bf_nbio.c starting
crypto/bio/bf_nbio.c DONE
crypto/bio/bss_log.c starting
crypto/bio/bss_log.c DONE
crypto/rsa/rsa_schemes.c starting
crypto/rsa/rsa_crpt.c DONE
test/gosttest.c starting
crypto/x509/x509_vfy.c DONE
test/buildtest_ripemd.c starting
test/buildtest_ripemd.c DONE
crypto/o_dir.c starting
crypto/o_dir.c DONE
crypto/stack/stack.c starting
crypto/stack/stack.c DONE
apps/genrsa.c starting
crypto/rsa/rsa_schemes.c DONE
crypto/ui/ui_lib.c starting
test/gosttest.c DONE
test/buildtest_param_build.c starting
test/buildtest_param_build.c DONE
providers/implementations/ciphers/cipher_aes_ocb.c starting
providers/implementations/keymgmt/ec_kmgmt.c DONE
providers/implementations/ciphers/cipher_blowfish.c starting
providers/implementations/ciphers/cipher_blowfish.c DONE
test/testutil/random.c starting
test/testutil/random.c DONE
crypto/asn1/tasn_typ.c starting
apps/genrsa.c DONE
crypto/buffer/buf_err.c starting
crypto/asn1/tasn_typ.c DONE
crypto/bn/bn_sqr.c starting
crypto/bn/bn_sqr.c DONE
crypto/x509/x509_trs.c starting
crypto/x509/x509_trs.c DONE
crypto/asn1/x_int64.c starting
crypto/buffer/buf_err.c DONE
crypto/ec/ec2_oct.c starting
crypto/ec/ec2_oct.c DONE
crypto/des/xcbc_enc.c starting
crypto/ui/ui_lib.c DONE
crypto/asn1/a_sign.c starting
crypto/asn1/x_int64.c DONE
providers/implementations/macs/gmac_prov.c starting
crypto/asn1/a_sign.c DONE
ssl/record/rec_layer_d1.c starting
ssl/record/rec_layer_d1.c DONE
crypto/bsearch.c starting
crypto/bsearch.c DONE
test/dsatest.c starting
crypto/evp/e_aes_cbc_hmac_sha256.c DONE
crypto/modes/ccm128.c starting
crypto/modes/ccm128.c DONE
crypto/x509/v3_addr.c starting
providers/implementations/signature/sm2_sig.c DONE
ssl/ssl_rsa.c starting
providers/implementations/macs/gmac_prov.c DONE
crypto/bn/bn_mod.c starting
test/dsatest.c DONE
test/ssl_test.c starting
providers/implementations/ciphers/cipher_aes_ocb.c DONE
crypto/o_time.c starting
crypto/core_namemap.c DONE
providers/implementations/encode_decode/encode_key2blob.c starting
ssl/ssl_rsa.c DONE
ssl/t1_enc.c starting
crypto/o_time.c DONE
crypto/conf/conf_sap.c starting
crypto/conf/conf_sap.c DONE
crypto/ebcdic.c starting
crypto/ebcdic.c DONE
test/buildtest_provider.c starting
test/buildtest_provider.c DONE
providers/implementations/ciphers/cipher_aes_hw.c starting
providers/implementations/ciphers/cipher_aes_hw.c DONE
test/buildtest_des.c starting
test/buildtest_des.c DONE
crypto/store/store_strings.c starting
crypto/store/store_strings.c DONE
crypto/x509/v3_bcons.c starting
providers/implementations/encode_decode/encode_key2blob.c DONE
test/buildtest_ts.c starting
test/buildtest_ts.c DONE
crypto/x509/v3_info.c starting
test/ssl_test.c DONE
crypto/self_test_core.c starting
crypto/x509/v3_bcons.c DONE
crypto/cms/cms_asn1.c starting
crypto/self_test_core.c DONE
test/testutil/format_output.c starting
test/testutil/format_output.c DONE
crypto/seed/seed_ecb.c starting
crypto/seed/seed_ecb.c DONE
providers/common/der/der_dsa_gen.c starting
test/ecdsatest.c DONE
crypto/engine/tb_cipher.c starting
crypto/engine/tb_cipher.c DONE
crypto/rand/randfile.c starting
crypto/rand/randfile.c DONE
crypto/ocsp/ocsp_cl.c starting
crypto/des/xcbc_enc.c DONE
crypto/cms/cms_io.c starting
ssl/t1_enc.c DONE
crypto/des/fcrypt_b.c starting
crypto/x509/v3_addr.c DONE
crypto/bn/bn_mul.c starting
crypto/cms/cms_io.c DONE
crypto/asn1/p5_pbe.c starting
crypto/asn1/p5_pbe.c DONE
test/pem_read_depr_test.c starting
crypto/ocsp/ocsp_cl.c DONE
crypto/engine/eng_ctrl.c starting
providers/common/der/der_dsa_gen.c DONE
providers/implementations/kdfs/krb5kdf.c starting
crypto/cms/cms_asn1.c DONE
providers/implementations/ciphers/cipher_aes_cts.c starting
test/pem_read_depr_test.c DONE
test/buildtest_sslerr_legacy.c starting
test/buildtest_sslerr_legacy.c DONE
crypto/x509/x509cset.c starting
crypto/des/fcrypt_b.c DONE
crypto/evp/dsa_ctrl.c starting
providers/implementations/ciphers/cipher_aes_cts.c DONE
crypto/comp/comp_lib.c starting
crypto/comp/comp_lib.c DONE
crypto/evp/digest.c starting
crypto/x509/x509cset.c DONE
test/buildtest_stack.c starting
test/buildtest_stack.c DONE
test/memleaktest.c starting
test/memleaktest.c DONE
crypto/bio/bss_fd.c starting
crypto/bio/bss_fd.c DONE
crypto/async/async_err.c starting
crypto/evp/dsa_ctrl.c DONE
crypto/ct/ct_oct.c starting
crypto/x509/v3_info.c DONE
crypto/async/async_err.c DONE
providers/implementations/ciphers/cipher_aes_siv_hw.c starting
crypto/x509/pcy_lib.c starting
crypto/x509/pcy_lib.c DONE
crypto/provider_conf.c starting
crypto/ct/ct_oct.c DONE
test/buildtest_kdf.c starting
test/buildtest_kdf.c DONE
apps/genpkey.c starting
providers/implementations/kdfs/krb5kdf.c DONE
crypto/evp/digest.c DONE
test/aborttest.c starting
crypto/asn1/evp_asn1.c starting
test/aborttest.c DONE
crypto/x509/v3_pci.c starting
crypto/bn/bn_mul.c DONE
providers/implementations/ciphers/cipher_tdes_wrap_hw.c starting
ssl/tls_srp.c DONE
crypto/bio/core_bio.c starting
providers/implementations/ciphers/cipher_tdes_wrap_hw.c DONE
test/buildtest_decoder.c starting
test/buildtest_decoder.c DONE
crypto/bio/b_sock2.c starting
crypto/bio/b_sock2.c DONE
providers/implementations/digests/md5_sha1_prov.c starting
crypto/asn1/evp_asn1.c DONE
crypto/asn1/x_bignum.c starting
apps/genpkey.c DONE
crypto/dh/dh_prn.c starting
crypto/dh/dh_prn.c DONE
crypto/dh/dh_meth.c starting
crypto/dh/dh_meth.c DONE
crypto/ec/curve448/arch_64/f_impl64.c starting
crypto/ec/curve448/arch_64/f_impl64.c DONE
crypto/pem/pem_pkey.c starting
providers/implementations/ciphers/cipher_tdes_hw.c DONE
providers/implementations/ciphers/cipher_aes_xts_fips.c starting
providers/implementations/ciphers/cipher_aes_xts_fips.c DONE
apps/cms.c starting
crypto/bio/core_bio.c DONE
crypto/bio/b_dump.c starting
crypto/bio/b_dump.c DONE
providers/implementations/ciphers/cipher_aes_cbc_hmac_sha256_hw.c starting
crypto/engine/eng_ctrl.c DONE
test/cmp_server_test.c starting
providers/implementations/digests/md5_sha1_prov.c DONE
crypto/x509/v3_genn.c starting
crypto/x509/v3_pci.c DONE
crypto/asn1/tasn_scn.c starting
crypto/x509/v3_genn.c DONE
test/buildtest_modes.c starting
test/buildtest_modes.c DONE
crypto/modes/cbc128.c starting
crypto/modes/cbc128.c DONE
crypto/dh/dh_key.c starting
test/cmp_server_test.c DONE
crypto/ess/ess_err.c starting
crypto/provider_conf.c DONE
crypto/idea/i_skey.c starting
crypto/asn1/tasn_scn.c DONE
crypto/ocsp/ocsp_asn.c starting
crypto/idea/i_skey.c DONE
test/cmp_asn_test.c starting
crypto/asn1/x_bignum.c DONE
crypto/asn1/tasn_utl.c starting
crypto/pem/pem_pkey.c DONE
crypto/asn1/t_spki.c starting
crypto/asn1/tasn_utl.c DONE
test/bio_prefix_text.c starting
crypto/ocsp/ocsp_asn.c DONE
test/afalgtest.c starting
crypto/asn1/t_spki.c DONE
test/cmp_vfy_test.c starting
test/cmp_asn_test.c DONE
crypto/ec/ecx_key.c starting
crypto/ec/ecx_key.c DONE
apps/lib/s_cb.c starting
crypto/ess/ess_err.c DONE
crypto/cmp/cmp_asn.c starting
test/bio_prefix_text.c DONE
crypto/dsa/dsa_pmeth.c starting
test/afalgtest.c DONE
providers/implementations/ciphers/cipher_sm4.c starting
crypto/cmp/cmp_asn.c DONE
apps/nseq.c starting
providers/implementations/ciphers/cipher_sm4.c DONE
crypto/bn/asm/x86_64-gcc.c starting
crypto/bn/asm/x86_64-gcc.c DONE
crypto/ffc/ffc_params.c starting
apps/nseq.c DONE
crypto/srp/srp_vfy.c starting
apps/cms.c DONE
crypto/init.c starting
test/cmp_vfy_test.c DONE
crypto/bn/bn_add.c starting
crypto/dsa/dsa_pmeth.c DONE
crypto/evp/evp_lib.c starting
crypto/bn/bn_add.c DONE
crypto/sm3/legacy_sm3.c starting
crypto/sm3/legacy_sm3.c DONE
crypto/conf/conf_def.c starting
crypto/err/err_all_legacy.c DONE
crypto/bn/bn_mont.c starting
crypto/ffc/ffc_params.c DONE
crypto/aria/aria.c starting
providers/implementations/ciphers/cipher_aes_cbc_hmac_sha256_hw.c DONE
test/evp_extra_test.c starting
crypto/aria/aria.c DONE
crypto/ess/ess_asn1.c starting
crypto/ess/ess_asn1.c DONE
crypto/params.c starting
crypto/params.c DONE
crypto/dsa/dsa_sign.c starting
crypto/bn/bn_mont.c DONE
test/buildtest_dsa.c starting
test/buildtest_dsa.c DONE
crypto/engine/eng_openssl.c starting
crypto/dh/dh_key.c DONE
crypto/err/err_all.c starting
crypto/dsa/dsa_sign.c DONE
test/ideatest.c starting
test/ideatest.c DONE
crypto/ec/curve448/arch_32/f_impl32.c starting
crypto/ec/curve448/arch_32/f_impl32.c DONE
providers/implementations/exchange/kdf_exch.c starting
crypto/evp/evp_lib.c DONE
test/tls13secretstest.c starting
test/tls13secretstest.c DONE
crypto/pkcs12/p12_attr.c starting
test/evp_extra_test.c DONE
test/helpers/handshake_srp.c starting
crypto/pkcs12/p12_attr.c DONE
providers/implementations/keymgmt/ecx_kmgmt.c starting
providers/implementations/exchange/kdf_exch.c DONE
crypto/engine/eng_init.c starting
crypto/engine/eng_init.c DONE
crypto/cpuid.c starting
crypto/cpuid.c DONE
crypto/seed/seed_cbc.c starting
crypto/seed/seed_cbc.c DONE
crypto/evp/legacy_md5_sha1.c starting
crypto/evp/legacy_md5_sha1.c DONE
test/v3nametest.c starting
apps/lib/s_cb.c DONE
crypto/ocsp/ocsp_ext.c starting
test/v3nametest.c DONE
crypto/encode_decode/decoder_pkey.c starting
crypto/conf/conf_def.c DONE
apps/lib/opt.c starting
apps/lib/opt.c DONE
providers/implementations/macs/hmac_prov.c starting
providers/implementations/keymgmt/ecx_kmgmt.c DONE
providers/implementations/ciphers/cipher_aes_cbc_hmac_sha.c starting
crypto/srp/srp_vfy.c DONE
crypto/bio/bss_file.c starting
crypto/ocsp/ocsp_ext.c DONE
crypto/conf/conf_mod.c starting
providers/implementations/ciphers/cipher_aes_cbc_hmac_sha.c DONE
crypto/dsa/dsa_depr.c starting
crypto/dsa/dsa_depr.c DONE
providers/implementations/ciphers/cipher_desx_hw.c starting
crypto/ec/ecp_smpl.c DONE
test/params_conversion_test.c starting
crypto/bn/bn_mod.c DONE
test/ct_test.c starting
crypto/bio/bss_file.c DONE
providers/implementations/kdfs/x942kdf.c starting
crypto/engine/eng_openssl.c DONE
crypto/store/store_result.c starting
providers/implementations/ciphers/cipher_aes_siv_hw.c DONE
ssl/s3_cbc.c starting
test/helpers/handshake_srp.c DONE
test/fatalerrtest.c starting
ssl/s3_cbc.c DONE
test/buildtest_macros.c starting
test/buildtest_macros.c DONE
test/pemtest.c starting
test/pemtest.c DONE
crypto/punycode.c starting
crypto/punycode.c DONE
crypto/encode_decode/decoder_lib.c starting
test/ct_test.c DONE
crypto/ts/ts_rsp_sign.c starting
crypto/store/store_result.c DONE
test/buildtest_e_os2.c starting
test/buildtest_e_os2.c DONE
crypto/des/ecb_enc.c starting
crypto/des/ecb_enc.c DONE
apps/crl.c starting
test/fatalerrtest.c DONE
test/asn1_dsa_internal_test.c starting
apps/crl.c DONE
crypto/bn/bn_shift.c starting
apps/lib/tlssrp_depr.c DONE
providers/implementations/encode_decode/decode_der2key.c starting
test/asn1_dsa_internal_test.c DONE
crypto/bn/bn_ctx.c starting
crypto/bn/bn_ctx.c DONE
crypto/mdc2/mdc2_one.c starting
crypto/mdc2/mdc2_one.c DONE
ssl/ssl_ciph.c starting
crypto/encode_decode/decoder_pkey.c DONE
providers/implementations/encode_decode/decode_pvk2key.c starting
test/params_conversion_test.c DONE
ssl/ssl_sess.c starting
providers/implementations/encode_decode/decode_pvk2key.c DONE
test/cmp_msg_test.c starting
crypto/encode_decode/decoder_lib.c DONE
test/testutil/load.c starting
test/testutil/load.c DONE
providers/common/provider_err.c starting
ssl/ssl_ciph.c DONE
crypto/property/property.c starting
crypto/conf/conf_mod.c DONE
crypto/evp/p_lib.c starting
providers/common/provider_err.c DONE
crypto/cast/c_enc.c starting
crypto/cast/c_enc.c DONE
providers/implementations/ciphers/cipher_aes_xts_hw.c starting
providers/implementations/ciphers/cipher_aes_xts_hw.c DONE
crypto/des/ecb3_enc.c starting
crypto/des/ecb3_enc.c DONE
test/rdrand_sanitytest.c starting
test/rdrand_sanitytest.c DONE
test/testutil/options.c starting
test/testutil/options.c DONE
crypto/x509/v3_conf.c starting
test/cmp_msg_test.c DONE
test/provider_status_test.c starting
providers/implementations/kdfs/x942kdf.c DONE
ssl/tls13_enc.c starting
crypto/bn/bn_shift.c DONE
providers/defltprov.c starting
providers/implementations/encode_decode/decode_der2key.c DONE
crypto/bn/bn_blind.c starting
test/provider_status_test.c DONE
crypto/x509/x509name.c starting
crypto/ts/ts_rsp_sign.c DONE
test/ssl_cert_table_internal_test.c starting
test/ssl_cert_table_internal_test.c DONE
crypto/evp/pbe_scrypt.c starting
crypto/evp/pbe_scrypt.c DONE
engines/e_dasync.c starting
providers/defltprov.c DONE
crypto/ffc/ffc_dh.c starting
ssl/ssl_sess.c DONE
crypto/des/set_key.c starting
crypto/des/set_key.c DONE
test/rc5test.c starting
test/rc5test.c DONE
crypto/rand/rand_deprecated.c starting
crypto/rand/rand_deprecated.c DONE
crypto/evp/e_rc4.c starting
crypto/evp/e_rc4.c DONE
providers/implementations/digests/md5_prov.c starting
ssl/tls13_enc.c DONE
test/sm4_internal_test.c starting
crypto/ffc/ffc_dh.c DONE
crypto/x509/x509rset.c starting
providers/implementations/digests/md5_prov.c DONE
test/x509_time_test.c starting
crypto/x509/x509rset.c DONE
crypto/dsa/dsa_ameth.c starting
test/sm4_internal_test.c DONE
crypto/pem/pem_oth.c starting
crypto/x509/x509name.c DONE
crypto/pem/pem_oth.c DONE
apps/pkcs12.c starting
crypto/pkcs12/p12_kiss.c starting
crypto/bn/bn_blind.c DONE
crypto/ts/ts_req_utils.c starting
crypto/ts/ts_req_utils.c DONE
fuzz/cmp.c starting
fuzz/cmp.c DONE
crypto/rsa/rsa_saos.c starting
crypto/rsa/rsa_saos.c DONE
providers/implementations/keymgmt/rsa_kmgmt.c starting
providers/implementations/macs/hmac_prov.c DONE
test/ecstresstest.c starting
test/ecstresstest.c DONE
crypto/pkcs12/p12_init.c starting
crypto/pkcs12/p12_init.c DONE
crypto/aes/aes_ecb.c starting
crypto/aes/aes_ecb.c DONE
crypto/dso/dso_openssl.c starting
crypto/dso/dso_openssl.c DONE
engines/e_ossltest.c starting
test/x509_time_test.c DONE
crypto/cms/cms_cd.c starting
crypto/cms/cms_cd.c DONE
providers/implementations/rands/seed_src.c starting
apps/pkcs12.c DONE
crypto/evp/ec_ctrl.c starting
crypto/pkcs12/p12_kiss.c DONE
crypto/ec/ecx_meth.c starting
crypto/property/property.c DONE
crypto/asn1/x_sig.c starting
crypto/asn1/x_sig.c DONE
test/buildtest_dh.c starting
test/buildtest_dh.c DONE
test/buildtest_pem2.c starting
test/buildtest_pem2.c DONE
crypto/bio/bio_cb.c starting
crypto/bio/bio_cb.c DONE
apps/lib/engine_loader.c starting
engines/e_dasync.c DONE
crypto/asn1/asn_mstbl.c starting
crypto/evp/ec_ctrl.c DONE
providers/implementations/kdfs/pbkdf2.c starting
crypto/asn1/asn_mstbl.c DONE
providers/baseprov.c starting
providers/baseprov.c DONE
crypto/objects/o_names.c starting
providers/implementations/ciphers/cipher_desx_hw.c DONE
crypto/http/http_err.c starting
crypto/http/http_err.c DONE
providers/implementations/kdfs/hkdf.c starting
apps/lib/engine_loader.c DONE
test/buildtest_symhacks.c starting
test/buildtest_symhacks.c DONE
crypto/x509/v3_purp.c starting
crypto/objects/o_names.c DONE
crypto/x509/x_pubkey.c starting
crypto/x509/v3_purp.c DONE
crypto/cmp/cmp_client.c starting
crypto/x509/x_pubkey.c DONE
crypto/evp/e_aria.c starting
crypto/x509/v3_conf.c DONE
crypto/evp/keymgmt_lib.c starting
crypto/evp/p_lib.c DONE
test/buildtest_evp.c starting
test/buildtest_evp.c DONE
crypto/evp/e_seed.c starting
providers/implementations/kdfs/hkdf.c DONE
crypto/cms/cms_lib.c starting
crypto/dsa/dsa_ameth.c DONE
crypto/x509/v3_akid.c starting
crypto/evp/keymgmt_lib.c DONE
crypto/rand/rand_lib.c starting
providers/implementations/keymgmt/rsa_kmgmt.c DONE
ssl/tls_depr.c starting
ssl/tls_depr.c DONE
crypto/bn/bn_gcd.c starting
crypto/evp/e_seed.c DONE
crypto/evp/asymcipher.c starting
providers/implementations/kdfs/pbkdf2.c DONE
ssl/statem/statem_lib.c starting
crypto/x509/v3_akid.c DONE
test/uitest.c starting
crypto/cms/cms_lib.c DONE
crypto/asn1/f_string.c starting
test/uitest.c DONE
crypto/o_init.c starting
crypto/o_init.c DONE
test/bad_dtls_test.c starting
crypto/ec/ecx_meth.c DONE
crypto/ec/ecdsa_vrf.c starting
crypto/ec/ecdsa_vrf.c DONE
test/buildtest_srtp.c starting
test/buildtest_srtp.c DONE
apps/rsautl.c starting
apps/rsautl.c DONE
test/dtls_mtu_test.c starting
crypto/asn1/f_string.c DONE
crypto/md4/md4_dgst.c starting
test/dtls_mtu_test.c DONE
providers/implementations/ciphers/cipher_aes_xts.c starting
crypto/cmp/cmp_client.c DONE
providers/implementations/digests/md4_prov.c starting
providers/implementations/digests/md4_prov.c DONE
apps/list.c starting
crypto/md4/md4_dgst.c DONE
crypto/x509/x509_meth.c starting
crypto/x509/x509_meth.c DONE
test/buildtest_rand.c starting
test/buildtest_rand.c DONE
crypto/evp/p_sign.c starting
crypto/evp/p_sign.c DONE
test/ssl_old_test.c starting
crypto/evp/asymcipher.c DONE
crypto/modes/cts128.c starting
test/bad_dtls_test.c DONE
crypto/getenv.c starting
crypto/getenv.c DONE
crypto/des/cfb64ede.c starting
crypto/des/cfb64ede.c DONE
test/buildtest_http.c starting
test/buildtest_http.c DONE
crypto/engine/eng_table.c starting
crypto/engine/eng_table.c DONE
test/testutil/apps_mem.c starting
test/testutil/apps_mem.c DONE
providers/implementations/signature/ecdsa_sig.c starting
crypto/modes/cts128.c DONE
crypto/evp/c_allc.c starting
providers/implementations/ciphers/cipher_aes_xts.c DONE
crypto/ffc/ffc_key_generate.c starting
crypto/ffc/ffc_key_generate.c DONE
crypto/evp/dh_ctrl.c starting
crypto/evp/c_allc.c DONE
apps/lib/names.c starting
apps/lib/names.c DONE
crypto/evp/evp_err.c starting
crypto/evp/evp_err.c DONE
crypto/evp/legacy_md4.c starting
crypto/evp/legacy_md4.c DONE
crypto/bn/bn_prime.c starting
crypto/rand/rand_lib.c DONE
test/buildtest_store.c starting
test/buildtest_store.c DONE
providers/common/der/der_ec_sig.c starting
providers/common/der/der_ec_sig.c DONE
crypto/evp/ctrl_params_translate.c starting
providers/implementations/rands/seed_src.c DONE
test/asn1_internal_test.c starting
test/asn1_internal_test.c DONE
crypto/x509/x509_txt.c starting
crypto/x509/x509_txt.c DONE
crypto/property/property_string.c starting
crypto/evp/dh_ctrl.c DONE
test/stack_test.c starting
crypto/bn/bn_prime.c DONE
apps/x509.c starting
crypto/property/property_string.c DONE
providers/implementations/rands/drbg.c starting
test/ssl_old_test.c DONE
crypto/bn/bn_rand.c starting
providers/implementations/rands/drbg.c DONE
providers/common/der/der_rsa_sig.c starting
providers/common/der/der_rsa_sig.c DONE
crypto/engine/tb_asnmth.c starting
crypto/engine/tb_asnmth.c DONE
crypto/cms/cms_dh.c starting
providers/implementations/signature/ecdsa_sig.c DONE
crypto/asn1/asn1_err.c starting
crypto/cms/cms_dh.c DONE
test/exdatatest.c starting
crypto/asn1/asn1_err.c DONE
apps/info.c starting
test/stack_test.c DONE
test/ossl_store_test.c starting
apps/info.c DONE
crypto/evp/p_seal.c starting
engines/e_ossltest.c DONE
test/ocspapitest.c starting
crypto/evp/p_seal.c DONE
fuzz/client.c starting
fuzz/client.c DONE
crypto/rsa/rsa_err.c starting
test/ocspapitest.c DONE
crypto/pkcs12/p12_crt.c starting
crypto/evp/e_aria.c DONE
crypto/idea/i_ecb.c starting
crypto/rsa/rsa_err.c DONE
providers/implementations/ciphers/cipher_aes_wrp.c starting
crypto/bn/bn_rand.c DONE
apps/x509.c DONE
crypto/bn/rsaz_exp.c starting
crypto/lhash/lh_stats.c starting
test/ossl_store_test.c DONE
crypto/x509/by_store.c starting
crypto/lhash/lh_stats.c DONE
crypto/asn1/x_pkey.c starting
crypto/bn/rsaz_exp.c DONE
crypto/x509/v3_pcia.c starting
crypto/x509/v3_pcia.c DONE
providers/implementations/ciphers/cipher_chacha20_poly1305_hw.c starting
crypto/idea/i_ecb.c DONE
providers/implementations/digests/sm3_prov.c starting
crypto/asn1/x_pkey.c DONE
crypto/evp/e_rc5.c starting
crypto/evp/e_rc5.c DONE
providers/implementations/kdfs/kbkdf.c starting
crypto/x509/by_store.c DONE
ssl/d1_msg.c starting
test/exdatatest.c DONE
ssl/ssl_init.c starting
providers/implementations/digests/sm3_prov.c DONE
test/pkcs12_format_test.c starting
providers/implementations/ciphers/cipher_aes_wrp.c DONE
test/pbetest.c starting
test/pbetest.c DONE
crypto/cms/cms_att.c starting
providers/implementations/ciphers/cipher_chacha20_poly1305_hw.c DONE
providers/implementations/ciphers/cipher_seed.c starting
crypto/cms/cms_att.c DONE
providers/implementations/kem/rsa_kem.c starting
providers/implementations/ciphers/cipher_seed.c DONE
crypto/encode_decode/encoder_pkey.c starting
ssl/d1_msg.c DONE
ssl/d1_srtp.c starting
ssl/ssl_init.c DONE
providers/common/der/der_sm2_gen.c starting
providers/common/der/der_sm2_gen.c DONE
crypto/sm3/sm3.c starting
crypto/evp/ctrl_params_translate.c DONE
crypto/dso/dso_win32.c starting
crypto/dso/dso_win32.c DONE
providers/implementations/ciphers/ciphercommon_ccm_hw.c starting
ssl/statem/statem_lib.c DONE
fuzz/bndiv.c starting
fuzz/bndiv.c DONE
test/sslapitest.c starting
providers/implementations/ciphers/ciphercommon_ccm_hw.c DONE
crypto/des/ofb64enc.c starting
crypto/des/ofb64enc.c DONE
crypto/param_build.c starting
crypto/pkcs12/p12_crt.c DONE
test/servername_test.c starting
ssl/d1_srtp.c DONE
providers/common/securitycheck_default.c starting
test/pkcs12_format_test.c DONE
ssl/ssl_stat.c starting
crypto/bn/bn_gcd.c DONE
ssl/ssl_err.c starting
ssl/ssl_stat.c DONE
providers/legacyprov.c starting
ssl/ssl_err.c DONE
providers/implementations/ciphers/cipher_camellia_hw.c starting
providers/legacyprov.c DONE
test/pkey_meth_kdf_test.c starting
test/pkey_meth_kdf_test.c DONE
providers/implementations/ciphers/cipher_rc2.c starting
providers/implementations/ciphers/cipher_camellia_hw.c DONE
crypto/pkcs12/p12_key.c starting
providers/common/securitycheck_default.c DONE
apps/srp.c starting
crypto/pkcs12/p12_key.c DONE
apps/pkey.c starting
providers/implementations/ciphers/cipher_rc2.c DONE
crypto/buffer/buffer.c starting
crypto/buffer/buffer.c DONE
ssl/bio_ssl.c starting
crypto/err/err_all.c DONE
crypto/x509/v3err.c starting
apps/pkey.c DONE
test/buildtest_md4.c starting
test/buildtest_md4.c DONE
test/cmp_ctx_test.c starting
test/servername_test.c DONE
crypto/engine/tb_pkmeth.c starting
crypto/x509/v3err.c DONE
crypto/aes/aes_wrap.c starting
providers/implementations/kdfs/kbkdf.c DONE
test/sparse_array_test.c starting
crypto/aes/aes_wrap.c DONE
crypto/asn1/bio_ndef.c starting
crypto/engine/tb_pkmeth.c DONE
test/ec_internal_test.c starting
crypto/param_build.c DONE
crypto/asn1/bio_ndef.c DONE
providers/implementations/digests/blake2_prov.c starting
fuzz/asn1parse.c starting
fuzz/asn1parse.c DONE
crypto/dsa/dsa_prn.c starting
crypto/dsa/dsa_prn.c DONE
crypto/pem/pem_info.c starting
apps/srp.c DONE
crypto/evp/bio_ok.c starting
providers/implementations/digests/blake2_prov.c DONE
crypto/pkcs7/pk7_mime.c starting
crypto/pkcs7/pk7_mime.c DONE
crypto/evp/e_des.c starting
providers/implementations/kem/rsa_kem.c DONE
crypto/idea/i_cfb64.c starting
crypto/idea/i_cfb64.c DONE
crypto/dsa/dsa_vrf.c starting
crypto/dsa/dsa_vrf.c DONE
crypto/bio/bf_lbuf.c starting
crypto/pem/pem_info.c DONE
apps/fipsinstall.c starting
test/sparse_array_test.c DONE
crypto/asn1/p8_pkey.c starting
crypto/asn1/p8_pkey.c DONE
crypto/evp/e_bf.c starting
test/ec_internal_test.c DONE
crypto/evp/kdf_meth.c starting
crypto/ec/ec2_smpl.c DONE
crypto/o_fopen.c starting
crypto/o_fopen.c DONE
crypto/rsa/rsa_mp_names.c starting
crypto/rsa/rsa_mp_names.c DONE
test/secmemtest.c starting
test/secmemtest.c DONE
crypto/des/fcrypt.c starting
crypto/des/fcrypt.c DONE
test/siphash_internal_test.c starting
crypto/bio/bf_lbuf.c DONE
crypto/ec/ecdsa_sign.c starting
crypto/ec/ecdsa_sign.c DONE
test/hexstr_test.c starting
crypto/encode_decode/encoder_pkey.c DONE
crypto/x509/v3_san.c starting
crypto/evp/kdf_meth.c DONE
test/property_test.c starting
test/siphash_internal_test.c DONE
crypto/asn1/a_time.c starting
test/hexstr_test.c DONE
crypto/asn1/x_val.c starting
crypto/asn1/x_val.c DONE
ssl/record/ssl3_record_tls13.c starting
apps/fipsinstall.c DONE
test/namemap_internal_test.c starting
test/namemap_internal_test.c DONE
providers/implementations/ciphers/cipher_cast5_hw.c starting
crypto/x509/v3_san.c DONE
apps/rand.c starting
apps/rand.c DONE
crypto/rsa/rsa_sign.c starting
ssl/record/ssl3_record_tls13.c DONE
crypto/bf/bf_skey.c starting
crypto/evp/bio_ok.c DONE
crypto/des/ofb64ede.c starting
crypto/rsa/rsa_sign.c DONE
crypto/dsa/dsa_gen.c starting
crypto/des/ofb64ede.c DONE
test/bio_memleak_test.c starting
crypto/bf/bf_skey.c DONE
crypto/ct/ct_b64.c starting
crypto/dsa/dsa_gen.c DONE
crypto/conf/conf_lib.c starting
test/bio_memleak_test.c DONE
test/buildtest_tls1.c starting
test/buildtest_tls1.c DONE
crypto/modes/siv128.c starting
ssl/bio_ssl.c DONE
providers/implementations/ciphers/cipher_aes_cbc_hmac_sha1_hw.c starting
test/property_test.c DONE
crypto/ec/ec_ameth.c starting
crypto/ct/ct_b64.c DONE
test/x509_internal_test.c starting
test/x509_internal_test.c DONE
crypto/rsa/rsa_sp800_56b_gen.c starting
crypto/conf/conf_lib.c DONE
crypto/objects/obj_err.c starting
crypto/objects/obj_err.c DONE
crypto/srp/srp_lib.c starting
crypto/asn1/a_time.c DONE
test/endecode_test.c starting
crypto/modes/siv128.c DONE
test/x509_dup_cert_test.c starting
test/x509_dup_cert_test.c DONE
apps/lib/engine.c starting
crypto/evp/e_bf.c DONE
crypto/ec/curve448/scalar.c starting
crypto/ec/curve448/scalar.c DONE
crypto/ts/ts_asn1.c starting
crypto/sm3/sm3.c DONE
crypto/evp/legacy_sha.c starting
apps/list.c DONE
test/rsa_test.c starting
apps/lib/engine.c DONE
test/bntest.c starting
crypto/srp/srp_lib.c DONE
providers/implementations/storemgmt/file_store_der2obj.c starting
providers/implementations/storemgmt/file_store_der2obj.c DONE
crypto/asn1/a_dup.c starting
crypto/asn1/a_dup.c DONE
crypto/provider_predefined.c starting
crypto/provider_predefined.c DONE
crypto/asn1/x_info.c starting
crypto/asn1/x_info.c DONE
apps/engine.c starting
crypto/evp/legacy_sha.c DONE
crypto/packet.c starting
apps/engine.c DONE
crypto/cryptlib.c starting
crypto/cryptlib.c DONE
providers/common/der/der_dsa_key.c starting
providers/common/der/der_dsa_key.c DONE
test/rsa_mp_test.c starting
crypto/rsa/rsa_sp800_56b_gen.c DONE
crypto/crmf/crmf_err.c starting
crypto/crmf/crmf_err.c DONE
crypto/evp/pmeth_check.c starting
crypto/ts/ts_asn1.c DONE
test/dtlstest.c starting
test/dtlstest.c DONE
crypto/engine/tb_digest.c starting
crypto/engine/tb_digest.c DONE
crypto/bio/bss_mem.c starting
crypto/evp/pmeth_check.c DONE
crypto/ess/ess_lib.c starting
providers/implementations/ciphers/cipher_cast5_hw.c DONE
crypto/evp/e_xcbc_d.c starting
crypto/ess/ess_lib.c DONE
crypto/x509/x509_set.c starting
crypto/x509/x509_set.c DONE
providers/implementations/kdfs/sshkdf.c starting
test/sslapitest.c DONE
test/mdc2test.c starting
crypto/ec/ec_ameth.c DONE
test/buildtest_pem.c starting
test/buildtest_pem.c DONE
providers/implementations/ciphers/cipher_aria_gcm.c starting
test/mdc2test.c DONE
test/aesgcmtest.c starting
providers/implementations/ciphers/cipher_aria_gcm.c DONE
crypto/x509/x_x509a.c starting
test/aesgcmtest.c DONE
apps/lib/columns.c starting
apps/lib/columns.c DONE
test/testutil/driver.c starting
test/cmp_ctx_test.c DONE
crypto/pkcs12/p12_decr.c starting
crypto/x509/x_x509a.c DONE
test/bn_internal_test.c starting
crypto/pkcs12/p12_decr.c DONE
fuzz/x509.c starting
fuzz/x509.c DONE
test/sm2_internal_test.c starting
crypto/packet.c DONE
test/buildtest_cmac.c starting
test/buildtest_cmac.c DONE
test/buildtest_ecdh.c starting
test/buildtest_ecdh.c DONE
crypto/evp/bio_b64.c starting
test/sm2_internal_test.c DONE
apps/dgst.c starting
providers/implementations/ciphers/cipher_aes_cbc_hmac_sha1_hw.c DONE
crypto/asn1/a_object.c starting
test/testutil/driver.c DONE
apps/openssl.c starting
crypto/asn1/a_object.c DONE
crypto/pkcs7/pk7_smime.c starting
test/bn_internal_test.c DONE
crypto/evp/e_null.c starting
crypto/evp/e_null.c DONE
crypto/dso/dso_lib.c starting
crypto/dso/dso_lib.c DONE
crypto/conf/conf_err.c starting
crypto/conf/conf_err.c DONE
crypto/sha/sha3.c starting
crypto/sha/sha3.c DONE
providers/implementations/encode_decode/endecoder_common.c starting
providers/implementations/encode_decode/endecoder_common.c DONE
crypto/encode_decode/encoder_lib.c starting
crypto/encode_decode/encoder_lib.c DONE
crypto/dh/dh_group_params.c starting
crypto/dh/dh_group_params.c DONE
crypto/ec/ec_curve.c starting
test/rsa_mp_test.c DONE
test/evp_fetch_prov_test.c starting
apps/dgst.c DONE
crypto/evp/e_chacha20_poly1305.c starting
providers/implementations/kdfs/sshkdf.c DONE
crypto/bn/bn_recp.c starting
apps/openssl.c DONE
apps/pkcs7.c starting
crypto/ec/ec_curve.c DONE
crypto/dsa/dsa_meth.c starting
apps/pkcs7.c DONE
test/buildtest_ebcdic.c starting
test/buildtest_ebcdic.c DONE
crypto/cms/cms_err.c starting
crypto/dsa/dsa_meth.c DONE
crypto/des/cfb_enc.c starting
test/evp_fetch_prov_test.c DONE
crypto/asn1/a_utctm.c starting
crypto/cms/cms_err.c DONE
apps/ecparam.c starting
crypto/des/cfb_enc.c DONE
providers/implementations/macs/siphash_prov.c starting
crypto/bio/bss_mem.c DONE
ssl/record/tls_pad.c starting
ssl/record/tls_pad.c DONE
test/testutil/main.c starting
test/testutil/main.c DONE
crypto/md5/md5_one.c starting
crypto/md5/md5_one.c DONE
crypto/async/arch/async_win.c starting
crypto/async/arch/async_win.c DONE
crypto/evp/mac_lib.c starting
crypto/evp/e_chacha20_poly1305.c DONE
test/drbgtest.c starting
crypto/asn1/a_utctm.c DONE
crypto/engine/eng_list.c starting
apps/ecparam.c DONE
crypto/x509/v3_ia5.c starting
crypto/evp/mac_lib.c DONE
fuzz/bignum.c starting
fuzz/bignum.c DONE
crypto/evp/p5_crpt2.c starting
test/bntest.c DONE
crypto/cms/cms_smime.c starting
crypto/evp/bio_b64.c DONE
crypto/async/arch/async_null.c starting
crypto/async/arch/async_null.c DONE
crypto/x509/x509_req.c starting
crypto/engine/eng_list.c DONE
providers/common/der/der_ec_key.c starting
providers/common/der/der_ec_key.c DONE
crypto/x509/x509_err.c starting
crypto/x509/x509_err.c DONE
crypto/pkcs12/p12_npas.c starting
crypto/x509/v3_ia5.c DONE
test/gmdifftest.c starting
crypto/x509/x509_req.c DONE
test/drbgtest.c DONE
providers/implementations/macs/siphash_prov.c DONE
crypto/evp/p5_crpt2.c DONE
crypto/pkcs7/pk7_smime.c DONE
crypto/pkcs12/p12_npas.c DONE
test/endecode_test.c DONE
crypto/bn/bn_recp.c DONE
crypto/evp/e_xcbc_d.c DONE
crypto/cms/cms_smime.c DONE
test/gmdifftest.c DONE
crypto/evp/e_des.c DONE
test/rsa_test.c DONE
crypto/init.c DONE
crypto/evp/e_des3.c DONE
test/test_test.c DONE
