[Start] effFix started at 2024-03-18 05:48:25.593465
[Mon Mar 18 05:48:25 2024][INFO]: <function title at 0x7ffff7774f70>
[Mon Mar 18 05:48:25 2024][INFO]: Displaying Configurations
[Mon Mar 18 05:48:25 2024][CONFIGURATION]: src_dir:/effFix-experiment/effFix-benchmark/openssl-3/null-ptr-7-openssl-3/src
[Mon Mar 18 05:48:25 2024][CONFIGURATION]: build_command_project:make -j32
[Mon Mar 18 05:48:25 2024][CONFIGURATION]: build_command_repair:make -j32 build_apps
[Mon Mar 18 05:48:25 2024][CONFIGURATION]: clean_command:make clean
[Mon Mar 18 05:48:25 2024][CONFIGURATION]: config_command:CC=gcc ./config
[Mon Mar 18 05:48:25 2024][CONFIGURATION]: tag_id:null-ptr-7-openssl-3
[Mon Mar 18 05:48:25 2024][CONFIGURATION]: bug_type:NULLPTR_DEREFERENCE
[Mon Mar 18 05:48:25 2024][CONFIGURATION]: bug_procedure:add_session
[Mon Mar 18 05:48:25 2024][CONFIGURATION]: bug_file:apps/s_server.c
[Mon Mar 18 05:48:25 2024][CONFIGURATION]: bug_start_line:3575
[Mon Mar 18 05:48:25 2024][CONFIGURATION]: bug_end_line:3578
[Mon Mar 18 05:48:25 2024][INFO]: Loading dependency tools
[Mon Mar 18 05:48:25 2024][INFO]: Pre-analyzing Program
[Mon Mar 18 05:48:25 2024][INFO]: Configuring Target Program
[Mon Mar 18 05:48:25 2024][COMMAND]: CC=gcc ./config
[Mon Mar 18 05:48:28 2024][INFO]: [Timer] Duration for config: 3.002s
[Mon Mar 18 05:48:28 2024][INFO]: Generating codeql database for target program
[Mon Mar 18 05:48:28 2024][COMMAND]: make clean
[Mon Mar 18 05:48:28 2024][COMMAND]: codeql database create /effFix-experiment/effFix-benchmark/openssl-3/null-ptr-7-openssl-3/pre/codeql-db --language=cpp --threads=32 --command="make -j32"
[Mon Mar 18 05:49:27 2024][INFO]: [Timer] Duration for codeql-build-db: 58.729s
[Mon Mar 18 05:49:27 2024][INFO]: Running Infer on Whole Program
[Mon Mar 18 05:49:27 2024][COMMAND]: make clean
[Mon Mar 18 05:49:30 2024][COMMAND]: /opt/infer/infer/bin/infer --pulse-only --jobs 16 --pulse-max-disjuncts 50 --pulse-model-malloc-pattern CRYPTO_malloc --pulse-model-free-pattern CRYPTO_free --pulse-model-realloc-pattern CRYPTO_realloc --pulse-skip-procedures 'test_single_eval\\|openssl_add_all_*' -o /effFix-experiment/effFix-benchmark/openssl-3/null-ptr-7-openssl-3/pre/infer-out-whole -- make -j32
[Mon Mar 18 06:56:45 2024][INFO]: [Timer] Duration for infer-detect: 4037.681s
[Mon Mar 18 06:56:45 2024][INFO]: [Timer] Duration for pre-analysis: 4099.417s
[Mon Mar 18 06:56:45 2024][INFO]: Finalizing and exiting tool
[Mon Mar 18 06:56:45 2024][INFO]: [Timer] Duration for total-run-time: 4099.417s
[Mon Mar 18 06:56:45 2024][LOG]: Run time statistics:
-----------------------
[Mon Mar 18 06:56:45 2024][LOG]: effFix (Stage: pre) finished successfully after 4099.417 seconds
[Mon Mar 18 06:56:45 2024][LOG]: Time duration
----------------------
[Mon Mar 18 06:56:45 2024][LOG]: effFix (Stage: pre) finished successfully after 4099.417 seconds
[Mon Mar 18 06:56:45 2024][END] effFix ended at  2024-03-18 06:56:45.011073

