[Start] effFix started at 2026-01-21 05:34:52.650921
[Wed Jan 21 05:34:53 2026][COMMAND]: /opt/infer/infer/bin/infer --pulse-only --pulse-max-disjuncts 100 --jobs 32 --reactive --pulse-fix-mode --pulse-fix-file=src/lxc/af_unix.c --pulse-fix-function=lxc_abstract_unix_send_credential -o /effFix-experiment/effFix-benchmark/lxc/null-ptr-7-lxc/repair/infer-out-single -- make -j4
[Wed Jan 21 05:34:53 2026][COMMAND]: codeql pack install
[Wed Jan 21 05:34:57 2026][COMMAND]: codeql database analyze /effFix-experiment/effFix-benchmark/lxc/null-ptr-7-lxc/pre/codeql-db /effFix-experiment/effFix-benchmark/lxc/null-ptr-7-lxc/repair/codeql-queries/loc_between.ql --format=csv --rerun --output=/effFix-experiment/effFix-benchmark/lxc/null-ptr-7-lxc/repair/codeql-res-loc-betweens.csv
[Wed Jan 21 05:35:49 2026][COMMAND]: codeql database analyze /effFix-experiment/effFix-benchmark/lxc/null-ptr-7-lxc/pre/codeql-db /effFix-experiment/effFix-benchmark/lxc/null-ptr-7-lxc/repair/codeql-queries/return_stmts.ql --format=csv --rerun --output=/effFix-experiment/effFix-benchmark/lxc/null-ptr-7-lxc/repair/codeql-res-return-stmts.csv
[Wed Jan 21 05:36:06 2026][COMMAND]: codeql database analyze /effFix-experiment/effFix-benchmark/lxc/null-ptr-7-lxc/pre/codeql-db /effFix-experiment/effFix-benchmark/lxc/null-ptr-7-lxc/repair/codeql-queries/labels.ql --format=csv --rerun --output=/effFix-experiment/effFix-benchmark/lxc/null-ptr-7-lxc/repair/codeql-res-labels.csv
[Wed Jan 21 05:36:21 2026][COMMAND]: codeql database analyze /effFix-experiment/effFix-benchmark/lxc/null-ptr-7-lxc/pre/codeql-db /effFix-experiment/effFix-benchmark/lxc/null-ptr-7-lxc/repair/codeql-queries/stmt_boundary.ql --format=csv --rerun --output=/effFix-experiment/effFix-benchmark/lxc/null-ptr-7-lxc/repair/codeql-res-stmt-boundary.csv
[Wed Jan 21 05:36:36 2026][COMMAND]: codeql database analyze /effFix-experiment/effFix-benchmark/lxc/null-ptr-7-lxc/pre/codeql-db /effFix-experiment/effFix-benchmark/lxc/null-ptr-7-lxc/repair/codeql-queries/extract_var.ql --format=csv --rerun --output=/effFix-experiment/effFix-benchmark/lxc/null-ptr-7-lxc/repair/codeql-res-ingredient.csv
[Wed Jan 21 05:37:23 2026][COMMAND]: codeql database analyze /effFix-experiment/effFix-benchmark/lxc/null-ptr-7-lxc/pre/codeql-db /effFix-experiment/effFix-benchmark/lxc/null-ptr-7-lxc/repair/codeql-queries/consts.ql --format=csv --rerun --output=/effFix-experiment/effFix-benchmark/lxc/null-ptr-7-lxc/repair/codeql-res-consts.csv
[Wed Jan 21 05:37:48 2026][COMMAND]: sed -i -e '237s:^:\& ...->msg_controllen = msg.msg_controllen ;  :' /effFix-experiment/effFix-benchmark/lxc/null-ptr-7-lxc/src/src/lxc/af_unix.c
[Wed Jan 21 05:37:48 2026][COMMAND]: diff -u /effFix-experiment/effFix-benchmark/lxc/null-ptr-7-lxc/repair/af_unix.c.backup /effFix-experiment/effFix-benchmark/lxc/null-ptr-7-lxc/src/src/lxc/af_unix.c > /effFix-experiment/effFix-benchmark/lxc/null-ptr-7-lxc/repair/1.patch
[Wed Jan 21 05:37:48 2026][COMMAND]: /opt/infer/infer/bin/infer --pulse-only --pulse-max-disjuncts 100 --jobs 32 --reactive --pulse-fix-mode --pulse-fix-file=src/lxc/af_unix.c --pulse-fix-function=lxc_abstract_unix_send_credential -o /effFix-experiment/effFix-benchmark/lxc/null-ptr-7-lxc/repair/infer-out-single -- make -j4
[Wed Jan 21 05:37:49 2026][COMMAND]: sed -i -e '237s:$: return 0; :' /effFix-experiment/effFix-benchmark/lxc/null-ptr-7-lxc/src/src/lxc/af_unix.c
[Wed Jan 21 05:37:49 2026][COMMAND]: diff -u /effFix-experiment/effFix-benchmark/lxc/null-ptr-7-lxc/repair/af_unix.c.backup /effFix-experiment/effFix-benchmark/lxc/null-ptr-7-lxc/src/src/lxc/af_unix.c > /effFix-experiment/effFix-benchmark/lxc/null-ptr-7-lxc/repair/2.patch
[Wed Jan 21 05:37:49 2026][COMMAND]: /opt/infer/infer/bin/infer --pulse-only --pulse-max-disjuncts 100 --jobs 32 --reactive --pulse-fix-mode --pulse-fix-file=src/lxc/af_unix.c --pulse-fix-function=lxc_abstract_unix_send_credential -o /effFix-experiment/effFix-benchmark/lxc/null-ptr-7-lxc/repair/infer-out-single -- make -j4
[Wed Jan 21 05:37:56 2026][COMMAND]: sed -i -e '237s:^:free ( cmsg ) ;  :' /effFix-experiment/effFix-benchmark/lxc/null-ptr-7-lxc/src/src/lxc/af_unix.c
[Wed Jan 21 05:37:56 2026][COMMAND]: diff -u /effFix-experiment/effFix-benchmark/lxc/null-ptr-7-lxc/repair/af_unix.c.backup /effFix-experiment/effFix-benchmark/lxc/null-ptr-7-lxc/src/src/lxc/af_unix.c > /effFix-experiment/effFix-benchmark/lxc/null-ptr-7-lxc/repair/3.patch
[Wed Jan 21 05:37:56 2026][COMMAND]: /opt/infer/infer/bin/infer --pulse-only --pulse-max-disjuncts 100 --jobs 32 --reactive --pulse-fix-mode --pulse-fix-file=src/lxc/af_unix.c --pulse-fix-function=lxc_abstract_unix_send_credential -o /effFix-experiment/effFix-benchmark/lxc/null-ptr-7-lxc/repair/infer-out-single -- make -j4
[Wed Jan 21 05:38:03 2026][COMMAND]: sed -i -e '237s:^:return \& ...->msg_control ;  :' /effFix-experiment/effFix-benchmark/lxc/null-ptr-7-lxc/src/src/lxc/af_unix.c
[Wed Jan 21 05:38:03 2026][COMMAND]: diff -u /effFix-experiment/effFix-benchmark/lxc/null-ptr-7-lxc/repair/af_unix.c.backup /effFix-experiment/effFix-benchmark/lxc/null-ptr-7-lxc/src/src/lxc/af_unix.c > /effFix-experiment/effFix-benchmark/lxc/null-ptr-7-lxc/repair/4.patch
[Wed Jan 21 05:38:03 2026][COMMAND]: /opt/infer/infer/bin/infer --pulse-only --pulse-max-disjuncts 100 --jobs 32 --reactive --pulse-fix-mode --pulse-fix-file=src/lxc/af_unix.c --pulse-fix-function=lxc_abstract_unix_send_credential -o /effFix-experiment/effFix-benchmark/lxc/null-ptr-7-lxc/repair/infer-out-single -- make -j4
[Wed Jan 21 05:38:04 2026][COMMAND]: sed -i -e '237s:$: return \& ...->msg_control ; :' /effFix-experiment/effFix-benchmark/lxc/null-ptr-7-lxc/src/src/lxc/af_unix.c
[Wed Jan 21 05:38:04 2026][COMMAND]: diff -u /effFix-experiment/effFix-benchmark/lxc/null-ptr-7-lxc/repair/af_unix.c.backup /effFix-experiment/effFix-benchmark/lxc/null-ptr-7-lxc/src/src/lxc/af_unix.c > /effFix-experiment/effFix-benchmark/lxc/null-ptr-7-lxc/repair/5.patch
[Wed Jan 21 05:38:04 2026][COMMAND]: /opt/infer/infer/bin/infer --pulse-only --pulse-max-disjuncts 100 --jobs 32 --reactive --pulse-fix-mode --pulse-fix-file=src/lxc/af_unix.c --pulse-fix-function=lxc_abstract_unix_send_credential -o /effFix-experiment/effFix-benchmark/lxc/null-ptr-7-lxc/repair/infer-out-single -- make -j4
[Wed Jan 21 05:38:05 2026][COMMAND]: sed -i -e '237s:^:return 0;  :' /effFix-experiment/effFix-benchmark/lxc/null-ptr-7-lxc/src/src/lxc/af_unix.c
[Wed Jan 21 05:38:05 2026][COMMAND]: diff -u /effFix-experiment/effFix-benchmark/lxc/null-ptr-7-lxc/repair/af_unix.c.backup /effFix-experiment/effFix-benchmark/lxc/null-ptr-7-lxc/src/src/lxc/af_unix.c > /effFix-experiment/effFix-benchmark/lxc/null-ptr-7-lxc/repair/6.patch
[Wed Jan 21 05:38:05 2026][COMMAND]: /opt/infer/infer/bin/infer --pulse-only --pulse-max-disjuncts 100 --jobs 32 --reactive --pulse-fix-mode --pulse-fix-file=src/lxc/af_unix.c --pulse-fix-function=lxc_abstract_unix_send_credential -o /effFix-experiment/effFix-benchmark/lxc/null-ptr-7-lxc/repair/infer-out-single -- make -j4
[Wed Jan 21 05:38:12 2026][COMMAND]: codeql database analyze /effFix-experiment/effFix-benchmark/lxc/null-ptr-7-lxc/pre/codeql-db /effFix-experiment/effFix-benchmark/lxc/null-ptr-7-lxc/repair/codeql-queries/stmt_boundary.ql --format=csv --rerun --output=/effFix-experiment/effFix-benchmark/lxc/null-ptr-7-lxc/repair/codeql-res-stmt-boundary.csv
[Wed Jan 21 05:38:28 2026][COMMAND]: codeql database analyze /effFix-experiment/effFix-benchmark/lxc/null-ptr-7-lxc/pre/codeql-db /effFix-experiment/effFix-benchmark/lxc/null-ptr-7-lxc/repair/codeql-queries/extract_var.ql --format=csv --rerun --output=/effFix-experiment/effFix-benchmark/lxc/null-ptr-7-lxc/repair/codeql-res-ingredient.csv
[Wed Jan 21 05:39:13 2026][COMMAND]: codeql database analyze /effFix-experiment/effFix-benchmark/lxc/null-ptr-7-lxc/pre/codeql-db /effFix-experiment/effFix-benchmark/lxc/null-ptr-7-lxc/repair/codeql-queries/consts.ql --format=csv --rerun --output=/effFix-experiment/effFix-benchmark/lxc/null-ptr-7-lxc/repair/codeql-res-consts.csv
[Wed Jan 21 05:39:36 2026][COMMAND]: sed -i -e '238s:^:cmsg->cmsg_len = msg.msg_controllen ;  :' /effFix-experiment/effFix-benchmark/lxc/null-ptr-7-lxc/src/src/lxc/af_unix.c
[Wed Jan 21 05:39:36 2026][COMMAND]: diff -u /effFix-experiment/effFix-benchmark/lxc/null-ptr-7-lxc/repair/af_unix.c.backup /effFix-experiment/effFix-benchmark/lxc/null-ptr-7-lxc/src/src/lxc/af_unix.c > /effFix-experiment/effFix-benchmark/lxc/null-ptr-7-lxc/repair/7.patch
[Wed Jan 21 05:39:36 2026][COMMAND]: /opt/infer/infer/bin/infer --pulse-only --pulse-max-disjuncts 100 --jobs 32 --reactive --pulse-fix-mode --pulse-fix-file=src/lxc/af_unix.c --pulse-fix-function=lxc_abstract_unix_send_credential -o /effFix-experiment/effFix-benchmark/lxc/null-ptr-7-lxc/repair/infer-out-single -- make -j4
[Wed Jan 21 05:39:43 2026][COMMAND]: sed -i -e '238s:^:return call to sendmsg;  :' /effFix-experiment/effFix-benchmark/lxc/null-ptr-7-lxc/src/src/lxc/af_unix.c
[Wed Jan 21 05:39:43 2026][COMMAND]: diff -u /effFix-experiment/effFix-benchmark/lxc/null-ptr-7-lxc/repair/af_unix.c.backup /effFix-experiment/effFix-benchmark/lxc/null-ptr-7-lxc/src/src/lxc/af_unix.c > /effFix-experiment/effFix-benchmark/lxc/null-ptr-7-lxc/repair/8.patch
[Wed Jan 21 05:39:43 2026][COMMAND]: /opt/infer/infer/bin/infer --pulse-only --pulse-max-disjuncts 100 --jobs 32 --reactive --pulse-fix-mode --pulse-fix-file=src/lxc/af_unix.c --pulse-fix-function=lxc_abstract_unix_send_credential -o /effFix-experiment/effFix-benchmark/lxc/null-ptr-7-lxc/repair/infer-out-single -- make -j4
[Wed Jan 21 05:39:44 2026][COMMAND]: sed -i -e '238s:$: return msg.msg_control ; :' /effFix-experiment/effFix-benchmark/lxc/null-ptr-7-lxc/src/src/lxc/af_unix.c
[Wed Jan 21 05:39:44 2026][COMMAND]: diff -u /effFix-experiment/effFix-benchmark/lxc/null-ptr-7-lxc/repair/af_unix.c.backup /effFix-experiment/effFix-benchmark/lxc/null-ptr-7-lxc/src/src/lxc/af_unix.c > /effFix-experiment/effFix-benchmark/lxc/null-ptr-7-lxc/repair/9.patch
[Wed Jan 21 05:39:44 2026][COMMAND]: /opt/infer/infer/bin/infer --pulse-only --pulse-max-disjuncts 100 --jobs 32 --reactive --pulse-fix-mode --pulse-fix-file=src/lxc/af_unix.c --pulse-fix-function=lxc_abstract_unix_send_credential -o /effFix-experiment/effFix-benchmark/lxc/null-ptr-7-lxc/repair/infer-out-single -- make -j4
[Wed Jan 21 05:39:51 2026][COMMAND]: sed -i -e '238s:$: free ( cmsg ) ; :' /effFix-experiment/effFix-benchmark/lxc/null-ptr-7-lxc/src/src/lxc/af_unix.c
[Wed Jan 21 05:39:51 2026][COMMAND]: diff -u /effFix-experiment/effFix-benchmark/lxc/null-ptr-7-lxc/repair/af_unix.c.backup /effFix-experiment/effFix-benchmark/lxc/null-ptr-7-lxc/src/src/lxc/af_unix.c > /effFix-experiment/effFix-benchmark/lxc/null-ptr-7-lxc/repair/10.patch
[Wed Jan 21 05:39:51 2026][COMMAND]: /opt/infer/infer/bin/infer --pulse-only --pulse-max-disjuncts 100 --jobs 32 --reactive --pulse-fix-mode --pulse-fix-file=src/lxc/af_unix.c --pulse-fix-function=lxc_abstract_unix_send_credential -o /effFix-experiment/effFix-benchmark/lxc/null-ptr-7-lxc/repair/infer-out-single -- make -j4
