[Start] effFix started at 2026-01-21 05:34:52.650921
<function title at 0x7daea11f9ee0>
Displaying Configurations
Loading dependency tools
Analyzing Program for Repair
Checking whether Infer detected the target bug
Target bug is: NULLPTR_DEREFERENCE, src/lxc/af_unix.c, lxc_abstract_unix_send_credential, 235, 238
Performing fix localization
Result from ochiai: [(226, 0.8944271909999159), (221, 0.4472135954999579), (223, 0.4472135954999579), (227, 0.4472135954999579), (228, 0.4472135954999579), (229, 0.4472135954999579), (231, 0.4472135954999579), (232, 0.4472135954999579), (234, 0.4472135954999579), (235, 0.4472135954999579), (237, 0.4472135954999579), (238, 0.4472135954999579), (239, 0.0), (240, 0.0), (241, 0.0), (243, 0.0), (244, 0.0), (246, 0.0), (247, 0.0), (248, 0.0), (249, 0.0), (251, 0.0), (252, 0.0)]
Locations allowed (by considering trace start and trace end): {237, 238}
Final locations: [237, 238]
[Timer] Duration for localize: 56.590s
Target bug signature: PatchSignature: [
	DisjunctSignature: label: <AbortProgram, 235, 238>, 
		allocated: frozenset(), 
		deallocated: frozenset(), 
		return_formula: True, 
		formula: True,
	DisjunctSignature: label: <ISLLatentMemoryError, 0, 0>, 
		allocated: frozenset(), 
		deallocated: frozenset(), 
		return_formula: True, 
		formula: True,
	DisjunctSignature: label: <Ok, 0, 0>, 
		allocated: frozenset(), 
		deallocated: frozenset(), 
		return_formula: True, 
		formula: (data = 0),
	DisjunctSignature: label: <Ok, 0, 0>, 
		allocated: frozenset(), 
		deallocated: frozenset(), 
		return_formula: True, 
		formula: (! (data = 0)),
]
[Codeql] Running patch ingredient (return stmts) query
Return statements: ['return 0;', 'return call to sendmsg;']
[Timer] Duration for codeql-get-return-stmts: 17.123s
[Codeql] Running patch ingredient (labels) query
Labels: []
[Timer] Duration for codeql-get-labels: 14.859s
[Timer] Duration for analysis: 88.747s
Repairing Program at location: 237
Loc 237: Getting patch ingredients at fix location
Loc 237: [Codeql] Running statement boundary query
Statement at fix location ends at line 237
[Timer] Duration for codeql-get-stmt-boundary: 14.930s
Loc 237: [Codeql] Running patch ingredient (variable) query
Loc 237: Pointer variables: ['& ...->msg_control', 'msg.msg_control', 'cmsg']
Loc 237: Non-pointer variables: ['& ...->msg_controllen', 'msg.msg_controllen']
[Timer] Duration for codeql-get-ingredients-variables: 47.206s
Loc 237: [Codeql] Running patch ingredient (constants) query
Loc 237: Constants: ['-1', '0']
[Timer] Duration for codeql-get-consts: 24.903s
Loc 237: Initializing Patch Generator and Cluster Manager
Loc 237: Entering the main repair loop
Loc 237: Total search space size: 102565925167041104264944118027782191793319508967779696096379285128187070142669922937424272874808318881976653164104978846474127605054019914866060
Adding new patch: INSERT BACK return 0;
Created new cluster cluster-L237-0
Cluster signature: PatchSignature: [
	DisjunctSignature: label: <Ok, 0, 0>, 
		allocated: frozenset(), 
		deallocated: frozenset(), 
		return_formula: (return = 0), 
		formula: True,
]
pe_increment: RewardType.SMALL
ppie_increment: RewardType.NO
Adding to Cluster cluster-L237-0
Grammar: :INSERT POS CMD,EXIT_STMT
plausible count: 0
cumulative repetition: 1
Cluster pe increment: RewardType.SMALL
Cluster ppie increment: RewardType.NO
Prod probability update: return 0; : pe: 0.500=>0.550 ; ppie: 0.500=>0.500
Prod probability update: return call to sendmsg; : pe: 0.500=>0.450 ; ppie: 0.500=>0.500
Prod probability update: EXIT_STMT : pe: 0.167=>0.250 ; ppie: 0.167=>0.167
Prod probability update: HEAP : pe: 0.167=>0.150 ; ppie: 0.167=>0.167
Prod probability update: ID = ARITH_EXPR ; : pe: 0.167=>0.150 ; ppie: 0.167=>0.167
Prod probability update: return POINTER_EXPR ; : pe: 0.167=>0.150 ; ppie: 0.167=>0.167
Prod probability update: if ( BOOL_EXPR ) { CMD } : pe: 0.167=>0.150 ; ppie: 0.167=>0.167
Prod probability update: CMD CMD : pe: 0.167=>0.150 ; ppie: 0.167=>0.167
Prod probability update: BACK : pe: 0.500=>0.500 ; ppie: 0.500=>0.500
Prod probability update: FRONT : pe: 0.500=>0.500 ; ppie: 0.500=>0.500
Prod probability update: INSERT POS CMD : pe: 1.000=>1.000 ; ppie: 1.000=>1.000
Adding new patch: INSERT FRONT free ( cmsg ) ;
Created new cluster cluster-L237-1
Cluster signature: PatchSignature: [
	DisjunctSignature: label: <AbortProgram, 221, 237>, 
		allocated: frozenset(), 
		deallocated: frozenset(), 
		return_formula: True, 
		formula: True,
]
pe_increment: RewardType.NO
ppie_increment: RewardType.NO
Adding to Cluster cluster-L237-1
Grammar: :INSERT POS CMD,HEAP,free ( POINTER ) ;
plausible count: 0
cumulative repetition: 1
Cluster pe increment: RewardType.NO
Cluster ppie increment: RewardType.NO
Prod probability update: cmsg : pe: 0.333=>0.333 ; ppie: 0.333=>0.333
Prod probability update: & ...->msg_control : pe: 0.333=>0.333 ; ppie: 0.333=>0.333
Prod probability update: msg.msg_control : pe: 0.333=>0.333 ; ppie: 0.333=>0.333
Prod probability update: cmsg : pe: 0.333=>0.333 ; ppie: 0.333=>0.333
Prod probability update: & ...->msg_control : pe: 0.333=>0.333 ; ppie: 0.333=>0.333
Prod probability update: msg.msg_control : pe: 0.333=>0.333 ; ppie: 0.333=>0.333
Prod probability update: free ( POINTER ) ; : pe: 0.333=>0.333 ; ppie: 0.333=>0.333
Prod probability update: POINTER = POINTER_EXPR ; : pe: 0.333=>0.333 ; ppie: 0.333=>0.333
Prod probability update: POINTER = malloc ( sizeof ( * POINTER ) ) ; : pe: 0.333=>0.333 ; ppie: 0.333=>0.333
Prod probability update: HEAP : pe: 0.150=>0.150 ; ppie: 0.167=>0.167
Prod probability update: ID = ARITH_EXPR ; : pe: 0.150=>0.150 ; ppie: 0.167=>0.167
Prod probability update: return POINTER_EXPR ; : pe: 0.150=>0.150 ; ppie: 0.167=>0.167
Prod probability update: EXIT_STMT : pe: 0.250=>0.250 ; ppie: 0.167=>0.167
Prod probability update: if ( BOOL_EXPR ) { CMD } : pe: 0.150=>0.150 ; ppie: 0.167=>0.167
Prod probability update: CMD CMD : pe: 0.150=>0.150 ; ppie: 0.167=>0.167
Prod probability update: FRONT : pe: 0.500=>0.500 ; ppie: 0.500=>0.500
Prod probability update: BACK : pe: 0.500=>0.500 ; ppie: 0.500=>0.500
Prod probability update: INSERT POS CMD : pe: 1.000=>1.000 ; ppie: 1.000=>1.000
Adding new patch: INSERT FRONT return 0;
Adding to Cluster cluster-L237-0
Grammar: :INSERT POS CMD,EXIT_STMT
plausible count: 0
cumulative repetition: 2
Cluster pe increment: RewardType.SMALL
Cluster ppie increment: RewardType.NO
Prod probability update: return 0; : pe: 0.550=>0.595 ; ppie: 0.500=>0.500
Prod probability update: return call to sendmsg; : pe: 0.450=>0.405 ; ppie: 0.500=>0.500
Prod probability update: EXIT_STMT : pe: 0.250=>0.325 ; ppie: 0.167=>0.167
Prod probability update: HEAP : pe: 0.150=>0.135 ; ppie: 0.167=>0.167
Prod probability update: ID = ARITH_EXPR ; : pe: 0.150=>0.135 ; ppie: 0.167=>0.167
Prod probability update: return POINTER_EXPR ; : pe: 0.150=>0.135 ; ppie: 0.167=>0.167
Prod probability update: if ( BOOL_EXPR ) { CMD } : pe: 0.150=>0.135 ; ppie: 0.167=>0.167
Prod probability update: CMD CMD : pe: 0.150=>0.135 ; ppie: 0.167=>0.167
Prod probability update: FRONT : pe: 0.500=>0.500 ; ppie: 0.500=>0.500
Prod probability update: BACK : pe: 0.500=>0.500 ; ppie: 0.500=>0.500
Prod probability update: INSERT POS CMD : pe: 1.000=>1.000 ; ppie: 1.000=>1.000
Loc 237: Ending repair loop since time budget is exceeded
Loc 237: Repair loop finished
Repairing Program at location: 238
Loc 238: Getting patch ingredients at fix location
Loc 238: [Codeql] Running statement boundary query
Statement at fix location ends at line 238
[Timer] Duration for codeql-get-stmt-boundary: 15.652s
Loc 238: [Codeql] Running patch ingredient (variable) query
Loc 238: Pointer variables: ['& ...->msg_control', 'msg.msg_control', 'cmsg']
Loc 238: Non-pointer variables: ['cmsg->cmsg_len', '& ...->msg_controllen', 'msg.msg_controllen']
[Timer] Duration for codeql-get-ingredients-variables: 45.088s
Loc 238: [Codeql] Running patch ingredient (constants) query
Loc 238: Constants: ['-1', '1', '0']
[Timer] Duration for codeql-get-consts: 23.708s
Loc 238: Initializing Patch Generator and Cluster Manager
Loc 238: Entering the main repair loop
Loc 238: Total search space size: 861132200499442452838883500105957745884219390945428548859394345958714207510033433828449447421813405887370084649629765994427224617624686191187239833432750258269169151454253574923258824
Adding new patch: INSERT FRONT cmsg->cmsg_len = msg.msg_controllen ;
Created new cluster cluster-L238-0
Cluster signature: PatchSignature: [
	DisjunctSignature: label: <AbortProgram, 235, 238>, 
		allocated: frozenset(), 
		deallocated: frozenset(), 
		return_formula: True, 
		formula: True,
	DisjunctSignature: label: <ISLLatentMemoryError, 0, 0>, 
		allocated: frozenset(), 
		deallocated: frozenset(), 
		return_formula: True, 
		formula: True,
	DisjunctSignature: label: <Ok, 0, 0>, 
		allocated: frozenset(), 
		deallocated: frozenset(), 
		return_formula: True, 
		formula: (data = 0),
	DisjunctSignature: label: <Ok, 0, 0>, 
		allocated: frozenset(), 
		deallocated: frozenset(), 
		return_formula: True, 
		formula: (! (data = 0)),
]
pe_increment: RewardType.NO
ppie_increment: RewardType.NO
Adding to Cluster cluster-L238-0
Grammar: :INSERT POS CMD,ID = ARITH_EXPR ;,ID
plausible count: 0
cumulative repetition: 1
Cluster pe increment: RewardType.NO
Cluster ppie increment: RewardType.NO
Prod probability update: cmsg->cmsg_len : pe: 0.333=>0.333 ; ppie: 0.333=>0.333
Prod probability update: msg.msg_controllen : pe: 0.333=>0.333 ; ppie: 0.333=>0.333
Prod probability update: & ...->msg_controllen : pe: 0.333=>0.333 ; ppie: 0.333=>0.333
Prod probability update: ID : pe: 0.500=>0.500 ; ppie: 0.500=>0.500
Prod probability update: ID ARITH_OP ID : pe: 0.500=>0.500 ; ppie: 0.500=>0.500
Prod probability update: ID = ARITH_EXPR ; : pe: 0.167=>0.167 ; ppie: 0.167=>0.167
Prod probability update: HEAP : pe: 0.167=>0.167 ; ppie: 0.167=>0.167
Prod probability update: return POINTER_EXPR ; : pe: 0.167=>0.167 ; ppie: 0.167=>0.167
Prod probability update: EXIT_STMT : pe: 0.167=>0.167 ; ppie: 0.167=>0.167
Prod probability update: if ( BOOL_EXPR ) { CMD } : pe: 0.167=>0.167 ; ppie: 0.167=>0.167
Prod probability update: CMD CMD : pe: 0.167=>0.167 ; ppie: 0.167=>0.167
Prod probability update: FRONT : pe: 0.500=>0.500 ; ppie: 0.500=>0.500
Prod probability update: BACK : pe: 0.500=>0.500 ; ppie: 0.500=>0.500
Prod probability update: INSERT POS CMD : pe: 1.000=>1.000 ; ppie: 1.000=>1.000
Adding new patch: INSERT BACK return msg.msg_control ;
Created new cluster cluster-L238-1
Cluster signature: PatchSignature: [
	DisjunctSignature: label: <AbortProgram, 235, 238>, 
		allocated: frozenset(), 
		deallocated: frozenset(), 
		return_formula: True, 
		formula: True,
	DisjunctSignature: label: <Ok, 0, 0>, 
		allocated: frozenset(), 
		deallocated: frozenset(), 
		return_formula: True, 
		formula: (return->cmsg_len = '&(cmsgbuf)->cmsg_len'),
]
pe_increment: RewardType.NO
ppie_increment: RewardType.NO
Adding to Cluster cluster-L238-1
Grammar: :INSERT POS CMD,return POINTER_EXPR ;,POINTER
plausible count: 0
cumulative repetition: 1
Cluster pe increment: RewardType.NO
Cluster ppie increment: RewardType.NO
Prod probability update: msg.msg_control : pe: 0.333=>0.333 ; ppie: 0.333=>0.333
Prod probability update: & ...->msg_control : pe: 0.333=>0.333 ; ppie: 0.333=>0.333
Prod probability update: cmsg : pe: 0.333=>0.333 ; ppie: 0.333=>0.333
Prod probability update: msg.msg_control : pe: 0.333=>0.333 ; ppie: 0.333=>0.333
Prod probability update: & ...->msg_control : pe: 0.333=>0.333 ; ppie: 0.333=>0.333
Prod probability update: cmsg : pe: 0.333=>0.333 ; ppie: 0.333=>0.333
Prod probability update: POINTER : pe: 0.500=>0.500 ; ppie: 0.500=>0.500
Prod probability update: POINTER_CONST : pe: 0.500=>0.500 ; ppie: 0.500=>0.500
Prod probability update: return POINTER_EXPR ; : pe: 0.167=>0.167 ; ppie: 0.167=>0.167
Prod probability update: HEAP : pe: 0.167=>0.167 ; ppie: 0.167=>0.167
Prod probability update: ID = ARITH_EXPR ; : pe: 0.167=>0.167 ; ppie: 0.167=>0.167
Prod probability update: EXIT_STMT : pe: 0.167=>0.167 ; ppie: 0.167=>0.167
Prod probability update: if ( BOOL_EXPR ) { CMD } : pe: 0.167=>0.167 ; ppie: 0.167=>0.167
Prod probability update: CMD CMD : pe: 0.167=>0.167 ; ppie: 0.167=>0.167
Prod probability update: BACK : pe: 0.500=>0.500 ; ppie: 0.500=>0.500
Prod probability update: FRONT : pe: 0.500=>0.500 ; ppie: 0.500=>0.500
Prod probability update: INSERT POS CMD : pe: 1.000=>1.000 ; ppie: 1.000=>1.000
Adding new patch: INSERT BACK free ( cmsg ) ;
Created new cluster cluster-L238-2
Cluster signature: PatchSignature: [
	DisjunctSignature: label: <AbortProgram, 235, 238>, 
		allocated: frozenset(), 
		deallocated: frozenset(), 
		return_formula: True, 
		formula: True,
	DisjunctSignature: label: <AbortProgram, 231, 239>, 
		allocated: frozenset(), 
		deallocated: frozenset(), 
		return_formula: True, 
		formula: True,
]
pe_increment: RewardType.NO
ppie_increment: RewardType.NO
Adding to Cluster cluster-L238-2
Grammar: :INSERT POS CMD,HEAP,free ( POINTER ) ;
plausible count: 0
cumulative repetition: 2
Cluster pe increment: RewardType.NO
Cluster ppie increment: RewardType.NO
Prod probability update: cmsg : pe: 0.333=>0.333 ; ppie: 0.333=>0.333
Prod probability update: & ...->msg_control : pe: 0.333=>0.333 ; ppie: 0.333=>0.333
Prod probability update: msg.msg_control : pe: 0.333=>0.333 ; ppie: 0.333=>0.333
Prod probability update: cmsg : pe: 0.333=>0.333 ; ppie: 0.333=>0.333
Prod probability update: & ...->msg_control : pe: 0.333=>0.333 ; ppie: 0.333=>0.333
Prod probability update: msg.msg_control : pe: 0.333=>0.333 ; ppie: 0.333=>0.333
Prod probability update: free ( POINTER ) ; : pe: 0.333=>0.333 ; ppie: 0.333=>0.333
Prod probability update: POINTER = POINTER_EXPR ; : pe: 0.333=>0.333 ; ppie: 0.333=>0.333
Prod probability update: POINTER = malloc ( sizeof ( * POINTER ) ) ; : pe: 0.333=>0.333 ; ppie: 0.333=>0.333
Prod probability update: HEAP : pe: 0.167=>0.167 ; ppie: 0.167=>0.167
Prod probability update: ID = ARITH_EXPR ; : pe: 0.167=>0.167 ; ppie: 0.167=>0.167
Prod probability update: return POINTER_EXPR ; : pe: 0.167=>0.167 ; ppie: 0.167=>0.167
Prod probability update: EXIT_STMT : pe: 0.167=>0.167 ; ppie: 0.167=>0.167
Prod probability update: if ( BOOL_EXPR ) { CMD } : pe: 0.167=>0.167 ; ppie: 0.167=>0.167
Prod probability update: CMD CMD : pe: 0.167=>0.167 ; ppie: 0.167=>0.167
Prod probability update: BACK : pe: 0.500=>0.500 ; ppie: 0.500=>0.500
Prod probability update: FRONT : pe: 0.500=>0.500 ; ppie: 0.500=>0.500
Prod probability update: INSERT POS CMD : pe: 1.000=>1.000 ; ppie: 1.000=>1.000
Loc 238: Ending repair loop since time budget is exceeded
Loc 238: Repair loop finished
[Timer] Accumulated duration for patch-generation: 0.005s
[Timer] Average duration for patch-generation: 0.00048s
[Timer] Accumulated duration for probabilities-update: 0.015s
[Timer] Average duration for probabilities-update: 0.00150s
[Timer] Accumulated duration for patch-signature-generation: 0.278s
[Timer] Average duration for patch-signature-generation: 0.02783s
[Timer] Accumulated duration for footprint-generation: 45.329s
[Timer] Average duration for footprint-generation: 4.53289s
[Timer] Accumulated duration for patch-clustering: 0.376s
[Timer] Average duration for patch-clustering: 0.03763s
Number of prod-rule-combos: 4
Number of plausible prod-rule-combos: 0
Number of clusters: 7
Number of clustered patches: 10
Average number of patches per cluster:1.429
plausible-prod-combo-1: 0
plausible-prod-combo-2: 0
plausible-prod-combo-3: 0
plausible-prod-combo-4: 0
prod-combo-1: 2
prod-combo-2: 2
prod-combo-3: 1
prod-combo-4: 1
Explored 10/861132200499442452838883500105957745884321956870595589963659290076741989701826753337417227117909785172498271719772435917364648890499494510069216486596855237115643279059307594838124884(0.000%) patches
[Timer] Duration for total-repair: 217.506s
Validating locally good clusters
Checking which clusters are locally good
Number of locally good clusters: 0
Locally good clusters are: []
[Timer] Duration for total-validation: 0.000s
Finalizing and exiting tool
[Timer] Duration for total-run-time: 306.260s
