[Start] effFix started at 2026-01-21 01:36:57.680663
<function title at 0x756026cc6ee0>
Displaying Configurations
Loading dependency tools
Analyzing Program for Repair
Checking whether Infer detected the target bug
Target bug is: NULLPTR_DEREFERENCE, src/lxc/af_unix.c, lxc_abstract_unix_send_credential, 235, 238
Performing fix localization
Result from ochiai: [(226, 0.8944271909999159), (221, 0.4472135954999579), (223, 0.4472135954999579), (227, 0.4472135954999579), (228, 0.4472135954999579), (229, 0.4472135954999579), (231, 0.4472135954999579), (232, 0.4472135954999579), (234, 0.4472135954999579), (235, 0.4472135954999579), (237, 0.4472135954999579), (238, 0.4472135954999579), (239, 0.0), (240, 0.0), (241, 0.0), (243, 0.0), (244, 0.0), (246, 0.0), (247, 0.0), (248, 0.0), (249, 0.0), (251, 0.0), (252, 0.0)]
Locations allowed (by considering trace start and trace end): {237, 238}
Final locations: [237, 238]
[Timer] Duration for localize: 50.487s
Target bug signature: PatchSignature: [
	DisjunctSignature: label: <AbortProgram, 235, 238>, 
		allocated: frozenset(), 
		deallocated: frozenset(), 
		return_formula: True, 
		formula: True,
	DisjunctSignature: label: <ISLLatentMemoryError, 0, 0>, 
		allocated: frozenset(), 
		deallocated: frozenset(), 
		return_formula: True, 
		formula: True,
	DisjunctSignature: label: <Ok, 0, 0>, 
		allocated: frozenset(), 
		deallocated: frozenset(), 
		return_formula: True, 
		formula: (data = 0),
	DisjunctSignature: label: <Ok, 0, 0>, 
		allocated: frozenset(), 
		deallocated: frozenset(), 
		return_formula: True, 
		formula: (! (data = 0)),
]
[Codeql] Running patch ingredient (return stmts) query
Return statements: ['return 0;', 'return call to sendmsg;']
[Timer] Duration for codeql-get-return-stmts: 14.851s
[Codeql] Running patch ingredient (labels) query
Labels: []
[Timer] Duration for codeql-get-labels: 13.188s
[Timer] Duration for analysis: 78.721s
Repairing Program at location: 237
Loc 237: Getting patch ingredients at fix location
Loc 237: [Codeql] Running statement boundary query
Statement at fix location ends at line 237
[Timer] Duration for codeql-get-stmt-boundary: 13.446s
Loc 237: [Codeql] Running patch ingredient (variable) query
Loc 237: Pointer variables: ['cmsg', '& ...->msg_control', 'msg.msg_control']
Loc 237: Non-pointer variables: ['& ...->msg_controllen', 'msg.msg_controllen']
[Timer] Duration for codeql-get-ingredients-variables: 47.540s
Loc 237: [Codeql] Running patch ingredient (constants) query
Loc 237: Constants: ['-1', '0']
[Timer] Duration for codeql-get-consts: 21.428s
Loc 237: Initializing Patch Generator and Cluster Manager
Loc 237: Entering the main repair loop
Loc 237: Total search space size: 102565925167041104264944118027782191793319508967779696096379285128187070142669922937424272874808318881976653164104978846474127605054019914866060
Adding new patch: INSERT BACK return 0; return NULL ;
Created new cluster cluster-L237-0
Cluster signature: PatchSignature: [
	DisjunctSignature: label: <Ok, 0, 0>, 
		allocated: frozenset(), 
		deallocated: frozenset(), 
		return_formula: (return = 0), 
		formula: True,
]
pe_increment: RewardType.SMALL
ppie_increment: RewardType.NO
Adding to Cluster cluster-L237-0
Grammar: :INSERT POS CMD,CMD CMD,EXIT_STMT,return POINTER_EXPR ;,POINTER_CONST
plausible count: 0
cumulative repetition: 1
Cluster pe increment: RewardType.SMALL
Cluster ppie increment: RewardType.NO
Prod probability update: NULL : pe: 1.000=>1.000 ; ppie: 1.000=>1.000
Prod probability update: return 0; : pe: 0.500=>0.550 ; ppie: 0.500=>0.500
Prod probability update: return call to sendmsg; : pe: 0.500=>0.450 ; ppie: 0.500=>0.500
Prod probability update: POINTER_CONST : pe: 0.500=>0.550 ; ppie: 0.500=>0.500
Prod probability update: POINTER : pe: 0.500=>0.450 ; ppie: 0.500=>0.500
Prod probability update: return POINTER_EXPR ; : pe: 0.167=>0.183 ; ppie: 0.167=>0.167
Prod probability update: EXIT_STMT : pe: 0.167=>0.183 ; ppie: 0.167=>0.167
Prod probability update: CMD CMD : pe: 0.167=>0.183 ; ppie: 0.167=>0.167
Prod probability update: HEAP : pe: 0.167=>0.150 ; ppie: 0.167=>0.167
Prod probability update: ID = ARITH_EXPR ; : pe: 0.167=>0.150 ; ppie: 0.167=>0.167
Prod probability update: if ( BOOL_EXPR ) { CMD } : pe: 0.167=>0.150 ; ppie: 0.167=>0.167
Prod probability update: BACK : pe: 0.500=>0.500 ; ppie: 0.500=>0.500
Prod probability update: FRONT : pe: 0.500=>0.500 ; ppie: 0.500=>0.500
Prod probability update: INSERT POS CMD : pe: 1.000=>1.000 ; ppie: 1.000=>1.000
Adding new patch: INSERT FRONT if ( ! ( cmsg != cmsg ) ) { return msg.msg_control ; }
Created new cluster cluster-L237-1
Cluster signature: PatchSignature: [
	DisjunctSignature: label: <AbortProgram, 221, 237>, 
		allocated: frozenset(), 
		deallocated: frozenset(), 
		return_formula: True, 
		formula: True,
]
pe_increment: RewardType.NO
ppie_increment: RewardType.NO
Adding to Cluster cluster-L237-1
Grammar: :INSERT POS CMD,if ( BOOL_EXPR ) { CMD },! ( BOOL_EXPR_S ),COND_POINTER POINTER_OP COND_POINTER,return POINTER_EXPR ;,POINTER
plausible count: 0
cumulative repetition: 1
Cluster pe increment: RewardType.NO
Cluster ppie increment: RewardType.NO
Prod probability update: cmsg : pe: 0.333=>0.333 ; ppie: 0.333=>0.333
Prod probability update: msg.msg_control : pe: 0.333=>0.333 ; ppie: 0.333=>0.333
Prod probability update: & ...->msg_control : pe: 0.333=>0.333 ; ppie: 0.333=>0.333
Prod probability update: cmsg : pe: 0.333=>0.333 ; ppie: 0.333=>0.333
Prod probability update: msg.msg_control : pe: 0.333=>0.333 ; ppie: 0.333=>0.333
Prod probability update: & ...->msg_control : pe: 0.333=>0.333 ; ppie: 0.333=>0.333
Prod probability update: != : pe: 0.167=>0.167 ; ppie: 0.167=>0.167
Prod probability update: < : pe: 0.167=>0.167 ; ppie: 0.167=>0.167
Prod probability update: <= : pe: 0.167=>0.167 ; ppie: 0.167=>0.167
Prod probability update: == : pe: 0.167=>0.167 ; ppie: 0.167=>0.167
Prod probability update: > : pe: 0.167=>0.167 ; ppie: 0.167=>0.167
Prod probability update: >= : pe: 0.167=>0.167 ; ppie: 0.167=>0.167
Prod probability update: != : pe: 0.500=>0.500 ; ppie: 0.500=>0.500
Prod probability update: == : pe: 0.500=>0.500 ; ppie: 0.500=>0.500
Prod probability update: POINTER : pe: 0.450=>0.450 ; ppie: 0.500=>0.500
Prod probability update: POINTER_CONST : pe: 0.550=>0.550 ; ppie: 0.500=>0.500
Prod probability update: ! ( BOOL_EXPR_S ) : pe: 0.250=>0.250 ; ppie: 0.250=>0.250
Prod probability update: BOOL_EXPR_S || BOOL_EXPR_S : pe: 0.250=>0.250 ; ppie: 0.250=>0.250
Prod probability update: BOOL_EXPR_S && BOOL_EXPR_S : pe: 0.250=>0.250 ; ppie: 0.250=>0.250
Prod probability update: BOOL_EXPR_S : pe: 0.250=>0.250 ; ppie: 0.250=>0.250
Prod probability update: COND_POINTER POINTER_OP COND_POINTER : pe: 0.250=>0.250 ; ppie: 0.250=>0.250
Prod probability update: ARITH_EXPR REL_OP ARITH_EXPR : pe: 0.250=>0.250 ; ppie: 0.250=>0.250
Prod probability update: ARITH_EXPR REL_OP CONST : pe: 0.250=>0.250 ; ppie: 0.250=>0.250
Prod probability update: COND_POINTER POINTER_OP POINTER_CONST : pe: 0.250=>0.250 ; ppie: 0.250=>0.250
Prod probability update: return POINTER_EXPR ; : pe: 0.183=>0.183 ; ppie: 0.167=>0.167
Prod probability update: if ( BOOL_EXPR ) { CMD } : pe: 0.150=>0.150 ; ppie: 0.167=>0.167
Prod probability update: HEAP : pe: 0.150=>0.150 ; ppie: 0.167=>0.167
Prod probability update: ID = ARITH_EXPR ; : pe: 0.150=>0.150 ; ppie: 0.167=>0.167
Prod probability update: EXIT_STMT : pe: 0.183=>0.183 ; ppie: 0.167=>0.167
Prod probability update: CMD CMD : pe: 0.183=>0.183 ; ppie: 0.167=>0.167
Prod probability update: FRONT : pe: 0.500=>0.500 ; ppie: 0.500=>0.500
Prod probability update: BACK : pe: 0.500=>0.500 ; ppie: 0.500=>0.500
Prod probability update: INSERT POS CMD : pe: 1.000=>1.000 ; ppie: 1.000=>1.000
Adding new patch: INSERT FRONT return NULL ;
Adding to Cluster cluster-L237-0
Grammar: :INSERT POS CMD,return POINTER_EXPR ;,POINTER_CONST
plausible count: 0
cumulative repetition: 1
Cluster pe increment: RewardType.SMALL
Cluster ppie increment: RewardType.NO
Prod probability update: NULL : pe: 1.000=>1.000 ; ppie: 1.000=>1.000
Prod probability update: POINTER_CONST : pe: 0.550=>0.595 ; ppie: 0.500=>0.500
Prod probability update: POINTER : pe: 0.450=>0.405 ; ppie: 0.500=>0.500
Prod probability update: return POINTER_EXPR ; : pe: 0.183=>0.265 ; ppie: 0.167=>0.167
Prod probability update: HEAP : pe: 0.150=>0.135 ; ppie: 0.167=>0.167
Prod probability update: ID = ARITH_EXPR ; : pe: 0.150=>0.135 ; ppie: 0.167=>0.167
Prod probability update: EXIT_STMT : pe: 0.183=>0.165 ; ppie: 0.167=>0.167
Prod probability update: if ( BOOL_EXPR ) { CMD } : pe: 0.150=>0.135 ; ppie: 0.167=>0.167
Prod probability update: CMD CMD : pe: 0.183=>0.165 ; ppie: 0.167=>0.167
Prod probability update: FRONT : pe: 0.500=>0.500 ; ppie: 0.500=>0.500
Prod probability update: BACK : pe: 0.500=>0.500 ; ppie: 0.500=>0.500
Prod probability update: INSERT POS CMD : pe: 1.000=>1.000 ; ppie: 1.000=>1.000
Adding new patch: INSERT FRONT return 0;
Adding to Cluster cluster-L237-0
Grammar: :INSERT POS CMD,EXIT_STMT
plausible count: 0
cumulative repetition: 1
Cluster pe increment: RewardType.SMALL
Cluster ppie increment: RewardType.NO
Prod probability update: return 0; : pe: 0.550=>0.595 ; ppie: 0.500=>0.500
Prod probability update: return call to sendmsg; : pe: 0.450=>0.405 ; ppie: 0.500=>0.500
Prod probability update: EXIT_STMT : pe: 0.165=>0.248 ; ppie: 0.167=>0.167
Prod probability update: HEAP : pe: 0.135=>0.122 ; ppie: 0.167=>0.167
Prod probability update: ID = ARITH_EXPR ; : pe: 0.135=>0.122 ; ppie: 0.167=>0.167
Prod probability update: return POINTER_EXPR ; : pe: 0.265=>0.239 ; ppie: 0.167=>0.167
Prod probability update: if ( BOOL_EXPR ) { CMD } : pe: 0.135=>0.122 ; ppie: 0.167=>0.167
Prod probability update: CMD CMD : pe: 0.165=>0.148 ; ppie: 0.167=>0.167
Prod probability update: FRONT : pe: 0.500=>0.500 ; ppie: 0.500=>0.500
Prod probability update: BACK : pe: 0.500=>0.500 ; ppie: 0.500=>0.500
Prod probability update: INSERT POS CMD : pe: 1.000=>1.000 ; ppie: 1.000=>1.000
Adding new patch: INSERT BACK return msg.msg_control ;
Created new cluster cluster-L237-2
Cluster signature: PatchSignature: [
	DisjunctSignature: label: <Ok, 0, 0>, 
		allocated: frozenset(), 
		deallocated: frozenset(), 
		return_formula: True, 
		formula: True,
]
pe_increment: RewardType.BIG
ppie_increment: RewardType.NO
Adding to Cluster cluster-L237-2
Grammar: :INSERT POS CMD,return POINTER_EXPR ;,POINTER
plausible count: 0
cumulative repetition: 1
Cluster pe increment: RewardType.BIG
Cluster ppie increment: RewardType.NO
Prod probability update: msg.msg_control : pe: 0.333=>0.400 ; ppie: 0.333=>0.333
Prod probability update: cmsg : pe: 0.333=>0.300 ; ppie: 0.333=>0.333
Prod probability update: & ...->msg_control : pe: 0.333=>0.300 ; ppie: 0.333=>0.333
Prod probability update: msg.msg_control : pe: 0.333=>0.400 ; ppie: 0.333=>0.333
Prod probability update: cmsg : pe: 0.333=>0.300 ; ppie: 0.333=>0.333
Prod probability update: & ...->msg_control : pe: 0.333=>0.300 ; ppie: 0.333=>0.333
Prod probability update: POINTER : pe: 0.405=>0.464 ; ppie: 0.500=>0.500
Prod probability update: POINTER_CONST : pe: 0.595=>0.536 ; ppie: 0.500=>0.500
Prod probability update: return POINTER_EXPR ; : pe: 0.239=>0.315 ; ppie: 0.167=>0.167
Prod probability update: HEAP : pe: 0.122=>0.109 ; ppie: 0.167=>0.167
Prod probability update: ID = ARITH_EXPR ; : pe: 0.122=>0.109 ; ppie: 0.167=>0.167
Prod probability update: EXIT_STMT : pe: 0.248=>0.224 ; ppie: 0.167=>0.167
Prod probability update: if ( BOOL_EXPR ) { CMD } : pe: 0.122=>0.109 ; ppie: 0.167=>0.167
Prod probability update: CMD CMD : pe: 0.148=>0.134 ; ppie: 0.167=>0.167
Prod probability update: BACK : pe: 0.500=>0.500 ; ppie: 0.500=>0.500
Prod probability update: FRONT : pe: 0.500=>0.500 ; ppie: 0.500=>0.500
Prod probability update: INSERT POS CMD : pe: 1.000=>1.000 ; ppie: 1.000=>1.000
Adding new patch: INSERT BACK return NULL ; msg.msg_control = NULL ;
Adding to Cluster cluster-L237-0
Grammar: :INSERT POS CMD,CMD CMD,return POINTER_EXPR ;,POINTER_CONST,HEAP,POINTER = POINTER_EXPR ;,POINTER_CONST
plausible count: 0
cumulative repetition: 1
Cluster pe increment: RewardType.SMALL
Cluster ppie increment: RewardType.NO
Prod probability update: NULL : pe: 1.000=>1.000 ; ppie: 1.000=>1.000
Prod probability update: msg.msg_control : pe: 0.400=>0.460 ; ppie: 0.333=>0.333
Prod probability update: cmsg : pe: 0.300=>0.270 ; ppie: 0.333=>0.333
Prod probability update: & ...->msg_control : pe: 0.300=>0.270 ; ppie: 0.333=>0.333
Prod probability update: msg.msg_control : pe: 0.400=>0.460 ; ppie: 0.333=>0.333
Prod probability update: cmsg : pe: 0.300=>0.270 ; ppie: 0.333=>0.333
Prod probability update: & ...->msg_control : pe: 0.300=>0.270 ; ppie: 0.333=>0.333
Prod probability update: POINTER_CONST : pe: 0.536=>0.582 ; ppie: 0.500=>0.500
Prod probability update: POINTER : pe: 0.464=>0.418 ; ppie: 0.500=>0.500
Prod probability update: POINTER = POINTER_EXPR ; : pe: 0.333=>0.400 ; ppie: 0.333=>0.333
Prod probability update: POINTER = malloc ( sizeof ( * POINTER ) ) ; : pe: 0.333=>0.300 ; ppie: 0.333=>0.333
Prod probability update: free ( POINTER ) ; : pe: 0.333=>0.300 ; ppie: 0.333=>0.333
Prod probability update: HEAP : pe: 0.109=>0.118 ; ppie: 0.167=>0.167
Prod probability update: return POINTER_EXPR ; : pe: 0.315=>0.340 ; ppie: 0.167=>0.167
Prod probability update: CMD CMD : pe: 0.134=>0.144 ; ppie: 0.167=>0.167
Prod probability update: ID = ARITH_EXPR ; : pe: 0.109=>0.098 ; ppie: 0.167=>0.167
Prod probability update: EXIT_STMT : pe: 0.224=>0.201 ; ppie: 0.167=>0.167
Prod probability update: if ( BOOL_EXPR ) { CMD } : pe: 0.109=>0.098 ; ppie: 0.167=>0.167
Prod probability update: BACK : pe: 0.500=>0.500 ; ppie: 0.500=>0.500
Prod probability update: FRONT : pe: 0.500=>0.500 ; ppie: 0.500=>0.500
Prod probability update: INSERT POS CMD : pe: 1.000=>1.000 ; ppie: 1.000=>1.000
Adding new patch: INSERT FRONT free ( msg.msg_control ) ;
Created new cluster cluster-L237-3
Cluster signature: PatchSignature: [
	DisjunctSignature: label: <AbortProgram, 235, 238>, 
		allocated: frozenset(), 
		deallocated: frozenset(), 
		return_formula: True, 
		formula: True,
	DisjunctSignature: label: <AbortProgram, 231, 238>, 
		allocated: frozenset(), 
		deallocated: frozenset(), 
		return_formula: True, 
		formula: True,
]
pe_increment: RewardType.NO
ppie_increment: RewardType.NO
Adding to Cluster cluster-L237-3
Grammar: :INSERT POS CMD,HEAP,free ( POINTER ) ;
plausible count: 0
cumulative repetition: 1
Cluster pe increment: RewardType.NO
Cluster ppie increment: RewardType.NO
Prod probability update: msg.msg_control : pe: 0.460=>0.460 ; ppie: 0.333=>0.333
Prod probability update: cmsg : pe: 0.270=>0.270 ; ppie: 0.333=>0.333
Prod probability update: & ...->msg_control : pe: 0.270=>0.270 ; ppie: 0.333=>0.333
Prod probability update: msg.msg_control : pe: 0.460=>0.460 ; ppie: 0.333=>0.333
Prod probability update: cmsg : pe: 0.270=>0.270 ; ppie: 0.333=>0.333
Prod probability update: & ...->msg_control : pe: 0.270=>0.270 ; ppie: 0.333=>0.333
Prod probability update: free ( POINTER ) ; : pe: 0.300=>0.300 ; ppie: 0.333=>0.333
Prod probability update: POINTER = POINTER_EXPR ; : pe: 0.400=>0.400 ; ppie: 0.333=>0.333
Prod probability update: POINTER = malloc ( sizeof ( * POINTER ) ) ; : pe: 0.300=>0.300 ; ppie: 0.333=>0.333
Prod probability update: HEAP : pe: 0.118=>0.118 ; ppie: 0.167=>0.167
Prod probability update: ID = ARITH_EXPR ; : pe: 0.098=>0.098 ; ppie: 0.167=>0.167
Prod probability update: return POINTER_EXPR ; : pe: 0.340=>0.340 ; ppie: 0.167=>0.167
Prod probability update: EXIT_STMT : pe: 0.201=>0.201 ; ppie: 0.167=>0.167
Prod probability update: if ( BOOL_EXPR ) { CMD } : pe: 0.098=>0.098 ; ppie: 0.167=>0.167
Prod probability update: CMD CMD : pe: 0.144=>0.144 ; ppie: 0.167=>0.167
Prod probability update: FRONT : pe: 0.500=>0.500 ; ppie: 0.500=>0.500
Prod probability update: BACK : pe: 0.500=>0.500 ; ppie: 0.500=>0.500
Prod probability update: INSERT POS CMD : pe: 1.000=>1.000 ; ppie: 1.000=>1.000
Adding new patch: INSERT BACK return cmsg ;
Created new cluster cluster-L237-4
Cluster signature: PatchSignature: [
	DisjunctSignature: label: <Ok, 0, 0>, 
		allocated: frozenset(), 
		deallocated: frozenset(), 
		return_formula: (return = 0), 
		formula: True,
	DisjunctSignature: label: <Ok, 0, 0>, 
		allocated: frozenset(), 
		deallocated: frozenset(), 
		return_formula: True, 
		formula: True,
]
pe_increment: RewardType.BIG
ppie_increment: RewardType.NO
Adding to Cluster cluster-L237-4
Grammar: :INSERT POS CMD,return POINTER_EXPR ;,POINTER
plausible count: 0
cumulative repetition: 2
Cluster pe increment: RewardType.BIG
Cluster ppie increment: RewardType.NO
Prod probability update: cmsg : pe: 0.270=>0.343 ; ppie: 0.333=>0.333
Prod probability update: & ...->msg_control : pe: 0.270=>0.243 ; ppie: 0.333=>0.333
Prod probability update: msg.msg_control : pe: 0.460=>0.414 ; ppie: 0.333=>0.333
Prod probability update: cmsg : pe: 0.270=>0.343 ; ppie: 0.333=>0.333
Prod probability update: & ...->msg_control : pe: 0.270=>0.243 ; ppie: 0.333=>0.333
Prod probability update: msg.msg_control : pe: 0.460=>0.414 ; ppie: 0.333=>0.333
Prod probability update: POINTER : pe: 0.418=>0.476 ; ppie: 0.500=>0.500
Prod probability update: POINTER_CONST : pe: 0.582=>0.524 ; ppie: 0.500=>0.500
Prod probability update: return POINTER_EXPR ; : pe: 0.340=>0.406 ; ppie: 0.167=>0.167
Prod probability update: HEAP : pe: 0.118=>0.106 ; ppie: 0.167=>0.167
Prod probability update: ID = ARITH_EXPR ; : pe: 0.098=>0.089 ; ppie: 0.167=>0.167
Prod probability update: EXIT_STMT : pe: 0.201=>0.181 ; ppie: 0.167=>0.167
Prod probability update: if ( BOOL_EXPR ) { CMD } : pe: 0.098=>0.089 ; ppie: 0.167=>0.167
Prod probability update: CMD CMD : pe: 0.144=>0.130 ; ppie: 0.167=>0.167
Prod probability update: BACK : pe: 0.500=>0.500 ; ppie: 0.500=>0.500
Prod probability update: FRONT : pe: 0.500=>0.500 ; ppie: 0.500=>0.500
Prod probability update: INSERT POS CMD : pe: 1.000=>1.000 ; ppie: 1.000=>1.000
Adding new patch: INSERT BACK return 0;
Adding to Cluster cluster-L237-0
Grammar: :INSERT POS CMD,EXIT_STMT
plausible count: 0
cumulative repetition: 2
Cluster pe increment: RewardType.SMALL
Cluster ppie increment: RewardType.NO
Prod probability update: return 0; : pe: 0.595=>0.636 ; ppie: 0.500=>0.500
Prod probability update: return call to sendmsg; : pe: 0.405=>0.364 ; ppie: 0.500=>0.500
Prod probability update: EXIT_STMT : pe: 0.181=>0.263 ; ppie: 0.167=>0.167
Prod probability update: HEAP : pe: 0.106=>0.096 ; ppie: 0.167=>0.167
Prod probability update: ID = ARITH_EXPR ; : pe: 0.089=>0.080 ; ppie: 0.167=>0.167
Prod probability update: return POINTER_EXPR ; : pe: 0.406=>0.365 ; ppie: 0.167=>0.167
Prod probability update: if ( BOOL_EXPR ) { CMD } : pe: 0.089=>0.080 ; ppie: 0.167=>0.167
Prod probability update: CMD CMD : pe: 0.130=>0.117 ; ppie: 0.167=>0.167
Prod probability update: BACK : pe: 0.500=>0.500 ; ppie: 0.500=>0.500
Prod probability update: FRONT : pe: 0.500=>0.500 ; ppie: 0.500=>0.500
Prod probability update: INSERT POS CMD : pe: 1.000=>1.000 ; ppie: 1.000=>1.000
Adding new patch: INSERT FRONT return cmsg ;
Adding to Cluster cluster-L237-1
Grammar: :INSERT POS CMD,return POINTER_EXPR ;,POINTER
plausible count: 0
cumulative repetition: 3
Cluster pe increment: RewardType.NO
Cluster ppie increment: RewardType.NO
Prod probability update: cmsg : pe: 0.343=>0.343 ; ppie: 0.333=>0.333
Prod probability update: & ...->msg_control : pe: 0.243=>0.243 ; ppie: 0.333=>0.333
Prod probability update: msg.msg_control : pe: 0.414=>0.414 ; ppie: 0.333=>0.333
Prod probability update: cmsg : pe: 0.343=>0.343 ; ppie: 0.333=>0.333
Prod probability update: & ...->msg_control : pe: 0.243=>0.243 ; ppie: 0.333=>0.333
Prod probability update: msg.msg_control : pe: 0.414=>0.414 ; ppie: 0.333=>0.333
Prod probability update: POINTER : pe: 0.476=>0.476 ; ppie: 0.500=>0.500
Prod probability update: POINTER_CONST : pe: 0.524=>0.524 ; ppie: 0.500=>0.500
Prod probability update: return POINTER_EXPR ; : pe: 0.365=>0.365 ; ppie: 0.167=>0.167
Prod probability update: HEAP : pe: 0.096=>0.096 ; ppie: 0.167=>0.167
Prod probability update: ID = ARITH_EXPR ; : pe: 0.080=>0.080 ; ppie: 0.167=>0.167
Prod probability update: EXIT_STMT : pe: 0.263=>0.263 ; ppie: 0.167=>0.167
Prod probability update: if ( BOOL_EXPR ) { CMD } : pe: 0.080=>0.080 ; ppie: 0.167=>0.167
Prod probability update: CMD CMD : pe: 0.117=>0.117 ; ppie: 0.167=>0.167
Prod probability update: FRONT : pe: 0.500=>0.500 ; ppie: 0.500=>0.500
Prod probability update: BACK : pe: 0.500=>0.500 ; ppie: 0.500=>0.500
Prod probability update: INSERT POS CMD : pe: 1.000=>1.000 ; ppie: 1.000=>1.000
Adding new patch: INSERT BACK return NULL ;
Adding to Cluster cluster-L237-0
Grammar: :INSERT POS CMD,return POINTER_EXPR ;,POINTER_CONST
plausible count: 0
cumulative repetition: 2
Cluster pe increment: RewardType.SMALL
Cluster ppie increment: RewardType.NO
Prod probability update: NULL : pe: 1.000=>1.000 ; ppie: 1.000=>1.000
Prod probability update: POINTER_CONST : pe: 0.524=>0.571 ; ppie: 0.500=>0.500
Prod probability update: POINTER : pe: 0.476=>0.429 ; ppie: 0.500=>0.500
Prod probability update: return POINTER_EXPR ; : pe: 0.365=>0.429 ; ppie: 0.167=>0.167
Prod probability update: HEAP : pe: 0.096=>0.086 ; ppie: 0.167=>0.167
Prod probability update: ID = ARITH_EXPR ; : pe: 0.080=>0.072 ; ppie: 0.167=>0.167
Prod probability update: EXIT_STMT : pe: 0.263=>0.237 ; ppie: 0.167=>0.167
Prod probability update: if ( BOOL_EXPR ) { CMD } : pe: 0.080=>0.072 ; ppie: 0.167=>0.167
Prod probability update: CMD CMD : pe: 0.117=>0.105 ; ppie: 0.167=>0.167
Prod probability update: BACK : pe: 0.500=>0.500 ; ppie: 0.500=>0.500
Prod probability update: FRONT : pe: 0.500=>0.500 ; ppie: 0.500=>0.500
Prod probability update: INSERT POS CMD : pe: 1.000=>1.000 ; ppie: 1.000=>1.000
Adding new patch: INSERT BACK if ( ! ( msg.msg_control != msg.msg_control ) ) { return msg.msg_control ; }
Adding to Cluster cluster-L237-2
Grammar: :INSERT POS CMD,if ( BOOL_EXPR ) { CMD },! ( BOOL_EXPR_S ),COND_POINTER POINTER_OP COND_POINTER,return POINTER_EXPR ;,POINTER
plausible count: 0
cumulative repetition: 2
Cluster pe increment: RewardType.BIG
Cluster ppie increment: RewardType.NO
Prod probability update: msg.msg_control : pe: 0.414=>0.473 ; ppie: 0.333=>0.333
Prod probability update: cmsg : pe: 0.343=>0.309 ; ppie: 0.333=>0.333
Prod probability update: & ...->msg_control : pe: 0.243=>0.219 ; ppie: 0.333=>0.333
Prod probability update: msg.msg_control : pe: 0.414=>0.473 ; ppie: 0.333=>0.333
Prod probability update: cmsg : pe: 0.343=>0.309 ; ppie: 0.333=>0.333
Prod probability update: & ...->msg_control : pe: 0.243=>0.219 ; ppie: 0.333=>0.333
Prod probability update: != : pe: 0.167=>0.167 ; ppie: 0.167=>0.167
Prod probability update: < : pe: 0.167=>0.167 ; ppie: 0.167=>0.167
Prod probability update: <= : pe: 0.167=>0.167 ; ppie: 0.167=>0.167
Prod probability update: == : pe: 0.167=>0.167 ; ppie: 0.167=>0.167
Prod probability update: > : pe: 0.167=>0.167 ; ppie: 0.167=>0.167
Prod probability update: >= : pe: 0.167=>0.167 ; ppie: 0.167=>0.167
Prod probability update: != : pe: 0.500=>0.500 ; ppie: 0.500=>0.500
Prod probability update: == : pe: 0.500=>0.500 ; ppie: 0.500=>0.500
Prod probability update: POINTER : pe: 0.429=>0.486 ; ppie: 0.500=>0.500
Prod probability update: POINTER_CONST : pe: 0.571=>0.514 ; ppie: 0.500=>0.500
Prod probability update: ! ( BOOL_EXPR_S ) : pe: 0.250=>0.250 ; ppie: 0.250=>0.250
Prod probability update: BOOL_EXPR_S || BOOL_EXPR_S : pe: 0.250=>0.250 ; ppie: 0.250=>0.250
Prod probability update: BOOL_EXPR_S && BOOL_EXPR_S : pe: 0.250=>0.250 ; ppie: 0.250=>0.250
Prod probability update: BOOL_EXPR_S : pe: 0.250=>0.250 ; ppie: 0.250=>0.250
Prod probability update: COND_POINTER POINTER_OP COND_POINTER : pe: 0.250=>0.250 ; ppie: 0.250=>0.250
Prod probability update: ARITH_EXPR REL_OP ARITH_EXPR : pe: 0.250=>0.250 ; ppie: 0.250=>0.250
Prod probability update: ARITH_EXPR REL_OP CONST : pe: 0.250=>0.250 ; ppie: 0.250=>0.250
Prod probability update: COND_POINTER POINTER_OP POINTER_CONST : pe: 0.250=>0.250 ; ppie: 0.250=>0.250
Prod probability update: return POINTER_EXPR ; : pe: 0.429=>0.471 ; ppie: 0.167=>0.167
Prod probability update: if ( BOOL_EXPR ) { CMD } : pe: 0.072=>0.079 ; ppie: 0.167=>0.167
Prod probability update: HEAP : pe: 0.086=>0.077 ; ppie: 0.167=>0.167
Prod probability update: ID = ARITH_EXPR ; : pe: 0.072=>0.065 ; ppie: 0.167=>0.167
Prod probability update: EXIT_STMT : pe: 0.237=>0.213 ; ppie: 0.167=>0.167
Prod probability update: CMD CMD : pe: 0.105=>0.095 ; ppie: 0.167=>0.167
Prod probability update: BACK : pe: 0.500=>0.500 ; ppie: 0.500=>0.500
Prod probability update: FRONT : pe: 0.500=>0.500 ; ppie: 0.500=>0.500
Prod probability update: INSERT POS CMD : pe: 1.000=>1.000 ; ppie: 1.000=>1.000
Loc 237: Ending repair loop since time budget is exceeded
Loc 237: Repair loop finished
Repairing Program at location: 238
Loc 238: Getting patch ingredients at fix location
Loc 238: [Codeql] Running statement boundary query
Statement at fix location ends at line 238
[Timer] Duration for codeql-get-stmt-boundary: 14.605s
Loc 238: [Codeql] Running patch ingredient (variable) query
Loc 238: Pointer variables: ['cmsg', '& ...->msg_control', 'msg.msg_control']
Loc 238: Non-pointer variables: ['& ...->msg_controllen', 'cmsg->cmsg_len', 'msg.msg_controllen']
[Timer] Duration for codeql-get-ingredients-variables: 42.028s
Loc 238: [Codeql] Running patch ingredient (constants) query
Loc 238: Constants: ['-1', '1', '0']
[Timer] Duration for codeql-get-consts: 21.585s
Loc 238: Initializing Patch Generator and Cluster Manager
Loc 238: Entering the main repair loop
Loc 238: Total search space size: 861132200499442452838883500105957745884219390945428548859394345958714207510033433828449447421813405887370084649629765994427224617624686191187239833432750258269169151454253574923258824
Loc 238: Ending repair loop since time budget is exceeded
Loc 238: Repair loop finished
[Timer] Accumulated duration for patch-generation: 3.171s
[Timer] Average duration for patch-generation: 0.00103s
[Timer] Accumulated duration for probabilities-update: 0.043s
[Timer] Average duration for probabilities-update: 0.00001s
[Timer] Accumulated duration for patch-signature-generation: 0.276s
[Timer] Average duration for patch-signature-generation: 0.00009s
[Timer] Accumulated duration for footprint-generation: 277.753s
[Timer] Average duration for footprint-generation: 0.09053s
[Timer] Accumulated duration for patch-clustering: 1.202s
[Timer] Average duration for patch-clustering: 0.00039s
Number of prod-rule-combos: 7
Number of plausible prod-rule-combos: 0
Number of clusters: 7
Number of clustered patches: 3068
Average number of patches per cluster:438.286
plausible-prod-combo-1: 0
plausible-prod-combo-2: 0
plausible-prod-combo-3: 0
plausible-prod-combo-4: 0
plausible-prod-combo-5: 0
plausible-prod-combo-6: 0
plausible-prod-combo-7: 0
prod-combo-1: 1
prod-combo-2: 2
prod-combo-3: 2
prod-combo-4: 2
prod-combo-5: 3
prod-combo-6: 1
prod-combo-7: 1
Explored 3068/861132200499442452838883500105957745884321956870595589963659290076741989701826753337417227117909785172498271719772435917364648890499494510069216486596855237115643279059307594838124884(0.000%) patches
[Timer] Duration for total-repair: 521.406s
Validating locally good clusters
Checking which clusters are locally good
Number of locally good clusters: 0
Locally good clusters are: []
[Timer] Duration for total-validation: 0.002s
Finalizing and exiting tool
[Timer] Duration for total-run-time: 600.137s
